[2026-09-11-15:25:09.422] [INFO] [AscendProfiler_ProfilingParser:97] Profiler logger initialized at: /root/minigpt-v09/runs/v09_a3_compact_736dd7b/points/kv-long-tp2-b0/attempt-000/output/profiler/rank_000/rank_000_3659516_20260911152507425_ascend_pt/logs/profiler_20260911152509_3659718_ProfilingParser.log
[2026-09-11-15:25:09.460] [INFO] [AscendProfiler_ProfilingParser:100] TorchOpParser start.
[2026-09-11-15:25:09.460] [INFO] [AscendProfiler_ProfilingParser:82] TaskQueueParser start.
[2026-09-11-15:25:09.497] [INFO] [AscendProfiler_ProfilingParser:208] CANNTimelineParser start.
[2026-09-11-15:25:10.366] [INFO] [AscendProfiler_ProfilingParser:106] TorchOpParser finish.
[2026-09-11-15:25:10.530] [INFO] [AscendProfiler_ProfilingParser:88] TaskQueueParser finish.
[2026-09-11-15:25:10.530] [INFO] [AscendProfiler_ProfilingParser:62] TreeBuildParser start.
[2026-09-11-15:25:10.541] [INFO] [AscendProfiler_ProfilingParser:118] DbPreParser start.
[2026-09-11-15:25:11.259] [INFO] [AscendProfiler_ProfilingParser:70] TreeBuildParser finish.
[2026-09-11-15:25:11.296] [INFO] [AscendProfiler_ProfilingParser:62] MemoryPrepareParser start.
[2026-09-11-15:25:11.602] [INFO] [AscendProfiler_ProfilingParser:75] MemoryPrepareParser finish.
[2026-09-11-15:25:11.733] [INFO] [AscendProfiler_ProfilingParser:129] DbPreParser finish.
[2026-09-11-15:25:19.276] [INFO] [AscendProfiler_ProfilingParser:218] CANNTimelineParser finish.
[2026-09-11-15:25:19.322] [INFO] [AscendProfiler_ProfilingParser:31] RelationParser start.
[2026-09-11-15:25:20.670] [INFO] [AscendProfiler_ProfilingParser:40] DbParser start.
[2026-09-11-15:25:20.971] [INFO] [AscendProfiler_ProfilingParser:38] RelationParser finish.
[2026-09-11-15:25:21.149] [INFO] [AscendProfiler_ProfilingParser:27] BasicDbParser start.
[2026-09-11-15:25:21.165] [INFO] [AscendProfiler_ProfilingParser:40] BasicDbParser finish.
[2026-09-11-15:25:21.165] [INFO] [AscendProfiler_ProfilingParser:31] FwkApiDbParser start.
[2026-09-11-15:25:21.166] [INFO] [AscendProfiler_ProfilingParser:36] FwkApiDbParser get fwk api data finish.
[2026-09-11-15:25:21.447] [INFO] [AscendProfiler_ProfilingParser:38] FwkApiDbParser get api data for db finish.
[2026-09-11-15:25:21.977] [INFO] [AscendProfiler_ProfilingParser:40] FwkApiDbParser save api data to db finish.
[2026-09-11-15:25:21.977] [INFO] [AscendProfiler_ProfilingParser:44] FwkApiDbParser finish.
[2026-09-11-15:25:21.979] [INFO] [AscendProfiler_ProfilingParser:82] MemoryDbParser start.
[2026-09-11-15:25:21.979] [INFO] [AscendProfiler_ProfilingParser:95] MemoryDbParser finish.
[2026-09-11-15:25:21.979] [INFO] [AscendProfiler_ProfilingParser:33] GCRecordDbParser start.
[2026-09-11-15:25:21.980] [INFO] [AscendProfiler_ProfilingParser:41] GCRecordDbParser finish.
[2026-09-11-15:25:21.980] [INFO] [AscendProfiler_ProfilingParser:36] StepInfoDbParser start.
[2026-09-11-15:25:22.356] [INFO] [AscendProfiler_ProfilingParser:43] StepInfoDbParser finish.
[2026-09-11-15:25:22.357] [INFO] [AscendProfiler_ProfilingParser:80] CommunicationDbParser start.
[2026-09-11-15:25:22.388] [INFO] [AscendProfiler_ProfilingParser:88] CommunicationDbParser finish.
[2026-09-11-15:25:22.388] [INFO] [AscendProfiler_ProfilingParser:74] TraceStepTimeDbParser start.
[2026-09-11-15:25:22.564] [INFO] [AscendProfiler_ProfilingParser:83] TraceStepTimeDbParser finish.
[2026-09-11-15:25:22.564] [INFO] [AscendProfiler_ProfilingParser:64] DbParser finish.
[2026-09-11-15:25:23.171] [INFO] [AscendProfiler_ProfilingParser:473] ============================================================
[2026-09-11-15:25:23.171] [INFO] [AscendProfiler_ProfilingParser:474] Task execution completed
[2026-09-11-15:25:23.171] [INFO] [AscendProfiler_ProfilingParser:475] ============================================================
[2026-09-11-15:25:23.171] [INFO] [AscendProfiler_ProfilingParser:478] torch_op                  | PTHREAD         | Succeed    | 0.917s | deps: None
[2026-09-11-15:25:23.171] [INFO] [AscendProfiler_ProfilingParser:478] task_queue                | PTHREAD         | Succeed    | 1.070s | deps: None
[2026-09-11-15:25:23.171] [INFO] [AscendProfiler_ProfilingParser:478] trace_prepare             | SUB_PROCESS     | Succeed    | 1.761s | deps: torch_op, task_queue
[2026-09-11-15:25:23.171] [INFO] [AscendProfiler_ProfilingParser:478] build_tree                | PTHREAD         | Succeed    | 0.740s | deps: torch_op, task_queue
[2026-09-11-15:25:23.171] [INFO] [AscendProfiler_ProfilingParser:478] export                    | SUB_PROCESS     | Succeed    | 11.189s | deps: None
[2026-09-11-15:25:23.171] [INFO] [AscendProfiler_ProfilingParser:478] timeline                  | PTHREAD|NON_BLOCKING | Succeed    | 9.780s | deps: None
[2026-09-11-15:25:23.171] [INFO] [AscendProfiler_ProfilingParser:478] relation                  | PTHREAD         | Succeed    | 1.650s | deps: task_queue, timeline
[2026-09-11-15:25:23.171] [INFO] [AscendProfiler_ProfilingParser:478] memory_prepare            | PTHREAD         | Succeed    | 0.347s | deps: build_tree, task_queue, torch_op
[2026-09-11-15:25:23.171] [INFO] [AscendProfiler_ProfilingParser:478] analyze                   | SUB_PROCESS     | Succeed    | 1.075s | deps: timeline
[2026-09-11-15:25:23.171] [INFO] [AscendProfiler_ProfilingParser:478] operator                  | SUB_PROCESS     | Succeed    | 0.905s | deps: build_tree, timeline, relation, torch_op
[2026-09-11-15:25:23.171] [INFO] [AscendProfiler_ProfilingParser:478] trace                     | SUB_PROCESS     | Succeed    | 3.209s | deps: build_tree, trace_prepare, timeline, task_queue, torch_op
[2026-09-11-15:25:23.171] [INFO] [AscendProfiler_ProfilingParser:478] kernel                    | SUB_PROCESS     | Succeed    | 0.581s | deps: build_tree, export, relation
[2026-09-11-15:25:23.171] [INFO] [AscendProfiler_ProfilingParser:478] step_time                 | SUB_PROCESS     | Succeed    | 1.573s | deps: build_tree, timeline, relation, torch_op
[2026-09-11-15:25:23.171] [INFO] [AscendProfiler_ProfilingParser:478] memory                    | SUB_PROCESS     | Succeed    | 0.302s | deps: export, memory_prepare
[2026-09-11-15:25:23.171] [INFO] [AscendProfiler_ProfilingParser:478] integrate                 | SUB_PROCESS     | Succeed    | 0.507s | deps: export
[2026-09-11-15:25:23.171] [INFO] [AscendProfiler_ProfilingParser:478] communication             | SUB_PROCESS     | Succeed    | 0.099s | deps: build_tree, analyze, relation
[2026-09-11-15:25:23.171] [INFO] [AscendProfiler_ProfilingParser:478] db_prepare                | PTHREAD         | Succeed    | 1.202s | deps: torch_op, task_queue
[2026-09-11-15:25:23.171] [INFO] [AscendProfiler_ProfilingParser:478] torch_db                  | PTHREAD         | Succeed    | 1.922s | deps: export, memory_prepare, build_tree, analyze, db_prepare
