[2026-09-11-15:29:49.195] [INFO] [AscendProfiler_ProfilingParser:97] Profiler logger initialized at: /root/minigpt-v09/runs/v09_a3_compact_736dd7b/points/kv-long-tp2-a1/attempt-000/output/profiler/rank_001/rank_001_3661235_20260911152947681_ascend_pt/logs/profiler_20260911152949_3661447_ProfilingParser.log
[2026-09-11-15:29:49.235] [INFO] [AscendProfiler_ProfilingParser:100] TorchOpParser start.
[2026-09-11-15:29:49.235] [INFO] [AscendProfiler_ProfilingParser:82] TaskQueueParser start.
[2026-09-11-15:29:49.265] [INFO] [AscendProfiler_ProfilingParser:208] CANNTimelineParser start.
[2026-09-11-15:29:49.968] [INFO] [AscendProfiler_ProfilingParser:106] TorchOpParser finish.
[2026-09-11-15:29:50.149] [INFO] [AscendProfiler_ProfilingParser:88] TaskQueueParser finish.
[2026-09-11-15:29:50.184] [INFO] [AscendProfiler_ProfilingParser:62] TreeBuildParser start.
[2026-09-11-15:29:50.186] [INFO] [AscendProfiler_ProfilingParser:118] DbPreParser start.
[2026-09-11-15:29:50.848] [INFO] [AscendProfiler_ProfilingParser:70] TreeBuildParser finish.
[2026-09-11-15:29:50.947] [INFO] [AscendProfiler_ProfilingParser:62] MemoryPrepareParser start.
[2026-09-11-15:29:51.182] [INFO] [AscendProfiler_ProfilingParser:129] DbPreParser finish.
[2026-09-11-15:29:51.230] [INFO] [AscendProfiler_ProfilingParser:75] MemoryPrepareParser finish.
[2026-09-11-15:29:56.567] [INFO] [AscendProfiler_ProfilingParser:218] CANNTimelineParser finish.
[2026-09-11-15:29:56.568] [INFO] [AscendProfiler_ProfilingParser:31] RelationParser start.
[2026-09-11-15:29:57.663] [INFO] [AscendProfiler_ProfilingParser:40] DbParser start.
[2026-09-11-15:29:58.013] [INFO] [AscendProfiler_ProfilingParser:38] RelationParser finish.
[2026-09-11-15:29:58.013] [INFO] [AscendProfiler_ProfilingParser:27] BasicDbParser start.
[2026-09-11-15:29:58.181] [INFO] [AscendProfiler_ProfilingParser:40] BasicDbParser finish.
[2026-09-11-15:29:58.181] [INFO] [AscendProfiler_ProfilingParser:31] FwkApiDbParser start.
[2026-09-11-15:29:58.181] [INFO] [AscendProfiler_ProfilingParser:36] FwkApiDbParser get fwk api data finish.
[2026-09-11-15:29:58.396] [INFO] [AscendProfiler_ProfilingParser:38] FwkApiDbParser get api data for db finish.
[2026-09-11-15:29:58.926] [INFO] [AscendProfiler_ProfilingParser:40] FwkApiDbParser save api data to db finish.
[2026-09-11-15:29:58.926] [INFO] [AscendProfiler_ProfilingParser:44] FwkApiDbParser finish.
[2026-09-11-15:29:58.928] [INFO] [AscendProfiler_ProfilingParser:82] MemoryDbParser start.
[2026-09-11-15:29:58.929] [INFO] [AscendProfiler_ProfilingParser:95] MemoryDbParser finish.
[2026-09-11-15:29:58.929] [INFO] [AscendProfiler_ProfilingParser:33] GCRecordDbParser start.
[2026-09-11-15:29:58.929] [INFO] [AscendProfiler_ProfilingParser:41] GCRecordDbParser finish.
[2026-09-11-15:29:58.930] [INFO] [AscendProfiler_ProfilingParser:36] StepInfoDbParser start.
[2026-09-11-15:29:59.233] [INFO] [AscendProfiler_ProfilingParser:43] StepInfoDbParser finish.
[2026-09-11-15:29:59.233] [INFO] [AscendProfiler_ProfilingParser:80] CommunicationDbParser start.
[2026-09-11-15:29:59.266] [INFO] [AscendProfiler_ProfilingParser:88] CommunicationDbParser finish.
[2026-09-11-15:29:59.266] [INFO] [AscendProfiler_ProfilingParser:74] TraceStepTimeDbParser start.
[2026-09-11-15:29:59.425] [INFO] [AscendProfiler_ProfilingParser:83] TraceStepTimeDbParser finish.
[2026-09-11-15:29:59.426] [INFO] [AscendProfiler_ProfilingParser:64] DbParser finish.
[2026-09-11-15:29:59.960] [INFO] [AscendProfiler_ProfilingParser:473] ============================================================
[2026-09-11-15:29:59.960] [INFO] [AscendProfiler_ProfilingParser:474] Task execution completed
[2026-09-11-15:29:59.960] [INFO] [AscendProfiler_ProfilingParser:475] ============================================================
[2026-09-11-15:29:59.960] [INFO] [AscendProfiler_ProfilingParser:478] torch_op                  | PTHREAD         | Succeed    | 0.744s | deps: None
[2026-09-11-15:29:59.960] [INFO] [AscendProfiler_ProfilingParser:478] task_queue                | PTHREAD         | Succeed    | 0.914s | deps: None
[2026-09-11-15:29:59.960] [INFO] [AscendProfiler_ProfilingParser:478] trace_prepare             | SUB_PROCESS     | Succeed    | 1.529s | deps: torch_op, task_queue
[2026-09-11-15:29:59.960] [INFO] [AscendProfiler_ProfilingParser:478] build_tree                | PTHREAD         | Succeed    | 0.675s | deps: torch_op, task_queue
[2026-09-11-15:29:59.960] [INFO] [AscendProfiler_ProfilingParser:478] export                    | SUB_PROCESS     | Succeed    | 8.229s | deps: None
[2026-09-11-15:29:59.960] [INFO] [AscendProfiler_ProfilingParser:478] timeline                  | PTHREAD|NON_BLOCKING | Succeed    | 7.304s | deps: None
[2026-09-11-15:29:59.960] [INFO] [AscendProfiler_ProfilingParser:478] relation                  | PTHREAD         | Succeed    | 1.446s | deps: task_queue, timeline
[2026-09-11-15:29:59.961] [INFO] [AscendProfiler_ProfilingParser:478] memory_prepare            | PTHREAD         | Succeed    | 0.372s | deps: build_tree, task_queue, torch_op
[2026-09-11-15:29:59.961] [INFO] [AscendProfiler_ProfilingParser:478] analyze                   | SUB_PROCESS     | Succeed    | 1.069s | deps: timeline
[2026-09-11-15:29:59.961] [INFO] [AscendProfiler_ProfilingParser:478] operator                  | SUB_PROCESS     | Succeed    | 0.768s | deps: build_tree, timeline, relation, torch_op
[2026-09-11-15:29:59.961] [INFO] [AscendProfiler_ProfilingParser:478] trace                     | SUB_PROCESS     | Succeed    | 2.295s | deps: build_tree, trace_prepare, timeline, task_queue, torch_op
[2026-09-11-15:29:59.961] [INFO] [AscendProfiler_ProfilingParser:478] kernel                    | SUB_PROCESS     | Succeed    | 0.436s | deps: build_tree, export, relation
[2026-09-11-15:29:59.961] [INFO] [AscendProfiler_ProfilingParser:478] step_time                 | SUB_PROCESS     | Succeed    | 1.265s | deps: build_tree, timeline, relation, torch_op
[2026-09-11-15:29:59.961] [INFO] [AscendProfiler_ProfilingParser:478] memory                    | SUB_PROCESS     | Succeed    | 0.075s | deps: export, memory_prepare
[2026-09-11-15:29:59.961] [INFO] [AscendProfiler_ProfilingParser:478] integrate                 | SUB_PROCESS     | Succeed    | 0.354s | deps: export
[2026-09-11-15:29:59.961] [INFO] [AscendProfiler_ProfilingParser:478] communication             | SUB_PROCESS     | Succeed    | 0.086s | deps: build_tree, analyze, relation
[2026-09-11-15:29:59.961] [INFO] [AscendProfiler_ProfilingParser:478] db_prepare                | PTHREAD         | Succeed    | 1.018s | deps: torch_op, task_queue
[2026-09-11-15:29:59.961] [INFO] [AscendProfiler_ProfilingParser:478] torch_db                  | PTHREAD         | Succeed    | 1.791s | deps: export, memory_prepare, build_tree, analyze, db_prepare
