[2026-09-11-15:37:55.265] [INFO] [AscendProfiler_ProfilingParser:97] Profiler logger initialized at: /root/minigpt-v09/runs/v09_a3_compact_736dd7b/points/tp-short-2-vs-8-b1/attempt-000/output/profiler/rank_004/rank_004_3666667_20260911153752434_ascend_pt/logs/profiler_20260911153755_3667708_ProfilingParser.log
[2026-09-11-15:37:55.307] [INFO] [AscendProfiler_ProfilingParser:100] TorchOpParser start.
[2026-09-11-15:37:55.308] [INFO] [AscendProfiler_ProfilingParser:82] TaskQueueParser start.
[2026-09-11-15:37:55.347] [INFO] [AscendProfiler_ProfilingParser:208] CANNTimelineParser start.
[2026-09-11-15:37:56.226] [INFO] [AscendProfiler_ProfilingParser:106] TorchOpParser finish.
[2026-09-11-15:37:56.386] [INFO] [AscendProfiler_ProfilingParser:88] TaskQueueParser finish.
[2026-09-11-15:37:56.386] [INFO] [AscendProfiler_ProfilingParser:62] TreeBuildParser start.
[2026-09-11-15:37:56.611] [INFO] [AscendProfiler_ProfilingParser:118] DbPreParser start.
[2026-09-11-15:37:57.478] [INFO] [AscendProfiler_ProfilingParser:70] TreeBuildParser finish.
[2026-09-11-15:37:57.514] [INFO] [AscendProfiler_ProfilingParser:62] MemoryPrepareParser start.
[2026-09-11-15:37:57.802] [INFO] [AscendProfiler_ProfilingParser:75] MemoryPrepareParser finish.
[2026-09-11-15:37:57.983] [INFO] [AscendProfiler_ProfilingParser:129] DbPreParser finish.
[2026-09-11-15:38:04.118] [INFO] [AscendProfiler_ProfilingParser:218] CANNTimelineParser finish.
[2026-09-11-15:38:04.228] [INFO] [AscendProfiler_ProfilingParser:31] RelationParser start.
[2026-09-11-15:38:05.796] [INFO] [AscendProfiler_ProfilingParser:38] RelationParser finish.
[2026-09-11-15:38:05.799] [INFO] [AscendProfiler_ProfilingParser:40] DbParser start.
[2026-09-11-15:38:06.026] [INFO] [AscendProfiler_ProfilingParser:27] BasicDbParser start.
[2026-09-11-15:38:06.049] [INFO] [AscendProfiler_ProfilingParser:40] BasicDbParser finish.
[2026-09-11-15:38:06.049] [INFO] [AscendProfiler_ProfilingParser:31] FwkApiDbParser start.
[2026-09-11-15:38:06.050] [INFO] [AscendProfiler_ProfilingParser:36] FwkApiDbParser get fwk api data finish.
[2026-09-11-15:38:06.522] [INFO] [AscendProfiler_ProfilingParser:38] FwkApiDbParser get api data for db finish.
[2026-09-11-15:38:07.127] [INFO] [AscendProfiler_ProfilingParser:40] FwkApiDbParser save api data to db finish.
[2026-09-11-15:38:07.128] [INFO] [AscendProfiler_ProfilingParser:44] FwkApiDbParser finish.
[2026-09-11-15:38:07.129] [INFO] [AscendProfiler_ProfilingParser:82] MemoryDbParser start.
[2026-09-11-15:38:07.130] [INFO] [AscendProfiler_ProfilingParser:95] MemoryDbParser finish.
[2026-09-11-15:38:07.130] [INFO] [AscendProfiler_ProfilingParser:33] GCRecordDbParser start.
[2026-09-11-15:38:07.130] [INFO] [AscendProfiler_ProfilingParser:41] GCRecordDbParser finish.
[2026-09-11-15:38:07.131] [INFO] [AscendProfiler_ProfilingParser:36] StepInfoDbParser start.
[2026-09-11-15:38:07.453] [INFO] [AscendProfiler_ProfilingParser:43] StepInfoDbParser finish.
[2026-09-11-15:38:07.453] [INFO] [AscendProfiler_ProfilingParser:80] CommunicationDbParser start.
[2026-09-11-15:38:07.500] [INFO] [AscendProfiler_ProfilingParser:88] CommunicationDbParser finish.
[2026-09-11-15:38:07.501] [INFO] [AscendProfiler_ProfilingParser:74] TraceStepTimeDbParser start.
[2026-09-11-15:38:07.706] [INFO] [AscendProfiler_ProfilingParser:83] TraceStepTimeDbParser finish.
[2026-09-11-15:38:07.707] [INFO] [AscendProfiler_ProfilingParser:64] DbParser finish.
[2026-09-11-15:38:08.332] [INFO] [AscendProfiler_ProfilingParser:473] ============================================================
[2026-09-11-15:38:08.333] [INFO] [AscendProfiler_ProfilingParser:474] Task execution completed
[2026-09-11-15:38:08.333] [INFO] [AscendProfiler_ProfilingParser:475] ============================================================
[2026-09-11-15:38:08.333] [INFO] [AscendProfiler_ProfilingParser:478] torch_op                  | PTHREAD         | Succeed    | 0.935s | deps: None
[2026-09-11-15:38:08.333] [INFO] [AscendProfiler_ProfilingParser:478] task_queue                | PTHREAD         | Succeed    | 1.078s | deps: None
[2026-09-11-15:38:08.333] [INFO] [AscendProfiler_ProfilingParser:478] trace_prepare             | SUB_PROCESS     | Succeed    | 2.202s | deps: torch_op, task_queue
[2026-09-11-15:38:08.333] [INFO] [AscendProfiler_ProfilingParser:478] build_tree                | PTHREAD         | Succeed    | 1.102s | deps: torch_op, task_queue
[2026-09-11-15:38:08.333] [INFO] [AscendProfiler_ProfilingParser:478] export                    | SUB_PROCESS     | Succeed    | 10.178s | deps: None
[2026-09-11-15:38:08.333] [INFO] [AscendProfiler_ProfilingParser:478] timeline                  | PTHREAD|NON_BLOCKING | Succeed    | 8.773s | deps: None
[2026-09-11-15:38:08.333] [INFO] [AscendProfiler_ProfilingParser:478] relation                  | PTHREAD         | Succeed    | 1.574s | deps: task_queue, timeline
[2026-09-11-15:38:08.333] [INFO] [AscendProfiler_ProfilingParser:478] memory_prepare            | PTHREAD         | Succeed    | 0.320s | deps: build_tree, task_queue, torch_op
[2026-09-11-15:38:08.333] [INFO] [AscendProfiler_ProfilingParser:478] analyze                   | SUB_PROCESS     | Succeed    | 1.087s | deps: timeline
[2026-09-11-15:38:08.333] [INFO] [AscendProfiler_ProfilingParser:478] operator                  | SUB_PROCESS     | Succeed    | 1.194s | deps: build_tree, timeline, relation, torch_op
[2026-09-11-15:38:08.333] [INFO] [AscendProfiler_ProfilingParser:478] trace                     | SUB_PROCESS     | Succeed    | 3.532s | deps: build_tree, trace_prepare, timeline, task_queue, torch_op
[2026-09-11-15:38:08.333] [INFO] [AscendProfiler_ProfilingParser:478] kernel                    | SUB_PROCESS     | Succeed    | 0.789s | deps: build_tree, export, relation
[2026-09-11-15:38:08.333] [INFO] [AscendProfiler_ProfilingParser:478] step_time                 | SUB_PROCESS     | Succeed    | 1.703s | deps: build_tree, timeline, relation, torch_op
[2026-09-11-15:38:08.333] [INFO] [AscendProfiler_ProfilingParser:478] memory                    | SUB_PROCESS     | Succeed    | 0.122s | deps: export, memory_prepare
[2026-09-11-15:38:08.333] [INFO] [AscendProfiler_ProfilingParser:478] integrate                 | SUB_PROCESS     | Succeed    | 0.632s | deps: export
[2026-09-11-15:38:08.333] [INFO] [AscendProfiler_ProfilingParser:478] communication             | SUB_PROCESS     | Succeed    | 0.200s | deps: build_tree, analyze, relation
[2026-09-11-15:38:08.333] [INFO] [AscendProfiler_ProfilingParser:478] db_prepare                | PTHREAD         | Succeed    | 1.417s | deps: torch_op, task_queue
[2026-09-11-15:38:08.333] [INFO] [AscendProfiler_ProfilingParser:478] torch_db                  | PTHREAD         | Succeed    | 1.943s | deps: export, memory_prepare, build_tree, analyze, db_prepare
