[2026-09-11-15:14:20.286] [INFO] [AscendProfiler_ProfilingParser:97] Profiler logger initialized at: /root/minigpt-v09/runs/v09_a3_compact_4a85f42/points/kv-long-tp2-a0/attempt-000/output/profiler/rank_000/rank_000_3653019_20260911151418697_ascend_pt/logs/profiler_20260911151420_3653225_ProfilingParser.log
[2026-09-11-15:14:20.324] [INFO] [AscendProfiler_ProfilingParser:100] TorchOpParser start.
[2026-09-11-15:14:20.324] [INFO] [AscendProfiler_ProfilingParser:82] TaskQueueParser start.
[2026-09-11-15:14:20.351] [INFO] [AscendProfiler_ProfilingParser:208] CANNTimelineParser start.
[2026-09-11-15:14:21.094] [INFO] [AscendProfiler_ProfilingParser:106] TorchOpParser finish.
[2026-09-11-15:14:21.239] [INFO] [AscendProfiler_ProfilingParser:88] TaskQueueParser finish.
[2026-09-11-15:14:21.239] [INFO] [AscendProfiler_ProfilingParser:118] DbPreParser start.
[2026-09-11-15:14:21.245] [INFO] [AscendProfiler_ProfilingParser:62] TreeBuildParser start.
[2026-09-11-15:14:22.060] [INFO] [AscendProfiler_ProfilingParser:70] TreeBuildParser finish.
[2026-09-11-15:14:22.086] [INFO] [AscendProfiler_ProfilingParser:62] MemoryPrepareParser start.
[2026-09-11-15:14:22.127] [INFO] [AscendProfiler_ProfilingParser:129] DbPreParser finish.
[2026-09-11-15:14:22.224] [INFO] [AscendProfiler_ProfilingParser:75] MemoryPrepareParser finish.
[2026-09-11-15:14:27.792] [INFO] [AscendProfiler_ProfilingParser:218] CANNTimelineParser finish.
[2026-09-11-15:14:27.792] [INFO] [AscendProfiler_ProfilingParser:31] RelationParser start.
[2026-09-11-15:14:28.927] [INFO] [AscendProfiler_ProfilingParser:40] DbParser start.
[2026-09-11-15:14:29.240] [INFO] [AscendProfiler_ProfilingParser:38] RelationParser finish.
[2026-09-11-15:14:29.241] [INFO] [AscendProfiler_ProfilingParser:27] BasicDbParser start.
[2026-09-11-15:14:29.417] [INFO] [AscendProfiler_ProfilingParser:40] BasicDbParser finish.
[2026-09-11-15:14:29.417] [INFO] [AscendProfiler_ProfilingParser:31] FwkApiDbParser start.
[2026-09-11-15:14:29.417] [INFO] [AscendProfiler_ProfilingParser:36] FwkApiDbParser get fwk api data finish.
[2026-09-11-15:14:29.641] [INFO] [AscendProfiler_ProfilingParser:38] FwkApiDbParser get api data for db finish.
[2026-09-11-15:14:30.103] [INFO] [AscendProfiler_ProfilingParser:40] FwkApiDbParser save api data to db finish.
[2026-09-11-15:14:30.103] [INFO] [AscendProfiler_ProfilingParser:44] FwkApiDbParser finish.
[2026-09-11-15:14:30.104] [INFO] [AscendProfiler_ProfilingParser:82] MemoryDbParser start.
[2026-09-11-15:14:30.105] [INFO] [AscendProfiler_ProfilingParser:95] MemoryDbParser finish.
[2026-09-11-15:14:30.105] [INFO] [AscendProfiler_ProfilingParser:33] GCRecordDbParser start.
[2026-09-11-15:14:30.105] [INFO] [AscendProfiler_ProfilingParser:41] GCRecordDbParser finish.
[2026-09-11-15:14:30.105] [INFO] [AscendProfiler_ProfilingParser:36] StepInfoDbParser start.
[2026-09-11-15:14:30.419] [INFO] [AscendProfiler_ProfilingParser:43] StepInfoDbParser finish.
[2026-09-11-15:14:30.420] [INFO] [AscendProfiler_ProfilingParser:80] CommunicationDbParser start.
[2026-09-11-15:14:30.451] [INFO] [AscendProfiler_ProfilingParser:88] CommunicationDbParser finish.
[2026-09-11-15:14:30.452] [INFO] [AscendProfiler_ProfilingParser:74] TraceStepTimeDbParser start.
[2026-09-11-15:14:30.616] [INFO] [AscendProfiler_ProfilingParser:83] TraceStepTimeDbParser finish.
[2026-09-11-15:14:30.617] [INFO] [AscendProfiler_ProfilingParser:64] DbParser finish.
[2026-09-11-15:14:31.144] [INFO] [AscendProfiler_ProfilingParser:473] ============================================================
[2026-09-11-15:14:31.144] [INFO] [AscendProfiler_ProfilingParser:474] Task execution completed
[2026-09-11-15:14:31.144] [INFO] [AscendProfiler_ProfilingParser:475] ============================================================
[2026-09-11-15:14:31.144] [INFO] [AscendProfiler_ProfilingParser:478] torch_op                  | PTHREAD         | Succeed    | 0.781s | deps: None
[2026-09-11-15:14:31.144] [INFO] [AscendProfiler_ProfilingParser:478] task_queue                | PTHREAD         | Succeed    | 0.915s | deps: None
[2026-09-11-15:14:31.144] [INFO] [AscendProfiler_ProfilingParser:478] trace_prepare             | SUB_PROCESS     | Succeed    | 1.594s | deps: torch_op, task_queue
[2026-09-11-15:14:31.144] [INFO] [AscendProfiler_ProfilingParser:478] build_tree                | PTHREAD         | Succeed    | 0.826s | deps: torch_op, task_queue
[2026-09-11-15:14:31.144] [INFO] [AscendProfiler_ProfilingParser:478] export                    | SUB_PROCESS     | Succeed    | 8.335s | deps: None
[2026-09-11-15:14:31.144] [INFO] [AscendProfiler_ProfilingParser:478] timeline                  | PTHREAD|NON_BLOCKING | Succeed    | 7.443s | deps: None
[2026-09-11-15:14:31.144] [INFO] [AscendProfiler_ProfilingParser:478] relation                  | PTHREAD         | Succeed    | 1.449s | deps: task_queue, timeline
[2026-09-11-15:14:31.144] [INFO] [AscendProfiler_ProfilingParser:478] memory_prepare            | PTHREAD         | Succeed    | 0.159s | deps: build_tree, task_queue, torch_op
[2026-09-11-15:14:31.144] [INFO] [AscendProfiler_ProfilingParser:478] analyze                   | SUB_PROCESS     | Succeed    | 1.083s | deps: timeline
[2026-09-11-15:14:31.144] [INFO] [AscendProfiler_ProfilingParser:478] operator                  | SUB_PROCESS     | Succeed    | 0.745s | deps: build_tree, timeline, relation, torch_op
[2026-09-11-15:14:31.144] [INFO] [AscendProfiler_ProfilingParser:478] trace                     | SUB_PROCESS     | Succeed    | 2.419s | deps: build_tree, trace_prepare, timeline, task_queue, torch_op
[2026-09-11-15:14:31.144] [INFO] [AscendProfiler_ProfilingParser:478] kernel                    | SUB_PROCESS     | Succeed    | 0.427s | deps: build_tree, export, relation
[2026-09-11-15:14:31.144] [INFO] [AscendProfiler_ProfilingParser:478] step_time                 | SUB_PROCESS     | Succeed    | 1.298s | deps: build_tree, timeline, relation, torch_op
[2026-09-11-15:14:31.144] [INFO] [AscendProfiler_ProfilingParser:478] memory                    | SUB_PROCESS     | Succeed    | 0.095s | deps: export, memory_prepare
[2026-09-11-15:14:31.144] [INFO] [AscendProfiler_ProfilingParser:478] integrate                 | SUB_PROCESS     | Succeed    | 0.361s | deps: export
[2026-09-11-15:14:31.145] [INFO] [AscendProfiler_ProfilingParser:478] communication             | SUB_PROCESS     | Succeed    | 0.081s | deps: build_tree, analyze, relation
[2026-09-11-15:14:31.145] [INFO] [AscendProfiler_ProfilingParser:478] db_prepare                | PTHREAD         | Succeed    | 0.889s | deps: torch_op, task_queue
[2026-09-11-15:14:31.145] [INFO] [AscendProfiler_ProfilingParser:478] torch_db                  | PTHREAD         | Succeed    | 1.712s | deps: export, memory_prepare, build_tree, analyze, db_prepare
