[2026-09-11-15:34:57.307] [INFO] [AscendProfiler_ProfilingParser:97] Profiler logger initialized at: /root/minigpt-v09/runs/v09_a3_compact_736dd7b/points/tp-short-2-vs-8-b0/attempt-000/output/profiler/rank_007/rank_007_3663169_20260911153455075_ascend_pt/logs/profiler_20260911153457_3664180_ProfilingParser.log
[2026-09-11-15:34:57.358] [INFO] [AscendProfiler_ProfilingParser:100] TorchOpParser start.
[2026-09-11-15:34:57.359] [INFO] [AscendProfiler_ProfilingParser:82] TaskQueueParser start.
[2026-09-11-15:34:57.418] [INFO] [AscendProfiler_ProfilingParser:208] CANNTimelineParser start.
[2026-09-11-15:34:58.390] [INFO] [AscendProfiler_ProfilingParser:106] TorchOpParser finish.
[2026-09-11-15:34:58.525] [INFO] [AscendProfiler_ProfilingParser:88] TaskQueueParser finish.
[2026-09-11-15:34:58.526] [INFO] [AscendProfiler_ProfilingParser:62] TreeBuildParser start.
[2026-09-11-15:34:58.527] [INFO] [AscendProfiler_ProfilingParser:118] DbPreParser start.
[2026-09-11-15:34:59.328] [INFO] [AscendProfiler_ProfilingParser:70] TreeBuildParser finish.
[2026-09-11-15:34:59.371] [INFO] [AscendProfiler_ProfilingParser:62] MemoryPrepareParser start.
[2026-09-11-15:34:59.664] [INFO] [AscendProfiler_ProfilingParser:75] MemoryPrepareParser finish.
[2026-09-11-15:34:59.772] [INFO] [AscendProfiler_ProfilingParser:129] DbPreParser finish.
[2026-09-11-15:35:06.211] [INFO] [AscendProfiler_ProfilingParser:218] CANNTimelineParser finish.
[2026-09-11-15:35:06.252] [INFO] [AscendProfiler_ProfilingParser:31] RelationParser start.
[2026-09-11-15:35:07.715] [INFO] [AscendProfiler_ProfilingParser:38] RelationParser finish.
[2026-09-11-15:35:07.794] [INFO] [AscendProfiler_ProfilingParser:40] DbParser start.
[2026-09-11-15:35:08.014] [INFO] [AscendProfiler_ProfilingParser:27] BasicDbParser start.
[2026-09-11-15:35:08.028] [INFO] [AscendProfiler_ProfilingParser:40] BasicDbParser finish.
[2026-09-11-15:35:08.029] [INFO] [AscendProfiler_ProfilingParser:31] FwkApiDbParser start.
[2026-09-11-15:35:08.029] [INFO] [AscendProfiler_ProfilingParser:36] FwkApiDbParser get fwk api data finish.
[2026-09-11-15:35:08.384] [INFO] [AscendProfiler_ProfilingParser:38] FwkApiDbParser get api data for db finish.
[2026-09-11-15:35:09.166] [INFO] [AscendProfiler_ProfilingParser:40] FwkApiDbParser save api data to db finish.
[2026-09-11-15:35:09.166] [INFO] [AscendProfiler_ProfilingParser:44] FwkApiDbParser finish.
[2026-09-11-15:35:09.169] [INFO] [AscendProfiler_ProfilingParser:82] MemoryDbParser start.
[2026-09-11-15:35:09.170] [INFO] [AscendProfiler_ProfilingParser:95] MemoryDbParser finish.
[2026-09-11-15:35:09.170] [INFO] [AscendProfiler_ProfilingParser:33] GCRecordDbParser start.
[2026-09-11-15:35:09.170] [INFO] [AscendProfiler_ProfilingParser:41] GCRecordDbParser finish.
[2026-09-11-15:35:09.170] [INFO] [AscendProfiler_ProfilingParser:36] StepInfoDbParser start.
[2026-09-11-15:35:09.576] [INFO] [AscendProfiler_ProfilingParser:43] StepInfoDbParser finish.
[2026-09-11-15:35:09.577] [INFO] [AscendProfiler_ProfilingParser:80] CommunicationDbParser start.
[2026-09-11-15:35:09.621] [INFO] [AscendProfiler_ProfilingParser:88] CommunicationDbParser finish.
[2026-09-11-15:35:09.622] [INFO] [AscendProfiler_ProfilingParser:74] TraceStepTimeDbParser start.
[2026-09-11-15:35:09.785] [INFO] [AscendProfiler_ProfilingParser:83] TraceStepTimeDbParser finish.
[2026-09-11-15:35:09.785] [INFO] [AscendProfiler_ProfilingParser:64] DbParser finish.
[2026-09-11-15:35:10.288] [INFO] [AscendProfiler_ProfilingParser:473] ============================================================
[2026-09-11-15:35:10.288] [INFO] [AscendProfiler_ProfilingParser:474] Task execution completed
[2026-09-11-15:35:10.288] [INFO] [AscendProfiler_ProfilingParser:475] ============================================================
[2026-09-11-15:35:10.288] [INFO] [AscendProfiler_ProfilingParser:478] torch_op                  | PTHREAD         | Succeed    | 1.043s | deps: None
[2026-09-11-15:35:10.288] [INFO] [AscendProfiler_ProfilingParser:478] task_queue                | PTHREAD         | Succeed    | 1.167s | deps: None
[2026-09-11-15:35:10.288] [INFO] [AscendProfiler_ProfilingParser:478] trace_prepare             | SUB_PROCESS     | Succeed    | 1.924s | deps: torch_op, task_queue
[2026-09-11-15:35:10.288] [INFO] [AscendProfiler_ProfilingParser:478] build_tree                | PTHREAD         | Succeed    | 0.823s | deps: torch_op, task_queue
[2026-09-11-15:35:10.288] [INFO] [AscendProfiler_ProfilingParser:478] export                    | SUB_PROCESS     | Succeed    | 10.325s | deps: None
[2026-09-11-15:35:10.288] [INFO] [AscendProfiler_ProfilingParser:478] timeline                  | PTHREAD|NON_BLOCKING | Succeed    | 8.794s | deps: None
[2026-09-11-15:35:10.288] [INFO] [AscendProfiler_ProfilingParser:478] relation                  | PTHREAD         | Succeed    | 1.586s | deps: task_queue, timeline
[2026-09-11-15:35:10.288] [INFO] [AscendProfiler_ProfilingParser:478] memory_prepare            | PTHREAD         | Succeed    | 0.325s | deps: build_tree, task_queue, torch_op
[2026-09-11-15:35:10.288] [INFO] [AscendProfiler_ProfilingParser:478] analyze                   | SUB_PROCESS     | Succeed    | 1.074s | deps: timeline
[2026-09-11-15:35:10.289] [INFO] [AscendProfiler_ProfilingParser:478] operator                  | SUB_PROCESS     | Succeed    | 1.007s | deps: build_tree, timeline, relation, torch_op
[2026-09-11-15:35:10.289] [INFO] [AscendProfiler_ProfilingParser:478] trace                     | SUB_PROCESS     | Succeed    | 2.618s | deps: build_tree, trace_prepare, timeline, task_queue, torch_op
[2026-09-11-15:35:10.289] [INFO] [AscendProfiler_ProfilingParser:478] kernel                    | SUB_PROCESS     | Succeed    | 0.577s | deps: build_tree, export, relation
[2026-09-11-15:35:10.289] [INFO] [AscendProfiler_ProfilingParser:478] step_time                 | SUB_PROCESS     | Succeed    | 1.478s | deps: build_tree, timeline, relation, torch_op
[2026-09-11-15:35:10.289] [INFO] [AscendProfiler_ProfilingParser:478] memory                    | SUB_PROCESS     | Succeed    | 0.220s | deps: export, memory_prepare
[2026-09-11-15:35:10.289] [INFO] [AscendProfiler_ProfilingParser:478] integrate                 | SUB_PROCESS     | Succeed    | 0.421s | deps: export
[2026-09-11-15:35:10.289] [INFO] [AscendProfiler_ProfilingParser:478] communication             | SUB_PROCESS     | Succeed    | 0.177s | deps: build_tree, analyze, relation
[2026-09-11-15:35:10.289] [INFO] [AscendProfiler_ProfilingParser:478] db_prepare                | PTHREAD         | Succeed    | 1.246s | deps: torch_op, task_queue
[2026-09-11-15:35:10.289] [INFO] [AscendProfiler_ProfilingParser:478] torch_db                  | PTHREAD         | Succeed    | 1.994s | deps: export, memory_prepare, build_tree, analyze, db_prepare
