[2026-09-11-15:29:49.179] [INFO] [AscendProfiler_ProfilingParser:97] Profiler logger initialized at: /root/minigpt-v09/runs/v09_a3_compact_736dd7b/points/kv-long-tp2-a1/attempt-000/output/profiler/rank_000/rank_000_3661234_20260911152947681_ascend_pt/logs/profiler_20260911152949_3661442_ProfilingParser.log
[2026-09-11-15:29:49.220] [INFO] [AscendProfiler_ProfilingParser:100] TorchOpParser start.
[2026-09-11-15:29:49.220] [INFO] [AscendProfiler_ProfilingParser:82] TaskQueueParser start.
[2026-09-11-15:29:49.266] [INFO] [AscendProfiler_ProfilingParser:208] CANNTimelineParser start.
[2026-09-11-15:29:50.030] [INFO] [AscendProfiler_ProfilingParser:106] TorchOpParser finish.
[2026-09-11-15:29:50.179] [INFO] [AscendProfiler_ProfilingParser:88] TaskQueueParser finish.
[2026-09-11-15:29:50.180] [INFO] [AscendProfiler_ProfilingParser:62] TreeBuildParser start.
[2026-09-11-15:29:50.307] [INFO] [AscendProfiler_ProfilingParser:118] DbPreParser start.
[2026-09-11-15:29:50.915] [INFO] [AscendProfiler_ProfilingParser:70] TreeBuildParser finish.
[2026-09-11-15:29:50.977] [INFO] [AscendProfiler_ProfilingParser:62] MemoryPrepareParser start.
[2026-09-11-15:29:51.264] [INFO] [AscendProfiler_ProfilingParser:75] MemoryPrepareParser finish.
[2026-09-11-15:29:51.280] [INFO] [AscendProfiler_ProfilingParser:129] DbPreParser finish.
[2026-09-11-15:29:56.685] [INFO] [AscendProfiler_ProfilingParser:218] CANNTimelineParser finish.
[2026-09-11-15:29:56.742] [INFO] [AscendProfiler_ProfilingParser:31] RelationParser start.
[2026-09-11-15:29:57.862] [INFO] [AscendProfiler_ProfilingParser:40] DbParser start.
[2026-09-11-15:29:58.052] [INFO] [AscendProfiler_ProfilingParser:27] BasicDbParser start.
[2026-09-11-15:29:58.237] [INFO] [AscendProfiler_ProfilingParser:38] RelationParser finish.
[2026-09-11-15:29:58.450] [INFO] [AscendProfiler_ProfilingParser:40] BasicDbParser finish.
[2026-09-11-15:29:58.450] [INFO] [AscendProfiler_ProfilingParser:31] FwkApiDbParser start.
[2026-09-11-15:29:58.450] [INFO] [AscendProfiler_ProfilingParser:36] FwkApiDbParser get fwk api data finish.
[2026-09-11-15:29:58.663] [INFO] [AscendProfiler_ProfilingParser:38] FwkApiDbParser get api data for db finish.
[2026-09-11-15:29:59.115] [INFO] [AscendProfiler_ProfilingParser:40] FwkApiDbParser save api data to db finish.
[2026-09-11-15:29:59.115] [INFO] [AscendProfiler_ProfilingParser:44] FwkApiDbParser finish.
[2026-09-11-15:29:59.117] [INFO] [AscendProfiler_ProfilingParser:82] MemoryDbParser start.
[2026-09-11-15:29:59.118] [INFO] [AscendProfiler_ProfilingParser:95] MemoryDbParser finish.
[2026-09-11-15:29:59.118] [INFO] [AscendProfiler_ProfilingParser:33] GCRecordDbParser start.
[2026-09-11-15:29:59.118] [INFO] [AscendProfiler_ProfilingParser:41] GCRecordDbParser finish.
[2026-09-11-15:29:59.119] [INFO] [AscendProfiler_ProfilingParser:36] StepInfoDbParser start.
[2026-09-11-15:29:59.462] [INFO] [AscendProfiler_ProfilingParser:43] StepInfoDbParser finish.
[2026-09-11-15:29:59.462] [INFO] [AscendProfiler_ProfilingParser:80] CommunicationDbParser start.
[2026-09-11-15:29:59.492] [INFO] [AscendProfiler_ProfilingParser:88] CommunicationDbParser finish.
[2026-09-11-15:29:59.493] [INFO] [AscendProfiler_ProfilingParser:74] TraceStepTimeDbParser start.
[2026-09-11-15:29:59.629] [INFO] [AscendProfiler_ProfilingParser:83] TraceStepTimeDbParser finish.
[2026-09-11-15:29:59.629] [INFO] [AscendProfiler_ProfilingParser:64] DbParser finish.
[2026-09-11-15:30:00.276] [INFO] [AscendProfiler_ProfilingParser:473] ============================================================
[2026-09-11-15:30:00.276] [INFO] [AscendProfiler_ProfilingParser:474] Task execution completed
[2026-09-11-15:30:00.276] [INFO] [AscendProfiler_ProfilingParser:475] ============================================================
[2026-09-11-15:30:00.276] [INFO] [AscendProfiler_ProfilingParser:478] torch_op                  | PTHREAD         | Succeed    | 0.826s | deps: None
[2026-09-11-15:30:00.276] [INFO] [AscendProfiler_ProfilingParser:478] task_queue                | PTHREAD         | Succeed    | 0.960s | deps: None
[2026-09-11-15:30:00.276] [INFO] [AscendProfiler_ProfilingParser:478] trace_prepare             | SUB_PROCESS     | Succeed    | 1.656s | deps: torch_op, task_queue
[2026-09-11-15:30:00.276] [INFO] [AscendProfiler_ProfilingParser:478] build_tree                | PTHREAD         | Succeed    | 0.761s | deps: torch_op, task_queue
[2026-09-11-15:30:00.276] [INFO] [AscendProfiler_ProfilingParser:478] export                    | SUB_PROCESS     | Succeed    | 8.404s | deps: None
[2026-09-11-15:30:00.276] [INFO] [AscendProfiler_ProfilingParser:478] timeline                  | PTHREAD|NON_BLOCKING | Succeed    | 7.421s | deps: None
[2026-09-11-15:30:00.276] [INFO] [AscendProfiler_ProfilingParser:478] relation                  | PTHREAD         | Succeed    | 1.496s | deps: task_queue, timeline
[2026-09-11-15:30:00.276] [INFO] [AscendProfiler_ProfilingParser:478] memory_prepare            | PTHREAD         | Succeed    | 0.333s | deps: build_tree, task_queue, torch_op
[2026-09-11-15:30:00.276] [INFO] [AscendProfiler_ProfilingParser:478] analyze                   | SUB_PROCESS     | Succeed    | 1.098s | deps: timeline
[2026-09-11-15:30:00.276] [INFO] [AscendProfiler_ProfilingParser:478] operator                  | SUB_PROCESS     | Succeed    | 0.766s | deps: build_tree, timeline, relation, torch_op
[2026-09-11-15:30:00.276] [INFO] [AscendProfiler_ProfilingParser:478] trace                     | SUB_PROCESS     | Succeed    | 2.410s | deps: build_tree, trace_prepare, timeline, task_queue, torch_op
[2026-09-11-15:30:00.276] [INFO] [AscendProfiler_ProfilingParser:478] kernel                    | SUB_PROCESS     | Succeed    | 0.451s | deps: build_tree, export, relation
[2026-09-11-15:30:00.276] [INFO] [AscendProfiler_ProfilingParser:478] step_time                 | SUB_PROCESS     | Succeed    | 1.381s | deps: build_tree, timeline, relation, torch_op
[2026-09-11-15:30:00.276] [INFO] [AscendProfiler_ProfilingParser:478] memory                    | SUB_PROCESS     | Succeed    | 0.101s | deps: export, memory_prepare
[2026-09-11-15:30:00.276] [INFO] [AscendProfiler_ProfilingParser:478] integrate                 | SUB_PROCESS     | Succeed    | 0.386s | deps: export
[2026-09-11-15:30:00.276] [INFO] [AscendProfiler_ProfilingParser:478] communication             | SUB_PROCESS     | Succeed    | 0.101s | deps: build_tree, analyze, relation
[2026-09-11-15:30:00.277] [INFO] [AscendProfiler_ProfilingParser:478] db_prepare                | PTHREAD         | Succeed    | 0.974s | deps: torch_op, task_queue
[2026-09-11-15:30:00.277] [INFO] [AscendProfiler_ProfilingParser:478] torch_db                  | PTHREAD         | Succeed    | 1.794s | deps: export, memory_prepare, build_tree, analyze, db_prepare
