[2026-09-11-15:49:39.088] [INFO] [AscendProfiler_ProfilingParser:97] Profiler logger initialized at: /root/minigpt-v09/runs/v09_a3_compact_736dd7b/points/batching-short-tp8-b1/attempt-000/output/profiler/rank_002/rank_002_3678067_20260911154935874_ascend_pt/logs/profiler_20260911154939_3679215_ProfilingParser.log
[2026-09-11-15:49:39.131] [INFO] [AscendProfiler_ProfilingParser:100] TorchOpParser start.
[2026-09-11-15:49:39.132] [INFO] [AscendProfiler_ProfilingParser:82] TaskQueueParser start.
[2026-09-11-15:49:39.168] [INFO] [AscendProfiler_ProfilingParser:208] CANNTimelineParser start.
[2026-09-11-15:49:40.118] [INFO] [AscendProfiler_ProfilingParser:106] TorchOpParser finish.
[2026-09-11-15:49:40.313] [INFO] [AscendProfiler_ProfilingParser:88] TaskQueueParser finish.
[2026-09-11-15:49:40.314] [INFO] [AscendProfiler_ProfilingParser:62] TreeBuildParser start.
[2026-09-11-15:49:40.404] [INFO] [AscendProfiler_ProfilingParser:118] DbPreParser start.
[2026-09-11-15:49:41.239] [INFO] [AscendProfiler_ProfilingParser:70] TreeBuildParser finish.
[2026-09-11-15:49:41.255] [INFO] [AscendProfiler_ProfilingParser:62] MemoryPrepareParser start.
[2026-09-11-15:49:41.505] [INFO] [AscendProfiler_ProfilingParser:75] MemoryPrepareParser finish.
[2026-09-11-15:49:41.701] [INFO] [AscendProfiler_ProfilingParser:129] DbPreParser finish.
[2026-09-11-15:49:47.977] [INFO] [AscendProfiler_ProfilingParser:218] CANNTimelineParser finish.
[2026-09-11-15:49:48.072] [INFO] [AscendProfiler_ProfilingParser:31] RelationParser start.
[2026-09-11-15:49:49.505] [INFO] [AscendProfiler_ProfilingParser:38] RelationParser finish.
[2026-09-11-15:49:49.552] [INFO] [AscendProfiler_ProfilingParser:40] DbParser start.
[2026-09-11-15:49:49.743] [INFO] [AscendProfiler_ProfilingParser:27] BasicDbParser start.
[2026-09-11-15:49:49.757] [INFO] [AscendProfiler_ProfilingParser:40] BasicDbParser finish.
[2026-09-11-15:49:49.758] [INFO] [AscendProfiler_ProfilingParser:31] FwkApiDbParser start.
[2026-09-11-15:49:49.758] [INFO] [AscendProfiler_ProfilingParser:36] FwkApiDbParser get fwk api data finish.
[2026-09-11-15:49:50.128] [INFO] [AscendProfiler_ProfilingParser:38] FwkApiDbParser get api data for db finish.
[2026-09-11-15:49:50.793] [INFO] [AscendProfiler_ProfilingParser:40] FwkApiDbParser save api data to db finish.
[2026-09-11-15:49:50.793] [INFO] [AscendProfiler_ProfilingParser:44] FwkApiDbParser finish.
[2026-09-11-15:49:50.796] [INFO] [AscendProfiler_ProfilingParser:82] MemoryDbParser start.
[2026-09-11-15:49:50.797] [INFO] [AscendProfiler_ProfilingParser:95] MemoryDbParser finish.
[2026-09-11-15:49:50.797] [INFO] [AscendProfiler_ProfilingParser:33] GCRecordDbParser start.
[2026-09-11-15:49:50.797] [INFO] [AscendProfiler_ProfilingParser:41] GCRecordDbParser finish.
[2026-09-11-15:49:50.797] [INFO] [AscendProfiler_ProfilingParser:36] StepInfoDbParser start.
[2026-09-11-15:49:51.163] [INFO] [AscendProfiler_ProfilingParser:43] StepInfoDbParser finish.
[2026-09-11-15:49:51.164] [INFO] [AscendProfiler_ProfilingParser:80] CommunicationDbParser start.
[2026-09-11-15:49:51.223] [INFO] [AscendProfiler_ProfilingParser:88] CommunicationDbParser finish.
[2026-09-11-15:49:51.223] [INFO] [AscendProfiler_ProfilingParser:74] TraceStepTimeDbParser start.
[2026-09-11-15:49:51.468] [INFO] [AscendProfiler_ProfilingParser:83] TraceStepTimeDbParser finish.
[2026-09-11-15:49:51.468] [INFO] [AscendProfiler_ProfilingParser:64] DbParser finish.
[2026-09-11-15:49:52.079] [INFO] [AscendProfiler_ProfilingParser:473] ============================================================
[2026-09-11-15:49:52.079] [INFO] [AscendProfiler_ProfilingParser:474] Task execution completed
[2026-09-11-15:49:52.079] [INFO] [AscendProfiler_ProfilingParser:475] ============================================================
[2026-09-11-15:49:52.079] [INFO] [AscendProfiler_ProfilingParser:478] torch_op                  | PTHREAD         | Succeed    | 0.998s | deps: None
[2026-09-11-15:49:52.079] [INFO] [AscendProfiler_ProfilingParser:478] task_queue                | PTHREAD         | Succeed    | 1.182s | deps: None
[2026-09-11-15:49:52.079] [INFO] [AscendProfiler_ProfilingParser:478] trace_prepare             | SUB_PROCESS     | Succeed    | 2.227s | deps: torch_op, task_queue
[2026-09-11-15:49:52.079] [INFO] [AscendProfiler_ProfilingParser:478] build_tree                | PTHREAD         | Succeed    | 0.936s | deps: torch_op, task_queue
[2026-09-11-15:49:52.079] [INFO] [AscendProfiler_ProfilingParser:478] export                    | SUB_PROCESS     | Succeed    | 10.187s | deps: None
[2026-09-11-15:49:52.079] [INFO] [AscendProfiler_ProfilingParser:478] timeline                  | PTHREAD|NON_BLOCKING | Succeed    | 8.811s | deps: None
[2026-09-11-15:49:52.080] [INFO] [AscendProfiler_ProfilingParser:478] relation                  | PTHREAD         | Succeed    | 1.482s | deps: task_queue, timeline
[2026-09-11-15:49:52.080] [INFO] [AscendProfiler_ProfilingParser:478] memory_prepare            | PTHREAD         | Succeed    | 0.256s | deps: build_tree, task_queue, torch_op
[2026-09-11-15:49:52.080] [INFO] [AscendProfiler_ProfilingParser:478] analyze                   | SUB_PROCESS     | Succeed    | 1.079s | deps: timeline
[2026-09-11-15:49:52.080] [INFO] [AscendProfiler_ProfilingParser:478] operator                  | SUB_PROCESS     | Succeed    | 1.126s | deps: build_tree, timeline, relation, torch_op
[2026-09-11-15:49:52.080] [INFO] [AscendProfiler_ProfilingParser:478] trace                     | SUB_PROCESS     | Succeed    | 3.444s | deps: build_tree, trace_prepare, timeline, task_queue, torch_op
[2026-09-11-15:49:52.080] [INFO] [AscendProfiler_ProfilingParser:478] kernel                    | SUB_PROCESS     | Succeed    | 0.695s | deps: build_tree, export, relation
[2026-09-11-15:49:52.080] [INFO] [AscendProfiler_ProfilingParser:478] step_time                 | SUB_PROCESS     | Succeed    | 1.569s | deps: build_tree, timeline, relation, torch_op
[2026-09-11-15:49:52.080] [INFO] [AscendProfiler_ProfilingParser:478] memory                    | SUB_PROCESS     | Succeed    | 0.251s | deps: export, memory_prepare
[2026-09-11-15:49:52.080] [INFO] [AscendProfiler_ProfilingParser:478] integrate                 | SUB_PROCESS     | Succeed    | 0.501s | deps: export
[2026-09-11-15:49:52.080] [INFO] [AscendProfiler_ProfilingParser:478] communication             | SUB_PROCESS     | Succeed    | 0.109s | deps: build_tree, analyze, relation
[2026-09-11-15:49:52.080] [INFO] [AscendProfiler_ProfilingParser:478] db_prepare                | PTHREAD         | Succeed    | 1.299s | deps: torch_op, task_queue
[2026-09-11-15:49:52.080] [INFO] [AscendProfiler_ProfilingParser:478] torch_db                  | PTHREAD         | Succeed    | 1.930s | deps: export, memory_prepare, build_tree, analyze, db_prepare
