[2026-09-11-15:19:24.695] [INFO] [AscendProfiler_ProfilingParser:97] Profiler logger initialized at: /root/minigpt-v09/runs/v09_a3_compact_4a85f42/points/batching-short-tp8-a0/attempt-000/output/profiler/rank_003/rank_003_3655052_20260911151921372_ascend_pt/logs/profiler_20260911151924_3656218_ProfilingParser.log
[2026-09-11-15:19:24.739] [INFO] [AscendProfiler_ProfilingParser:100] TorchOpParser start.
[2026-09-11-15:19:24.739] [INFO] [AscendProfiler_ProfilingParser:82] TaskQueueParser start.
[2026-09-11-15:19:24.784] [INFO] [AscendProfiler_ProfilingParser:208] CANNTimelineParser start.
[2026-09-11-15:19:25.692] [INFO] [AscendProfiler_ProfilingParser:106] TorchOpParser finish.
[2026-09-11-15:19:25.823] [INFO] [AscendProfiler_ProfilingParser:88] TaskQueueParser finish.
[2026-09-11-15:19:25.873] [INFO] [AscendProfiler_ProfilingParser:118] DbPreParser start.
[2026-09-11-15:19:25.874] [INFO] [AscendProfiler_ProfilingParser:62] TreeBuildParser start.
[2026-09-11-15:19:26.799] [INFO] [AscendProfiler_ProfilingParser:70] TreeBuildParser finish.
[2026-09-11-15:19:26.856] [INFO] [AscendProfiler_ProfilingParser:62] MemoryPrepareParser start.
[2026-09-11-15:19:27.214] [INFO] [AscendProfiler_ProfilingParser:129] DbPreParser finish.
[2026-09-11-15:19:27.219] [INFO] [AscendProfiler_ProfilingParser:75] MemoryPrepareParser finish.
[2026-09-11-15:19:33.629] [INFO] [AscendProfiler_ProfilingParser:218] CANNTimelineParser finish.
[2026-09-11-15:19:33.721] [INFO] [AscendProfiler_ProfilingParser:31] RelationParser start.
[2026-09-11-15:19:35.078] [INFO] [AscendProfiler_ProfilingParser:38] RelationParser finish.
[2026-09-11-15:19:35.136] [INFO] [AscendProfiler_ProfilingParser:40] DbParser start.
[2026-09-11-15:19:35.378] [INFO] [AscendProfiler_ProfilingParser:27] BasicDbParser start.
[2026-09-11-15:19:35.392] [INFO] [AscendProfiler_ProfilingParser:40] BasicDbParser finish.
[2026-09-11-15:19:35.393] [INFO] [AscendProfiler_ProfilingParser:31] FwkApiDbParser start.
[2026-09-11-15:19:35.393] [INFO] [AscendProfiler_ProfilingParser:36] FwkApiDbParser get fwk api data finish.
[2026-09-11-15:19:35.731] [INFO] [AscendProfiler_ProfilingParser:38] FwkApiDbParser get api data for db finish.
[2026-09-11-15:19:36.298] [INFO] [AscendProfiler_ProfilingParser:40] FwkApiDbParser save api data to db finish.
[2026-09-11-15:19:36.298] [INFO] [AscendProfiler_ProfilingParser:44] FwkApiDbParser finish.
[2026-09-11-15:19:36.300] [INFO] [AscendProfiler_ProfilingParser:82] MemoryDbParser start.
[2026-09-11-15:19:36.300] [INFO] [AscendProfiler_ProfilingParser:95] MemoryDbParser finish.
[2026-09-11-15:19:36.301] [INFO] [AscendProfiler_ProfilingParser:33] GCRecordDbParser start.
[2026-09-11-15:19:36.301] [INFO] [AscendProfiler_ProfilingParser:41] GCRecordDbParser finish.
[2026-09-11-15:19:36.301] [INFO] [AscendProfiler_ProfilingParser:36] StepInfoDbParser start.
[2026-09-11-15:19:36.630] [INFO] [AscendProfiler_ProfilingParser:43] StepInfoDbParser finish.
[2026-09-11-15:19:36.630] [INFO] [AscendProfiler_ProfilingParser:80] CommunicationDbParser start.
[2026-09-11-15:19:36.676] [INFO] [AscendProfiler_ProfilingParser:88] CommunicationDbParser finish.
[2026-09-11-15:19:36.676] [INFO] [AscendProfiler_ProfilingParser:74] TraceStepTimeDbParser start.
[2026-09-11-15:19:36.879] [INFO] [AscendProfiler_ProfilingParser:83] TraceStepTimeDbParser finish.
[2026-09-11-15:19:36.880] [INFO] [AscendProfiler_ProfilingParser:64] DbParser finish.
[2026-09-11-15:19:37.709] [INFO] [AscendProfiler_ProfilingParser:473] ============================================================
[2026-09-11-15:19:37.710] [INFO] [AscendProfiler_ProfilingParser:474] Task execution completed
[2026-09-11-15:19:37.710] [INFO] [AscendProfiler_ProfilingParser:475] ============================================================
[2026-09-11-15:19:37.710] [INFO] [AscendProfiler_ProfilingParser:478] torch_op                  | PTHREAD         | Succeed    | 0.954s | deps: None
[2026-09-11-15:19:37.710] [INFO] [AscendProfiler_ProfilingParser:478] task_queue                | PTHREAD         | Succeed    | 1.084s | deps: None
[2026-09-11-15:19:37.710] [INFO] [AscendProfiler_ProfilingParser:478] trace_prepare             | SUB_PROCESS     | Succeed    | 1.910s | deps: torch_op, task_queue
[2026-09-11-15:19:37.710] [INFO] [AscendProfiler_ProfilingParser:478] build_tree                | PTHREAD         | Succeed    | 0.941s | deps: torch_op, task_queue
[2026-09-11-15:19:37.710] [INFO] [AscendProfiler_ProfilingParser:478] export                    | SUB_PROCESS     | Succeed    | 10.164s | deps: None
[2026-09-11-15:19:37.710] [INFO] [AscendProfiler_ProfilingParser:478] timeline                  | PTHREAD|NON_BLOCKING | Succeed    | 8.847s | deps: None
[2026-09-11-15:19:37.710] [INFO] [AscendProfiler_ProfilingParser:478] relation                  | PTHREAD         | Succeed    | 1.417s | deps: task_queue, timeline
[2026-09-11-15:19:37.710] [INFO] [AscendProfiler_ProfilingParser:478] memory_prepare            | PTHREAD         | Succeed    | 0.405s | deps: build_tree, task_queue, torch_op
[2026-09-11-15:19:37.710] [INFO] [AscendProfiler_ProfilingParser:478] analyze                   | SUB_PROCESS     | Succeed    | 1.192s | deps: timeline
[2026-09-11-15:19:37.710] [INFO] [AscendProfiler_ProfilingParser:478] operator                  | SUB_PROCESS     | Succeed    | 1.033s | deps: build_tree, timeline, relation, torch_op
[2026-09-11-15:19:37.710] [INFO] [AscendProfiler_ProfilingParser:478] trace                     | SUB_PROCESS     | Succeed    | 3.405s | deps: build_tree, trace_prepare, timeline, task_queue, torch_op
[2026-09-11-15:19:37.710] [INFO] [AscendProfiler_ProfilingParser:478] kernel                    | SUB_PROCESS     | Succeed    | 0.655s | deps: build_tree, export, relation
[2026-09-11-15:19:37.710] [INFO] [AscendProfiler_ProfilingParser:478] step_time                 | SUB_PROCESS     | Succeed    | 1.537s | deps: build_tree, timeline, relation, torch_op
[2026-09-11-15:19:37.710] [INFO] [AscendProfiler_ProfilingParser:478] memory                    | SUB_PROCESS     | Succeed    | 0.297s | deps: export, memory_prepare
[2026-09-11-15:19:37.710] [INFO] [AscendProfiler_ProfilingParser:478] integrate                 | SUB_PROCESS     | Succeed    | 0.523s | deps: export
[2026-09-11-15:19:37.710] [INFO] [AscendProfiler_ProfilingParser:478] communication             | SUB_PROCESS     | Succeed    | 0.131s | deps: build_tree, analyze, relation
[2026-09-11-15:19:37.710] [INFO] [AscendProfiler_ProfilingParser:478] db_prepare                | PTHREAD         | Succeed    | 1.348s | deps: torch_op, task_queue
[2026-09-11-15:19:37.710] [INFO] [AscendProfiler_ProfilingParser:478] torch_db                  | PTHREAD         | Succeed    | 1.747s | deps: export, memory_prepare, build_tree, analyze, db_prepare
