[2026-09-11-15:37:55.476] [INFO] [AscendProfiler_ProfilingParser:97] Profiler logger initialized at: /root/minigpt-v09/runs/v09_a3_compact_736dd7b/points/tp-short-2-vs-8-b1/attempt-000/output/profiler/rank_002/rank_002_3666665_20260911153752436_ascend_pt/logs/profiler_20260911153755_3667787_ProfilingParser.log
[2026-09-11-15:37:55.517] [INFO] [AscendProfiler_ProfilingParser:100] TorchOpParser start.
[2026-09-11-15:37:55.517] [INFO] [AscendProfiler_ProfilingParser:82] TaskQueueParser start.
[2026-09-11-15:37:55.556] [INFO] [AscendProfiler_ProfilingParser:208] CANNTimelineParser start.
[2026-09-11-15:37:56.457] [INFO] [AscendProfiler_ProfilingParser:106] TorchOpParser finish.
[2026-09-11-15:37:56.593] [INFO] [AscendProfiler_ProfilingParser:88] TaskQueueParser finish.
[2026-09-11-15:37:56.594] [INFO] [AscendProfiler_ProfilingParser:118] DbPreParser start.
[2026-09-11-15:37:56.749] [INFO] [AscendProfiler_ProfilingParser:62] TreeBuildParser start.
[2026-09-11-15:37:57.698] [INFO] [AscendProfiler_ProfilingParser:70] TreeBuildParser finish.
[2026-09-11-15:37:57.745] [INFO] [AscendProfiler_ProfilingParser:62] MemoryPrepareParser start.
[2026-09-11-15:37:57.852] [INFO] [AscendProfiler_ProfilingParser:129] DbPreParser finish.
[2026-09-11-15:37:57.973] [INFO] [AscendProfiler_ProfilingParser:75] MemoryPrepareParser finish.
[2026-09-11-15:38:04.308] [INFO] [AscendProfiler_ProfilingParser:218] CANNTimelineParser finish.
[2026-09-11-15:38:04.403] [INFO] [AscendProfiler_ProfilingParser:31] RelationParser start.
[2026-09-11-15:38:05.718] [INFO] [AscendProfiler_ProfilingParser:38] RelationParser finish.
[2026-09-11-15:38:05.719] [INFO] [AscendProfiler_ProfilingParser:40] DbParser start.
[2026-09-11-15:38:05.882] [INFO] [AscendProfiler_ProfilingParser:27] BasicDbParser start.
[2026-09-11-15:38:06.128] [INFO] [AscendProfiler_ProfilingParser:40] BasicDbParser finish.
[2026-09-11-15:38:06.129] [INFO] [AscendProfiler_ProfilingParser:31] FwkApiDbParser start.
[2026-09-11-15:38:06.130] [INFO] [AscendProfiler_ProfilingParser:36] FwkApiDbParser get fwk api data finish.
[2026-09-11-15:38:06.511] [INFO] [AscendProfiler_ProfilingParser:38] FwkApiDbParser get api data for db finish.
[2026-09-11-15:38:07.133] [INFO] [AscendProfiler_ProfilingParser:40] FwkApiDbParser save api data to db finish.
[2026-09-11-15:38:07.133] [INFO] [AscendProfiler_ProfilingParser:44] FwkApiDbParser finish.
[2026-09-11-15:38:07.135] [INFO] [AscendProfiler_ProfilingParser:82] MemoryDbParser start.
[2026-09-11-15:38:07.136] [INFO] [AscendProfiler_ProfilingParser:95] MemoryDbParser finish.
[2026-09-11-15:38:07.136] [INFO] [AscendProfiler_ProfilingParser:33] GCRecordDbParser start.
[2026-09-11-15:38:07.136] [INFO] [AscendProfiler_ProfilingParser:41] GCRecordDbParser finish.
[2026-09-11-15:38:07.136] [INFO] [AscendProfiler_ProfilingParser:36] StepInfoDbParser start.
[2026-09-11-15:38:07.490] [INFO] [AscendProfiler_ProfilingParser:43] StepInfoDbParser finish.
[2026-09-11-15:38:07.491] [INFO] [AscendProfiler_ProfilingParser:80] CommunicationDbParser start.
[2026-09-11-15:38:07.535] [INFO] [AscendProfiler_ProfilingParser:88] CommunicationDbParser finish.
[2026-09-11-15:38:07.536] [INFO] [AscendProfiler_ProfilingParser:74] TraceStepTimeDbParser start.
[2026-09-11-15:38:07.698] [INFO] [AscendProfiler_ProfilingParser:83] TraceStepTimeDbParser finish.
[2026-09-11-15:38:07.699] [INFO] [AscendProfiler_ProfilingParser:64] DbParser finish.
[2026-09-11-15:38:08.245] [INFO] [AscendProfiler_ProfilingParser:473] ============================================================
[2026-09-11-15:38:08.245] [INFO] [AscendProfiler_ProfilingParser:474] Task execution completed
[2026-09-11-15:38:08.245] [INFO] [AscendProfiler_ProfilingParser:475] ============================================================
[2026-09-11-15:38:08.245] [INFO] [AscendProfiler_ProfilingParser:478] torch_op                  | PTHREAD         | Succeed    | 0.951s | deps: None
[2026-09-11-15:38:08.245] [INFO] [AscendProfiler_ProfilingParser:478] task_queue                | PTHREAD         | Succeed    | 1.076s | deps: None
[2026-09-11-15:38:08.245] [INFO] [AscendProfiler_ProfilingParser:478] trace_prepare             | SUB_PROCESS     | Succeed    | 2.019s | deps: torch_op, task_queue
[2026-09-11-15:38:08.245] [INFO] [AscendProfiler_ProfilingParser:478] build_tree                | PTHREAD         | Succeed    | 0.982s | deps: torch_op, task_queue
[2026-09-11-15:38:08.245] [INFO] [AscendProfiler_ProfilingParser:478] export                    | SUB_PROCESS     | Succeed    | 10.182s | deps: None
[2026-09-11-15:38:08.245] [INFO] [AscendProfiler_ProfilingParser:478] timeline                  | PTHREAD|NON_BLOCKING | Succeed    | 8.753s | deps: None
[2026-09-11-15:38:08.245] [INFO] [AscendProfiler_ProfilingParser:478] relation                  | PTHREAD         | Succeed    | 1.480s | deps: task_queue, timeline
[2026-09-11-15:38:08.245] [INFO] [AscendProfiler_ProfilingParser:478] memory_prepare            | PTHREAD         | Succeed    | 0.254s | deps: build_tree, task_queue, torch_op
[2026-09-11-15:38:08.245] [INFO] [AscendProfiler_ProfilingParser:478] analyze                   | SUB_PROCESS     | Succeed    | 1.099s | deps: timeline
[2026-09-11-15:38:08.245] [INFO] [AscendProfiler_ProfilingParser:478] operator                  | SUB_PROCESS     | Succeed    | 1.015s | deps: build_tree, timeline, relation, torch_op
[2026-09-11-15:38:08.245] [INFO] [AscendProfiler_ProfilingParser:478] trace                     | SUB_PROCESS     | Succeed    | 2.645s | deps: build_tree, trace_prepare, timeline, task_queue, torch_op
[2026-09-11-15:38:08.245] [INFO] [AscendProfiler_ProfilingParser:478] kernel                    | SUB_PROCESS     | Succeed    | 0.634s | deps: build_tree, export, relation
[2026-09-11-15:38:08.245] [INFO] [AscendProfiler_ProfilingParser:478] step_time                 | SUB_PROCESS     | Succeed    | 1.534s | deps: build_tree, timeline, relation, torch_op
[2026-09-11-15:38:08.245] [INFO] [AscendProfiler_ProfilingParser:478] memory                    | SUB_PROCESS     | Succeed    | 0.163s | deps: export, memory_prepare
[2026-09-11-15:38:08.245] [INFO] [AscendProfiler_ProfilingParser:478] integrate                 | SUB_PROCESS     | Succeed    | 0.449s | deps: export
[2026-09-11-15:38:08.245] [INFO] [AscendProfiler_ProfilingParser:478] communication             | SUB_PROCESS     | Succeed    | 0.119s | deps: build_tree, analyze, relation
[2026-09-11-15:38:08.245] [INFO] [AscendProfiler_ProfilingParser:478] db_prepare                | PTHREAD         | Succeed    | 1.269s | deps: torch_op, task_queue
[2026-09-11-15:38:08.245] [INFO] [AscendProfiler_ProfilingParser:478] torch_db                  | PTHREAD         | Succeed    | 2.017s | deps: export, memory_prepare, build_tree, analyze, db_prepare
