[2026-09-11-15:34:57.843] [INFO] [AscendProfiler_ProfilingParser:97] Profiler logger initialized at: /root/minigpt-v09/runs/v09_a3_compact_736dd7b/points/tp-short-2-vs-8-b0/attempt-000/output/profiler/rank_006/rank_006_3663168_20260911153455077_ascend_pt/logs/profiler_20260911153457_3664216_ProfilingParser.log
[2026-09-11-15:34:57.894] [INFO] [AscendProfiler_ProfilingParser:100] TorchOpParser start.
[2026-09-11-15:34:57.894] [INFO] [AscendProfiler_ProfilingParser:82] TaskQueueParser start.
[2026-09-11-15:34:57.967] [INFO] [AscendProfiler_ProfilingParser:208] CANNTimelineParser start.
[2026-09-11-15:34:58.918] [INFO] [AscendProfiler_ProfilingParser:106] TorchOpParser finish.
[2026-09-11-15:34:59.052] [INFO] [AscendProfiler_ProfilingParser:88] TaskQueueParser finish.
[2026-09-11-15:34:59.053] [INFO] [AscendProfiler_ProfilingParser:118] DbPreParser start.
[2026-09-11-15:34:59.059] [INFO] [AscendProfiler_ProfilingParser:62] TreeBuildParser start.
[2026-09-11-15:35:00.051] [INFO] [AscendProfiler_ProfilingParser:70] TreeBuildParser finish.
[2026-09-11-15:35:00.088] [INFO] [AscendProfiler_ProfilingParser:62] MemoryPrepareParser start.
[2026-09-11-15:35:00.287] [INFO] [AscendProfiler_ProfilingParser:129] DbPreParser finish.
[2026-09-11-15:35:00.352] [INFO] [AscendProfiler_ProfilingParser:75] MemoryPrepareParser finish.
[2026-09-11-15:35:06.763] [INFO] [AscendProfiler_ProfilingParser:218] CANNTimelineParser finish.
[2026-09-11-15:35:06.763] [INFO] [AscendProfiler_ProfilingParser:31] RelationParser start.
[2026-09-11-15:35:08.200] [INFO] [AscendProfiler_ProfilingParser:38] RelationParser finish.
[2026-09-11-15:35:08.315] [INFO] [AscendProfiler_ProfilingParser:40] DbParser start.
[2026-09-11-15:35:08.556] [INFO] [AscendProfiler_ProfilingParser:27] BasicDbParser start.
[2026-09-11-15:35:08.571] [INFO] [AscendProfiler_ProfilingParser:40] BasicDbParser finish.
[2026-09-11-15:35:08.571] [INFO] [AscendProfiler_ProfilingParser:31] FwkApiDbParser start.
[2026-09-11-15:35:08.571] [INFO] [AscendProfiler_ProfilingParser:36] FwkApiDbParser get fwk api data finish.
[2026-09-11-15:35:08.914] [INFO] [AscendProfiler_ProfilingParser:38] FwkApiDbParser get api data for db finish.
[2026-09-11-15:35:09.575] [INFO] [AscendProfiler_ProfilingParser:40] FwkApiDbParser save api data to db finish.
[2026-09-11-15:35:09.575] [INFO] [AscendProfiler_ProfilingParser:44] FwkApiDbParser finish.
[2026-09-11-15:35:09.577] [INFO] [AscendProfiler_ProfilingParser:82] MemoryDbParser start.
[2026-09-11-15:35:09.578] [INFO] [AscendProfiler_ProfilingParser:95] MemoryDbParser finish.
[2026-09-11-15:35:09.578] [INFO] [AscendProfiler_ProfilingParser:33] GCRecordDbParser start.
[2026-09-11-15:35:09.579] [INFO] [AscendProfiler_ProfilingParser:41] GCRecordDbParser finish.
[2026-09-11-15:35:09.579] [INFO] [AscendProfiler_ProfilingParser:36] StepInfoDbParser start.
[2026-09-11-15:35:09.894] [INFO] [AscendProfiler_ProfilingParser:43] StepInfoDbParser finish.
[2026-09-11-15:35:09.894] [INFO] [AscendProfiler_ProfilingParser:80] CommunicationDbParser start.
[2026-09-11-15:35:09.939] [INFO] [AscendProfiler_ProfilingParser:88] CommunicationDbParser finish.
[2026-09-11-15:35:09.939] [INFO] [AscendProfiler_ProfilingParser:74] TraceStepTimeDbParser start.
[2026-09-11-15:35:10.217] [INFO] [AscendProfiler_ProfilingParser:83] TraceStepTimeDbParser finish.
[2026-09-11-15:35:10.218] [INFO] [AscendProfiler_ProfilingParser:64] DbParser finish.
[2026-09-11-15:35:10.808] [INFO] [AscendProfiler_ProfilingParser:473] ============================================================
[2026-09-11-15:35:10.808] [INFO] [AscendProfiler_ProfilingParser:474] Task execution completed
[2026-09-11-15:35:10.808] [INFO] [AscendProfiler_ProfilingParser:475] ============================================================
[2026-09-11-15:35:10.808] [INFO] [AscendProfiler_ProfilingParser:478] torch_op                  | PTHREAD         | Succeed    | 1.035s | deps: None
[2026-09-11-15:35:10.808] [INFO] [AscendProfiler_ProfilingParser:478] task_queue                | PTHREAD         | Succeed    | 1.158s | deps: None
[2026-09-11-15:35:10.808] [INFO] [AscendProfiler_ProfilingParser:478] trace_prepare             | SUB_PROCESS     | Succeed    | 2.106s | deps: torch_op, task_queue
[2026-09-11-15:35:10.808] [INFO] [AscendProfiler_ProfilingParser:478] build_tree                | PTHREAD         | Succeed    | 1.014s | deps: torch_op, task_queue
[2026-09-11-15:35:10.808] [INFO] [AscendProfiler_ProfilingParser:478] export                    | SUB_PROCESS     | Succeed    | 10.279s | deps: None
[2026-09-11-15:35:10.808] [INFO] [AscendProfiler_ProfilingParser:478] timeline                  | PTHREAD|NON_BLOCKING | Succeed    | 8.797s | deps: None
[2026-09-11-15:35:10.808] [INFO] [AscendProfiler_ProfilingParser:478] relation                  | PTHREAD         | Succeed    | 1.553s | deps: task_queue, timeline
[2026-09-11-15:35:10.808] [INFO] [AscendProfiler_ProfilingParser:478] memory_prepare            | PTHREAD         | Succeed    | 0.285s | deps: build_tree, task_queue, torch_op
[2026-09-11-15:35:10.808] [INFO] [AscendProfiler_ProfilingParser:478] analyze                   | SUB_PROCESS     | Succeed    | 1.089s | deps: timeline
[2026-09-11-15:35:10.808] [INFO] [AscendProfiler_ProfilingParser:478] operator                  | SUB_PROCESS     | Succeed    | 1.204s | deps: build_tree, timeline, relation, torch_op
[2026-09-11-15:35:10.808] [INFO] [AscendProfiler_ProfilingParser:478] trace                     | SUB_PROCESS     | Succeed    | 2.613s | deps: build_tree, trace_prepare, timeline, task_queue, torch_op
[2026-09-11-15:35:10.808] [INFO] [AscendProfiler_ProfilingParser:478] kernel                    | SUB_PROCESS     | Succeed    | 0.710s | deps: build_tree, export, relation
[2026-09-11-15:35:10.808] [INFO] [AscendProfiler_ProfilingParser:478] step_time                 | SUB_PROCESS     | Succeed    | 1.589s | deps: build_tree, timeline, relation, torch_op
[2026-09-11-15:35:10.809] [INFO] [AscendProfiler_ProfilingParser:478] memory                    | SUB_PROCESS     | Succeed    | 0.142s | deps: export, memory_prepare
[2026-09-11-15:35:10.809] [INFO] [AscendProfiler_ProfilingParser:478] integrate                 | SUB_PROCESS     | Succeed    | 0.389s | deps: export
[2026-09-11-15:35:10.809] [INFO] [AscendProfiler_ProfilingParser:478] communication             | SUB_PROCESS     | Succeed    | 0.134s | deps: build_tree, analyze, relation
[2026-09-11-15:35:10.809] [INFO] [AscendProfiler_ProfilingParser:478] db_prepare                | PTHREAD         | Succeed    | 1.245s | deps: torch_op, task_queue
[2026-09-11-15:35:10.809] [INFO] [AscendProfiler_ProfilingParser:478] torch_db                  | PTHREAD         | Succeed    | 1.928s | deps: export, memory_prepare, build_tree, analyze, db_prepare
