[2026-09-11-15:19:24.552] [INFO] [AscendProfiler_ProfilingParser:97] Profiler logger initialized at: /root/minigpt-v09/runs/v09_a3_compact_4a85f42/points/batching-short-tp8-a0/attempt-000/output/profiler/rank_001/rank_001_3655050_20260911151921372_ascend_pt/logs/profiler_20260911151924_3656155_ProfilingParser.log
[2026-09-11-15:19:24.601] [INFO] [AscendProfiler_ProfilingParser:100] TorchOpParser start.
[2026-09-11-15:19:24.602] [INFO] [AscendProfiler_ProfilingParser:82] TaskQueueParser start.
[2026-09-11-15:19:24.670] [INFO] [AscendProfiler_ProfilingParser:208] CANNTimelineParser start.
[2026-09-11-15:19:25.628] [INFO] [AscendProfiler_ProfilingParser:106] TorchOpParser finish.
[2026-09-11-15:19:25.759] [INFO] [AscendProfiler_ProfilingParser:88] TaskQueueParser finish.
[2026-09-11-15:19:25.797] [INFO] [AscendProfiler_ProfilingParser:118] DbPreParser start.
[2026-09-11-15:19:25.797] [INFO] [AscendProfiler_ProfilingParser:62] TreeBuildParser start.
[2026-09-11-15:19:26.741] [INFO] [AscendProfiler_ProfilingParser:70] TreeBuildParser finish.
[2026-09-11-15:19:26.757] [INFO] [AscendProfiler_ProfilingParser:62] MemoryPrepareParser start.
[2026-09-11-15:19:27.135] [INFO] [AscendProfiler_ProfilingParser:75] MemoryPrepareParser finish.
[2026-09-11-15:19:27.171] [INFO] [AscendProfiler_ProfilingParser:129] DbPreParser finish.
[2026-09-11-15:19:33.491] [INFO] [AscendProfiler_ProfilingParser:218] CANNTimelineParser finish.
[2026-09-11-15:19:33.564] [INFO] [AscendProfiler_ProfilingParser:31] RelationParser start.
[2026-09-11-15:19:34.904] [INFO] [AscendProfiler_ProfilingParser:38] RelationParser finish.
[2026-09-11-15:19:34.905] [INFO] [AscendProfiler_ProfilingParser:40] DbParser start.
[2026-09-11-15:19:35.168] [INFO] [AscendProfiler_ProfilingParser:27] BasicDbParser start.
[2026-09-11-15:19:35.186] [INFO] [AscendProfiler_ProfilingParser:40] BasicDbParser finish.
[2026-09-11-15:19:35.186] [INFO] [AscendProfiler_ProfilingParser:31] FwkApiDbParser start.
[2026-09-11-15:19:35.186] [INFO] [AscendProfiler_ProfilingParser:36] FwkApiDbParser get fwk api data finish.
[2026-09-11-15:19:35.524] [INFO] [AscendProfiler_ProfilingParser:38] FwkApiDbParser get api data for db finish.
[2026-09-11-15:19:36.096] [INFO] [AscendProfiler_ProfilingParser:40] FwkApiDbParser save api data to db finish.
[2026-09-11-15:19:36.096] [INFO] [AscendProfiler_ProfilingParser:44] FwkApiDbParser finish.
[2026-09-11-15:19:36.098] [INFO] [AscendProfiler_ProfilingParser:82] MemoryDbParser start.
[2026-09-11-15:19:36.099] [INFO] [AscendProfiler_ProfilingParser:95] MemoryDbParser finish.
[2026-09-11-15:19:36.099] [INFO] [AscendProfiler_ProfilingParser:33] GCRecordDbParser start.
[2026-09-11-15:19:36.100] [INFO] [AscendProfiler_ProfilingParser:41] GCRecordDbParser finish.
[2026-09-11-15:19:36.100] [INFO] [AscendProfiler_ProfilingParser:36] StepInfoDbParser start.
[2026-09-11-15:19:36.439] [INFO] [AscendProfiler_ProfilingParser:43] StepInfoDbParser finish.
[2026-09-11-15:19:36.440] [INFO] [AscendProfiler_ProfilingParser:80] CommunicationDbParser start.
[2026-09-11-15:19:36.486] [INFO] [AscendProfiler_ProfilingParser:88] CommunicationDbParser finish.
[2026-09-11-15:19:36.486] [INFO] [AscendProfiler_ProfilingParser:74] TraceStepTimeDbParser start.
[2026-09-11-15:19:36.686] [INFO] [AscendProfiler_ProfilingParser:83] TraceStepTimeDbParser finish.
[2026-09-11-15:19:36.687] [INFO] [AscendProfiler_ProfilingParser:64] DbParser finish.
[2026-09-11-15:19:37.216] [INFO] [AscendProfiler_ProfilingParser:473] ============================================================
[2026-09-11-15:19:37.216] [INFO] [AscendProfiler_ProfilingParser:474] Task execution completed
[2026-09-11-15:19:37.216] [INFO] [AscendProfiler_ProfilingParser:475] ============================================================
[2026-09-11-15:19:37.216] [INFO] [AscendProfiler_ProfilingParser:478] torch_op                  | PTHREAD         | Succeed    | 1.038s | deps: None
[2026-09-11-15:19:37.216] [INFO] [AscendProfiler_ProfilingParser:478] task_queue                | PTHREAD         | Succeed    | 1.159s | deps: None
[2026-09-11-15:19:37.216] [INFO] [AscendProfiler_ProfilingParser:478] trace_prepare             | SUB_PROCESS     | Succeed    | 1.903s | deps: torch_op, task_queue
[2026-09-11-15:19:37.216] [INFO] [AscendProfiler_ProfilingParser:478] build_tree                | PTHREAD         | Succeed    | 0.950s | deps: torch_op, task_queue
[2026-09-11-15:19:37.216] [INFO] [AscendProfiler_ProfilingParser:478] export                    | SUB_PROCESS     | Succeed    | 10.279s | deps: None
[2026-09-11-15:19:37.216] [INFO] [AscendProfiler_ProfilingParser:478] timeline                  | PTHREAD|NON_BLOCKING | Succeed    | 8.824s | deps: None
[2026-09-11-15:19:37.216] [INFO] [AscendProfiler_ProfilingParser:478] relation                  | PTHREAD         | Succeed    | 1.441s | deps: task_queue, timeline
[2026-09-11-15:19:37.216] [INFO] [AscendProfiler_ProfilingParser:478] memory_prepare            | PTHREAD         | Succeed    | 0.399s | deps: build_tree, task_queue, torch_op
[2026-09-11-15:19:37.216] [INFO] [AscendProfiler_ProfilingParser:478] analyze                   | SUB_PROCESS     | Succeed    | 1.070s | deps: timeline
[2026-09-11-15:19:37.216] [INFO] [AscendProfiler_ProfilingParser:478] operator                  | SUB_PROCESS     | Succeed    | 1.005s | deps: build_tree, timeline, relation, torch_op
[2026-09-11-15:19:37.216] [INFO] [AscendProfiler_ProfilingParser:478] trace                     | SUB_PROCESS     | Succeed    | 2.672s | deps: build_tree, trace_prepare, timeline, task_queue, torch_op
[2026-09-11-15:19:37.217] [INFO] [AscendProfiler_ProfilingParser:478] kernel                    | SUB_PROCESS     | Succeed    | 0.636s | deps: build_tree, export, relation
[2026-09-11-15:19:37.217] [INFO] [AscendProfiler_ProfilingParser:478] step_time                 | SUB_PROCESS     | Succeed    | 1.573s | deps: build_tree, timeline, relation, torch_op
[2026-09-11-15:19:37.217] [INFO] [AscendProfiler_ProfilingParser:478] memory                    | SUB_PROCESS     | Succeed    | 0.099s | deps: export, memory_prepare
[2026-09-11-15:19:37.217] [INFO] [AscendProfiler_ProfilingParser:478] integrate                 | SUB_PROCESS     | Succeed    | 0.395s | deps: export
[2026-09-11-15:19:37.217] [INFO] [AscendProfiler_ProfilingParser:478] communication             | SUB_PROCESS     | Succeed    | 0.111s | deps: build_tree, analyze, relation
[2026-09-11-15:19:37.217] [INFO] [AscendProfiler_ProfilingParser:478] db_prepare                | PTHREAD         | Succeed    | 1.375s | deps: torch_op, task_queue
[2026-09-11-15:19:37.217] [INFO] [AscendProfiler_ProfilingParser:478] torch_db                  | PTHREAD         | Succeed    | 1.816s | deps: export, memory_prepare, build_tree, analyze, db_prepare
