[2026-09-11-15:34:57.727] [INFO] [AscendProfiler_ProfilingParser:97] Profiler logger initialized at: /root/minigpt-v09/runs/v09_a3_compact_736dd7b/points/tp-short-2-vs-8-b0/attempt-000/output/profiler/rank_002/rank_002_3663164_20260911153455075_ascend_pt/logs/profiler_20260911153457_3664195_ProfilingParser.log
[2026-09-11-15:34:57.771] [INFO] [AscendProfiler_ProfilingParser:100] TorchOpParser start.
[2026-09-11-15:34:57.772] [INFO] [AscendProfiler_ProfilingParser:82] TaskQueueParser start.
[2026-09-11-15:34:57.803] [INFO] [AscendProfiler_ProfilingParser:208] CANNTimelineParser start.
[2026-09-11-15:34:58.713] [INFO] [AscendProfiler_ProfilingParser:106] TorchOpParser finish.
[2026-09-11-15:34:58.833] [INFO] [AscendProfiler_ProfilingParser:88] TaskQueueParser finish.
[2026-09-11-15:34:58.833] [INFO] [AscendProfiler_ProfilingParser:118] DbPreParser start.
[2026-09-11-15:34:58.834] [INFO] [AscendProfiler_ProfilingParser:62] TreeBuildParser start.
[2026-09-11-15:34:59.823] [INFO] [AscendProfiler_ProfilingParser:70] TreeBuildParser finish.
[2026-09-11-15:34:59.865] [INFO] [AscendProfiler_ProfilingParser:62] MemoryPrepareParser start.
[2026-09-11-15:35:00.151] [INFO] [AscendProfiler_ProfilingParser:75] MemoryPrepareParser finish.
[2026-09-11-15:35:00.209] [INFO] [AscendProfiler_ProfilingParser:129] DbPreParser finish.
[2026-09-11-15:35:06.515] [INFO] [AscendProfiler_ProfilingParser:218] CANNTimelineParser finish.
[2026-09-11-15:35:06.561] [INFO] [AscendProfiler_ProfilingParser:31] RelationParser start.
[2026-09-11-15:35:07.926] [INFO] [AscendProfiler_ProfilingParser:38] RelationParser finish.
[2026-09-11-15:35:08.008] [INFO] [AscendProfiler_ProfilingParser:40] DbParser start.
[2026-09-11-15:35:08.187] [INFO] [AscendProfiler_ProfilingParser:27] BasicDbParser start.
[2026-09-11-15:35:08.202] [INFO] [AscendProfiler_ProfilingParser:40] BasicDbParser finish.
[2026-09-11-15:35:08.202] [INFO] [AscendProfiler_ProfilingParser:31] FwkApiDbParser start.
[2026-09-11-15:35:08.202] [INFO] [AscendProfiler_ProfilingParser:36] FwkApiDbParser get fwk api data finish.
[2026-09-11-15:35:08.516] [INFO] [AscendProfiler_ProfilingParser:38] FwkApiDbParser get api data for db finish.
[2026-09-11-15:35:09.079] [INFO] [AscendProfiler_ProfilingParser:40] FwkApiDbParser save api data to db finish.
[2026-09-11-15:35:09.079] [INFO] [AscendProfiler_ProfilingParser:44] FwkApiDbParser finish.
[2026-09-11-15:35:09.081] [INFO] [AscendProfiler_ProfilingParser:82] MemoryDbParser start.
[2026-09-11-15:35:09.081] [INFO] [AscendProfiler_ProfilingParser:95] MemoryDbParser finish.
[2026-09-11-15:35:09.081] [INFO] [AscendProfiler_ProfilingParser:33] GCRecordDbParser start.
[2026-09-11-15:35:09.082] [INFO] [AscendProfiler_ProfilingParser:41] GCRecordDbParser finish.
[2026-09-11-15:35:09.082] [INFO] [AscendProfiler_ProfilingParser:36] StepInfoDbParser start.
[2026-09-11-15:35:09.394] [INFO] [AscendProfiler_ProfilingParser:43] StepInfoDbParser finish.
[2026-09-11-15:35:09.395] [INFO] [AscendProfiler_ProfilingParser:80] CommunicationDbParser start.
[2026-09-11-15:35:09.439] [INFO] [AscendProfiler_ProfilingParser:88] CommunicationDbParser finish.
[2026-09-11-15:35:09.440] [INFO] [AscendProfiler_ProfilingParser:74] TraceStepTimeDbParser start.
[2026-09-11-15:35:09.610] [INFO] [AscendProfiler_ProfilingParser:83] TraceStepTimeDbParser finish.
[2026-09-11-15:35:09.610] [INFO] [AscendProfiler_ProfilingParser:64] DbParser finish.
[2026-09-11-15:35:10.183] [INFO] [AscendProfiler_ProfilingParser:473] ============================================================
[2026-09-11-15:35:10.183] [INFO] [AscendProfiler_ProfilingParser:474] Task execution completed
[2026-09-11-15:35:10.183] [INFO] [AscendProfiler_ProfilingParser:475] ============================================================
[2026-09-11-15:35:10.183] [INFO] [AscendProfiler_ProfilingParser:478] torch_op                  | PTHREAD         | Succeed    | 0.953s | deps: None
[2026-09-11-15:35:10.183] [INFO] [AscendProfiler_ProfilingParser:478] task_queue                | PTHREAD         | Succeed    | 1.062s | deps: None
[2026-09-11-15:35:10.183] [INFO] [AscendProfiler_ProfilingParser:478] trace_prepare             | SUB_PROCESS     | Succeed    | 2.023s | deps: torch_op, task_queue
[2026-09-11-15:35:10.183] [INFO] [AscendProfiler_ProfilingParser:478] build_tree                | PTHREAD         | Succeed    | 1.000s | deps: torch_op, task_queue
[2026-09-11-15:35:10.183] [INFO] [AscendProfiler_ProfilingParser:478] export                    | SUB_PROCESS     | Succeed    | 10.140s | deps: None
[2026-09-11-15:35:10.183] [INFO] [AscendProfiler_ProfilingParser:478] timeline                  | PTHREAD|NON_BLOCKING | Succeed    | 8.713s | deps: None
[2026-09-11-15:35:10.183] [INFO] [AscendProfiler_ProfilingParser:478] relation                  | PTHREAD         | Succeed    | 1.448s | deps: task_queue, timeline
[2026-09-11-15:35:10.184] [INFO] [AscendProfiler_ProfilingParser:478] memory_prepare            | PTHREAD         | Succeed    | 0.322s | deps: build_tree, task_queue, torch_op
[2026-09-11-15:35:10.184] [INFO] [AscendProfiler_ProfilingParser:478] analyze                   | SUB_PROCESS     | Succeed    | 1.077s | deps: timeline
[2026-09-11-15:35:10.184] [INFO] [AscendProfiler_ProfilingParser:478] operator                  | SUB_PROCESS     | Succeed    | 1.142s | deps: build_tree, timeline, relation, torch_op
[2026-09-11-15:35:10.184] [INFO] [AscendProfiler_ProfilingParser:478] trace                     | SUB_PROCESS     | Succeed    | 2.959s | deps: build_tree, trace_prepare, timeline, task_queue, torch_op
[2026-09-11-15:35:10.184] [INFO] [AscendProfiler_ProfilingParser:478] kernel                    | SUB_PROCESS     | Succeed    | 0.590s | deps: build_tree, export, relation
[2026-09-11-15:35:10.184] [INFO] [AscendProfiler_ProfilingParser:478] step_time                 | SUB_PROCESS     | Succeed    | 1.627s | deps: build_tree, timeline, relation, torch_op
[2026-09-11-15:35:10.184] [INFO] [AscendProfiler_ProfilingParser:478] memory                    | SUB_PROCESS     | Succeed    | 0.097s | deps: export, memory_prepare
[2026-09-11-15:35:10.184] [INFO] [AscendProfiler_ProfilingParser:478] integrate                 | SUB_PROCESS     | Succeed    | 0.388s | deps: export
[2026-09-11-15:35:10.184] [INFO] [AscendProfiler_ProfilingParser:478] communication             | SUB_PROCESS     | Succeed    | 0.103s | deps: build_tree, analyze, relation
[2026-09-11-15:35:10.184] [INFO] [AscendProfiler_ProfilingParser:478] db_prepare                | PTHREAD         | Succeed    | 1.376s | deps: torch_op, task_queue
[2026-09-11-15:35:10.184] [INFO] [AscendProfiler_ProfilingParser:478] torch_db                  | PTHREAD         | Succeed    | 1.611s | deps: export, memory_prepare, build_tree, analyze, db_prepare
