[2026-09-11-15:37:55.236] [INFO] [AscendProfiler_ProfilingParser:97] Profiler logger initialized at: /root/minigpt-v09/runs/v09_a3_compact_736dd7b/points/tp-short-2-vs-8-b1/attempt-000/output/profiler/rank_001/rank_001_3666664_20260911153752437_ascend_pt/logs/profiler_20260911153755_3667692_ProfilingParser.log
[2026-09-11-15:37:55.284] [INFO] [AscendProfiler_ProfilingParser:100] TorchOpParser start.
[2026-09-11-15:37:55.285] [INFO] [AscendProfiler_ProfilingParser:82] TaskQueueParser start.
[2026-09-11-15:37:55.327] [INFO] [AscendProfiler_ProfilingParser:208] CANNTimelineParser start.
[2026-09-11-15:37:56.231] [INFO] [AscendProfiler_ProfilingParser:106] TorchOpParser finish.
[2026-09-11-15:37:56.379] [INFO] [AscendProfiler_ProfilingParser:88] TaskQueueParser finish.
[2026-09-11-15:37:56.380] [INFO] [AscendProfiler_ProfilingParser:118] DbPreParser start.
[2026-09-11-15:37:56.380] [INFO] [AscendProfiler_ProfilingParser:62] TreeBuildParser start.
[2026-09-11-15:37:57.540] [INFO] [AscendProfiler_ProfilingParser:70] TreeBuildParser finish.
[2026-09-11-15:37:57.577] [INFO] [AscendProfiler_ProfilingParser:62] MemoryPrepareParser start.
[2026-09-11-15:37:57.914] [INFO] [AscendProfiler_ProfilingParser:75] MemoryPrepareParser finish.
[2026-09-11-15:37:57.972] [INFO] [AscendProfiler_ProfilingParser:129] DbPreParser finish.
[2026-09-11-15:38:04.071] [INFO] [AscendProfiler_ProfilingParser:218] CANNTimelineParser finish.
[2026-09-11-15:38:04.154] [INFO] [AscendProfiler_ProfilingParser:31] RelationParser start.
[2026-09-11-15:38:05.511] [INFO] [AscendProfiler_ProfilingParser:40] DbParser start.
[2026-09-11-15:38:05.515] [INFO] [AscendProfiler_ProfilingParser:38] RelationParser finish.
[2026-09-11-15:38:05.808] [INFO] [AscendProfiler_ProfilingParser:27] BasicDbParser start.
[2026-09-11-15:38:05.844] [INFO] [AscendProfiler_ProfilingParser:40] BasicDbParser finish.
[2026-09-11-15:38:05.845] [INFO] [AscendProfiler_ProfilingParser:31] FwkApiDbParser start.
[2026-09-11-15:38:05.845] [INFO] [AscendProfiler_ProfilingParser:36] FwkApiDbParser get fwk api data finish.
[2026-09-11-15:38:06.390] [INFO] [AscendProfiler_ProfilingParser:38] FwkApiDbParser get api data for db finish.
[2026-09-11-15:38:07.086] [INFO] [AscendProfiler_ProfilingParser:40] FwkApiDbParser save api data to db finish.
[2026-09-11-15:38:07.086] [INFO] [AscendProfiler_ProfilingParser:44] FwkApiDbParser finish.
[2026-09-11-15:38:07.089] [INFO] [AscendProfiler_ProfilingParser:82] MemoryDbParser start.
[2026-09-11-15:38:07.089] [INFO] [AscendProfiler_ProfilingParser:95] MemoryDbParser finish.
[2026-09-11-15:38:07.090] [INFO] [AscendProfiler_ProfilingParser:33] GCRecordDbParser start.
[2026-09-11-15:38:07.090] [INFO] [AscendProfiler_ProfilingParser:41] GCRecordDbParser finish.
[2026-09-11-15:38:07.090] [INFO] [AscendProfiler_ProfilingParser:36] StepInfoDbParser start.
[2026-09-11-15:38:07.437] [INFO] [AscendProfiler_ProfilingParser:43] StepInfoDbParser finish.
[2026-09-11-15:38:07.438] [INFO] [AscendProfiler_ProfilingParser:80] CommunicationDbParser start.
[2026-09-11-15:38:07.486] [INFO] [AscendProfiler_ProfilingParser:88] CommunicationDbParser finish.
[2026-09-11-15:38:07.486] [INFO] [AscendProfiler_ProfilingParser:74] TraceStepTimeDbParser start.
[2026-09-11-15:38:07.658] [INFO] [AscendProfiler_ProfilingParser:83] TraceStepTimeDbParser finish.
[2026-09-11-15:38:07.658] [INFO] [AscendProfiler_ProfilingParser:64] DbParser finish.
[2026-09-11-15:38:08.419] [INFO] [AscendProfiler_ProfilingParser:473] ============================================================
[2026-09-11-15:38:08.419] [INFO] [AscendProfiler_ProfilingParser:474] Task execution completed
[2026-09-11-15:38:08.419] [INFO] [AscendProfiler_ProfilingParser:475] ============================================================
[2026-09-11-15:38:08.419] [INFO] [AscendProfiler_ProfilingParser:478] torch_op                  | PTHREAD         | Succeed    | 0.963s | deps: None
[2026-09-11-15:38:08.419] [INFO] [AscendProfiler_ProfilingParser:478] task_queue                | PTHREAD         | Succeed    | 1.095s | deps: None
[2026-09-11-15:38:08.419] [INFO] [AscendProfiler_ProfilingParser:478] trace_prepare             | SUB_PROCESS     | Succeed    | 2.157s | deps: torch_op, task_queue
[2026-09-11-15:38:08.419] [INFO] [AscendProfiler_ProfilingParser:478] build_tree                | PTHREAD         | Succeed    | 1.165s | deps: torch_op, task_queue
[2026-09-11-15:38:08.419] [INFO] [AscendProfiler_ProfilingParser:478] export                    | SUB_PROCESS     | Succeed    | 10.200s | deps: None
[2026-09-11-15:38:08.419] [INFO] [AscendProfiler_ProfilingParser:478] timeline                  | PTHREAD|NON_BLOCKING | Succeed    | 8.744s | deps: None
[2026-09-11-15:38:08.420] [INFO] [AscendProfiler_ProfilingParser:478] relation                  | PTHREAD         | Succeed    | 1.450s | deps: task_queue, timeline
[2026-09-11-15:38:08.420] [INFO] [AscendProfiler_ProfilingParser:478] memory_prepare            | PTHREAD         | Succeed    | 0.374s | deps: build_tree, task_queue, torch_op
[2026-09-11-15:38:08.420] [INFO] [AscendProfiler_ProfilingParser:478] analyze                   | SUB_PROCESS     | Succeed    | 1.079s | deps: timeline
[2026-09-11-15:38:08.420] [INFO] [AscendProfiler_ProfilingParser:478] operator                  | SUB_PROCESS     | Succeed    | 1.316s | deps: build_tree, timeline, relation, torch_op
[2026-09-11-15:38:08.420] [INFO] [AscendProfiler_ProfilingParser:478] trace                     | SUB_PROCESS     | Succeed    | 3.327s | deps: build_tree, trace_prepare, timeline, task_queue, torch_op
[2026-09-11-15:38:08.420] [INFO] [AscendProfiler_ProfilingParser:478] kernel                    | SUB_PROCESS     | Succeed    | 0.883s | deps: build_tree, export, relation
[2026-09-11-15:38:08.420] [INFO] [AscendProfiler_ProfilingParser:478] step_time                 | SUB_PROCESS     | Succeed    | 2.220s | deps: build_tree, timeline, relation, torch_op
[2026-09-11-15:38:08.420] [INFO] [AscendProfiler_ProfilingParser:478] memory                    | SUB_PROCESS     | Succeed    | 0.248s | deps: export, memory_prepare
[2026-09-11-15:38:08.420] [INFO] [AscendProfiler_ProfilingParser:478] integrate                 | SUB_PROCESS     | Succeed    | 0.506s | deps: export
[2026-09-11-15:38:08.420] [INFO] [AscendProfiler_ProfilingParser:478] communication             | SUB_PROCESS     | Succeed    | 0.220s | deps: build_tree, analyze, relation
[2026-09-11-15:38:08.420] [INFO] [AscendProfiler_ProfilingParser:478] db_prepare                | PTHREAD         | Succeed    | 1.592s | deps: torch_op, task_queue
[2026-09-11-15:38:08.420] [INFO] [AscendProfiler_ProfilingParser:478] torch_db                  | PTHREAD         | Succeed    | 2.184s | deps: export, memory_prepare, build_tree, analyze, db_prepare
