[2026-09-11-15:34:58.198] [INFO] [AscendProfiler_ProfilingParser:97] Profiler logger initialized at: /root/minigpt-v09/runs/v09_a3_compact_736dd7b/points/tp-short-2-vs-8-b0/attempt-000/output/profiler/rank_000/rank_000_3663162_20260911153455076_ascend_pt/logs/profiler_20260911153458_3664352_ProfilingParser.log
[2026-09-11-15:34:58.242] [INFO] [AscendProfiler_ProfilingParser:100] TorchOpParser start.
[2026-09-11-15:34:58.243] [INFO] [AscendProfiler_ProfilingParser:82] TaskQueueParser start.
[2026-09-11-15:34:58.308] [INFO] [AscendProfiler_ProfilingParser:208] CANNTimelineParser start.
[2026-09-11-15:34:59.304] [INFO] [AscendProfiler_ProfilingParser:106] TorchOpParser finish.
[2026-09-11-15:34:59.450] [INFO] [AscendProfiler_ProfilingParser:88] TaskQueueParser finish.
[2026-09-11-15:34:59.451] [INFO] [AscendProfiler_ProfilingParser:62] TreeBuildParser start.
[2026-09-11-15:34:59.602] [INFO] [AscendProfiler_ProfilingParser:118] DbPreParser start.
[2026-09-11-15:35:00.319] [INFO] [AscendProfiler_ProfilingParser:70] TreeBuildParser finish.
[2026-09-11-15:35:00.335] [INFO] [AscendProfiler_ProfilingParser:62] MemoryPrepareParser start.
[2026-09-11-15:35:00.708] [INFO] [AscendProfiler_ProfilingParser:75] MemoryPrepareParser finish.
[2026-09-11-15:35:00.834] [INFO] [AscendProfiler_ProfilingParser:129] DbPreParser finish.
[2026-09-11-15:35:07.011] [INFO] [AscendProfiler_ProfilingParser:218] CANNTimelineParser finish.
[2026-09-11-15:35:07.083] [INFO] [AscendProfiler_ProfilingParser:31] RelationParser start.
[2026-09-11-15:35:08.661] [INFO] [AscendProfiler_ProfilingParser:40] DbParser start.
[2026-09-11-15:35:08.806] [INFO] [AscendProfiler_ProfilingParser:38] RelationParser finish.
[2026-09-11-15:35:08.999] [INFO] [AscendProfiler_ProfilingParser:27] BasicDbParser start.
[2026-09-11-15:35:09.086] [INFO] [AscendProfiler_ProfilingParser:40] BasicDbParser finish.
[2026-09-11-15:35:09.086] [INFO] [AscendProfiler_ProfilingParser:31] FwkApiDbParser start.
[2026-09-11-15:35:09.087] [INFO] [AscendProfiler_ProfilingParser:36] FwkApiDbParser get fwk api data finish.
[2026-09-11-15:35:09.437] [INFO] [AscendProfiler_ProfilingParser:38] FwkApiDbParser get api data for db finish.
[2026-09-11-15:35:10.081] [INFO] [AscendProfiler_ProfilingParser:40] FwkApiDbParser save api data to db finish.
[2026-09-11-15:35:10.081] [INFO] [AscendProfiler_ProfilingParser:44] FwkApiDbParser finish.
[2026-09-11-15:35:10.083] [INFO] [AscendProfiler_ProfilingParser:82] MemoryDbParser start.
[2026-09-11-15:35:10.083] [INFO] [AscendProfiler_ProfilingParser:95] MemoryDbParser finish.
[2026-09-11-15:35:10.084] [INFO] [AscendProfiler_ProfilingParser:33] GCRecordDbParser start.
[2026-09-11-15:35:10.084] [INFO] [AscendProfiler_ProfilingParser:41] GCRecordDbParser finish.
[2026-09-11-15:35:10.084] [INFO] [AscendProfiler_ProfilingParser:36] StepInfoDbParser start.
[2026-09-11-15:35:10.431] [INFO] [AscendProfiler_ProfilingParser:43] StepInfoDbParser finish.
[2026-09-11-15:35:10.431] [INFO] [AscendProfiler_ProfilingParser:80] CommunicationDbParser start.
[2026-09-11-15:35:10.474] [INFO] [AscendProfiler_ProfilingParser:88] CommunicationDbParser finish.
[2026-09-11-15:35:10.474] [INFO] [AscendProfiler_ProfilingParser:74] TraceStepTimeDbParser start.
[2026-09-11-15:35:10.640] [INFO] [AscendProfiler_ProfilingParser:83] TraceStepTimeDbParser finish.
[2026-09-11-15:35:10.641] [INFO] [AscendProfiler_ProfilingParser:64] DbParser finish.
[2026-09-11-15:35:11.174] [INFO] [AscendProfiler_ProfilingParser:473] ============================================================
[2026-09-11-15:35:11.174] [INFO] [AscendProfiler_ProfilingParser:474] Task execution completed
[2026-09-11-15:35:11.174] [INFO] [AscendProfiler_ProfilingParser:475] ============================================================
[2026-09-11-15:35:11.174] [INFO] [AscendProfiler_ProfilingParser:478] torch_op                  | PTHREAD         | Succeed    | 1.062s | deps: None
[2026-09-11-15:35:11.174] [INFO] [AscendProfiler_ProfilingParser:478] task_queue                | PTHREAD         | Succeed    | 1.208s | deps: None
[2026-09-11-15:35:11.174] [INFO] [AscendProfiler_ProfilingParser:478] trace_prepare             | SUB_PROCESS     | Succeed    | 2.150s | deps: torch_op, task_queue
[2026-09-11-15:35:11.174] [INFO] [AscendProfiler_ProfilingParser:478] build_tree                | PTHREAD         | Succeed    | 0.879s | deps: torch_op, task_queue
[2026-09-11-15:35:11.175] [INFO] [AscendProfiler_ProfilingParser:478] export                    | SUB_PROCESS     | Succeed    | 10.277s | deps: None
[2026-09-11-15:35:11.175] [INFO] [AscendProfiler_ProfilingParser:478] timeline                  | PTHREAD|NON_BLOCKING | Succeed    | 8.703s | deps: None
[2026-09-11-15:35:11.175] [INFO] [AscendProfiler_ProfilingParser:478] relation                  | PTHREAD         | Succeed    | 1.725s | deps: task_queue, timeline
[2026-09-11-15:35:11.175] [INFO] [AscendProfiler_ProfilingParser:478] memory_prepare            | PTHREAD         | Succeed    | 0.389s | deps: build_tree, task_queue, torch_op
[2026-09-11-15:35:11.175] [INFO] [AscendProfiler_ProfilingParser:478] analyze                   | SUB_PROCESS     | Succeed    | 1.116s | deps: timeline
[2026-09-11-15:35:11.175] [INFO] [AscendProfiler_ProfilingParser:478] operator                  | SUB_PROCESS     | Succeed    | 1.072s | deps: build_tree, timeline, relation, torch_op
[2026-09-11-15:35:11.175] [INFO] [AscendProfiler_ProfilingParser:478] trace                     | SUB_PROCESS     | Succeed    | 2.601s | deps: build_tree, trace_prepare, timeline, task_queue, torch_op
[2026-09-11-15:35:11.175] [INFO] [AscendProfiler_ProfilingParser:478] kernel                    | SUB_PROCESS     | Succeed    | 0.637s | deps: build_tree, export, relation
[2026-09-11-15:35:11.175] [INFO] [AscendProfiler_ProfilingParser:478] step_time                 | SUB_PROCESS     | Succeed    | 1.519s | deps: build_tree, timeline, relation, torch_op
[2026-09-11-15:35:11.175] [INFO] [AscendProfiler_ProfilingParser:478] memory                    | SUB_PROCESS     | Succeed    | 0.259s | deps: export, memory_prepare
[2026-09-11-15:35:11.175] [INFO] [AscendProfiler_ProfilingParser:478] integrate                 | SUB_PROCESS     | Succeed    | 0.445s | deps: export
[2026-09-11-15:35:11.175] [INFO] [AscendProfiler_ProfilingParser:478] communication             | SUB_PROCESS     | Succeed    | 0.137s | deps: build_tree, analyze, relation
[2026-09-11-15:35:11.175] [INFO] [AscendProfiler_ProfilingParser:478] db_prepare                | PTHREAD         | Succeed    | 1.248s | deps: torch_op, task_queue
[2026-09-11-15:35:11.175] [INFO] [AscendProfiler_ProfilingParser:478] torch_db                  | PTHREAD         | Succeed    | 2.003s | deps: export, memory_prepare, build_tree, analyze, db_prepare
