[2026-09-11-15:40:45.534] [INFO] [AscendProfiler_ProfilingParser:97] Profiler logger initialized at: /root/minigpt-v09/runs/v09_a3_compact_736dd7b/points/tp-short-2-vs-8-a1/attempt-000/output/profiler/rank_000/rank_000_3669973_20260911154043804_ascend_pt/logs/profiler_20260911154045_3670186_ProfilingParser.log
[2026-09-11-15:40:45.576] [INFO] [AscendProfiler_ProfilingParser:100] TorchOpParser start.
[2026-09-11-15:40:45.577] [INFO] [AscendProfiler_ProfilingParser:82] TaskQueueParser start.
[2026-09-11-15:40:45.629] [INFO] [AscendProfiler_ProfilingParser:208] CANNTimelineParser start.
[2026-09-11-15:40:46.513] [INFO] [AscendProfiler_ProfilingParser:106] TorchOpParser finish.
[2026-09-11-15:40:46.646] [INFO] [AscendProfiler_ProfilingParser:88] TaskQueueParser finish.
[2026-09-11-15:40:46.647] [INFO] [AscendProfiler_ProfilingParser:118] DbPreParser start.
[2026-09-11-15:40:46.647] [INFO] [AscendProfiler_ProfilingParser:62] TreeBuildParser start.
[2026-09-11-15:40:47.596] [INFO] [AscendProfiler_ProfilingParser:70] TreeBuildParser finish.
[2026-09-11-15:40:47.647] [INFO] [AscendProfiler_ProfilingParser:62] MemoryPrepareParser start.
[2026-09-11-15:40:47.905] [INFO] [AscendProfiler_ProfilingParser:75] MemoryPrepareParser finish.
[2026-09-11-15:40:47.966] [INFO] [AscendProfiler_ProfilingParser:129] DbPreParser finish.
[2026-09-11-15:40:55.312] [INFO] [AscendProfiler_ProfilingParser:218] CANNTimelineParser finish.
[2026-09-11-15:40:55.313] [INFO] [AscendProfiler_ProfilingParser:31] RelationParser start.
[2026-09-11-15:40:56.803] [INFO] [AscendProfiler_ProfilingParser:40] DbParser start.
[2026-09-11-15:40:57.455] [INFO] [AscendProfiler_ProfilingParser:38] RelationParser finish.
[2026-09-11-15:40:57.456] [INFO] [AscendProfiler_ProfilingParser:27] BasicDbParser start.
[2026-09-11-15:40:57.860] [INFO] [AscendProfiler_ProfilingParser:40] BasicDbParser finish.
[2026-09-11-15:40:57.860] [INFO] [AscendProfiler_ProfilingParser:31] FwkApiDbParser start.
[2026-09-11-15:40:57.860] [INFO] [AscendProfiler_ProfilingParser:36] FwkApiDbParser get fwk api data finish.
[2026-09-11-15:40:58.123] [INFO] [AscendProfiler_ProfilingParser:38] FwkApiDbParser get api data for db finish.
[2026-09-11-15:40:58.702] [INFO] [AscendProfiler_ProfilingParser:40] FwkApiDbParser save api data to db finish.
[2026-09-11-15:40:58.703] [INFO] [AscendProfiler_ProfilingParser:44] FwkApiDbParser finish.
[2026-09-11-15:40:58.705] [INFO] [AscendProfiler_ProfilingParser:82] MemoryDbParser start.
[2026-09-11-15:40:58.706] [INFO] [AscendProfiler_ProfilingParser:95] MemoryDbParser finish.
[2026-09-11-15:40:58.706] [INFO] [AscendProfiler_ProfilingParser:33] GCRecordDbParser start.
[2026-09-11-15:40:58.706] [INFO] [AscendProfiler_ProfilingParser:41] GCRecordDbParser finish.
[2026-09-11-15:40:58.707] [INFO] [AscendProfiler_ProfilingParser:36] StepInfoDbParser start.
[2026-09-11-15:40:59.084] [INFO] [AscendProfiler_ProfilingParser:43] StepInfoDbParser finish.
[2026-09-11-15:40:59.084] [INFO] [AscendProfiler_ProfilingParser:80] CommunicationDbParser start.
[2026-09-11-15:40:59.115] [INFO] [AscendProfiler_ProfilingParser:88] CommunicationDbParser finish.
[2026-09-11-15:40:59.115] [INFO] [AscendProfiler_ProfilingParser:74] TraceStepTimeDbParser start.
[2026-09-11-15:40:59.286] [INFO] [AscendProfiler_ProfilingParser:83] TraceStepTimeDbParser finish.
[2026-09-11-15:40:59.287] [INFO] [AscendProfiler_ProfilingParser:64] DbParser finish.
[2026-09-11-15:41:00.004] [INFO] [AscendProfiler_ProfilingParser:473] ============================================================
[2026-09-11-15:41:00.004] [INFO] [AscendProfiler_ProfilingParser:474] Task execution completed
[2026-09-11-15:41:00.004] [INFO] [AscendProfiler_ProfilingParser:475] ============================================================
[2026-09-11-15:41:00.004] [INFO] [AscendProfiler_ProfilingParser:478] torch_op                  | PTHREAD         | Succeed    | 0.948s | deps: None
[2026-09-11-15:41:00.004] [INFO] [AscendProfiler_ProfilingParser:478] task_queue                | PTHREAD         | Succeed    | 1.070s | deps: None
[2026-09-11-15:41:00.004] [INFO] [AscendProfiler_ProfilingParser:478] trace_prepare             | SUB_PROCESS     | Succeed    | 2.166s | deps: torch_op, task_queue
[2026-09-11-15:41:00.004] [INFO] [AscendProfiler_ProfilingParser:478] build_tree                | PTHREAD         | Succeed    | 0.974s | deps: torch_op, task_queue
[2026-09-11-15:41:00.004] [INFO] [AscendProfiler_ProfilingParser:478] export                    | SUB_PROCESS     | Succeed    | 11.095s | deps: None
[2026-09-11-15:41:00.004] [INFO] [AscendProfiler_ProfilingParser:478] timeline                  | PTHREAD|NON_BLOCKING | Succeed    | 9.685s | deps: None
[2026-09-11-15:41:00.004] [INFO] [AscendProfiler_ProfilingParser:478] relation                  | PTHREAD         | Succeed    | 2.143s | deps: task_queue, timeline
[2026-09-11-15:41:00.004] [INFO] [AscendProfiler_ProfilingParser:478] memory_prepare            | PTHREAD         | Succeed    | 0.290s | deps: build_tree, task_queue, torch_op
[2026-09-11-15:41:00.004] [INFO] [AscendProfiler_ProfilingParser:478] analyze                   | SUB_PROCESS     | Succeed    | 1.114s | deps: timeline
[2026-09-11-15:41:00.004] [INFO] [AscendProfiler_ProfilingParser:478] operator                  | SUB_PROCESS     | Succeed    | 0.916s | deps: build_tree, timeline, relation, torch_op
[2026-09-11-15:41:00.004] [INFO] [AscendProfiler_ProfilingParser:478] trace                     | SUB_PROCESS     | Succeed    | 3.064s | deps: build_tree, trace_prepare, timeline, task_queue, torch_op
[2026-09-11-15:41:00.004] [INFO] [AscendProfiler_ProfilingParser:478] kernel                    | SUB_PROCESS     | Succeed    | 0.625s | deps: build_tree, export, relation
[2026-09-11-15:41:00.004] [INFO] [AscendProfiler_ProfilingParser:478] step_time                 | SUB_PROCESS     | Succeed    | 1.701s | deps: build_tree, timeline, relation, torch_op
[2026-09-11-15:41:00.004] [INFO] [AscendProfiler_ProfilingParser:478] memory                    | SUB_PROCESS     | Succeed    | 0.385s | deps: export, memory_prepare
[2026-09-11-15:41:00.004] [INFO] [AscendProfiler_ProfilingParser:478] integrate                 | SUB_PROCESS     | Succeed    | 0.603s | deps: export
[2026-09-11-15:41:00.005] [INFO] [AscendProfiler_ProfilingParser:478] communication             | SUB_PROCESS     | Succeed    | 0.315s | deps: build_tree, analyze, relation
[2026-09-11-15:41:00.005] [INFO] [AscendProfiler_ProfilingParser:478] db_prepare                | PTHREAD         | Succeed    | 1.319s | deps: torch_op, task_queue
[2026-09-11-15:41:00.005] [INFO] [AscendProfiler_ProfilingParser:478] torch_db                  | PTHREAD         | Succeed    | 2.511s | deps: export, memory_prepare, build_tree, analyze, db_prepare
