W0904 12:18:02.323000 2079631 site-packages/torch/distributed/run.py:852] 
W0904 12:18:02.323000 2079631 site-packages/torch/distributed/run.py:852] *****************************************
W0904 12:18:02.323000 2079631 site-packages/torch/distributed/run.py:852] Setting OMP_NUM_THREADS environment variable for each process to be 1 in default, to avoid your system being overloaded, please further tune the variable for optimal performance in your application as needed. 
W0904 12:18:02.323000 2079631 site-packages/torch/distributed/run.py:852] *****************************************
[W904 12:18:06.480688820 ProcessGroupHCCL.cpp:1302] Warning: The watchdog timeout 600000ms(which is set by init_process_group) is less than or equal to HCCL execution timeout 1836000ms! The plog may not be recorded. (function ProcessGroupHCCL)
[rank0]:[W904 12:18:06.487365940 NPUCachingAllocator.cpp:204] Warning: The current CANN and HDK(driver) versions require processing for 32 padding size, with memory allocation. (function operator())
/usr/local/lib/python3.12/site-packages/torch/distributed/c10d_logger.py:83: UserWarning: barrier(): using the device under current context. You can specify `device_id` in `init_process_group` to mute this warning.
  return func(*args, **kwargs)
================================================================================
Tensor Parallel collective Benchmark
world size       : 2
backend          : hccl
evidence class   : formal_collective_measurement
all_reduce    0.25 MiB median=0.338 ms
all_gather    0.25 MiB median=0.347 ms
all_reduce    1.00 MiB median=0.306 ms
all_gather    1.00 MiB median=0.338 ms
all_reduce    4.00 MiB median=0.346 ms
all_gather    4.00 MiB median=0.410 ms
报告              : /root/minigpt-train/runs/tp2_collectives.json
