W0904 12:18:43.227000 2080118 site-packages/torch/distributed/run.py:852] 
W0904 12:18:43.227000 2080118 site-packages/torch/distributed/run.py:852] *****************************************
W0904 12:18:43.227000 2080118 site-packages/torch/distributed/run.py:852] Setting OMP_NUM_THREADS environment variable for each process to be 1 in default, to avoid your system being overloaded, please further tune the variable for optimal performance in your application as needed. 
W0904 12:18:43.227000 2080118 site-packages/torch/distributed/run.py:852] *****************************************
[W904 12:18:47.401203540 ProcessGroupHCCL.cpp:1302] Warning: The watchdog timeout 600000ms(which is set by init_process_group) is less than or equal to HCCL execution timeout 1836000ms! The plog may not be recorded. (function ProcessGroupHCCL)
[rank0]:[W904 12:18:47.407809080 NPUCachingAllocator.cpp:204] Warning: The current CANN and HDK(driver) versions require processing for 32 padding size, with memory allocation. (function operator())
/usr/local/lib/python3.12/site-packages/torch/distributed/c10d_logger.py:83: UserWarning: barrier(): using the device under current context. You can specify `device_id` in `init_process_group` to mute this warning.
  return func(*args, **kwargs)
================================================================================
Tensor Parallel collective Benchmark
world size       : 4
backend          : hccl
evidence class   : formal_collective_measurement
all_reduce    0.25 MiB median=0.370 ms
all_gather    0.25 MiB median=0.418 ms
all_reduce    1.00 MiB median=0.312 ms
all_gather    1.00 MiB median=0.590 ms
all_reduce    4.00 MiB median=0.514 ms
all_gather    4.00 MiB median=0.638 ms
报告              : /root/minigpt-train/runs/tp4_collectives.json
