[2026-09-11-15:49:38.638] [INFO] [AscendProfiler_ProfilingParser:97] Profiler logger initialized at: /root/minigpt-v09/runs/v09_a3_compact_736dd7b/points/batching-short-tp8-b1/attempt-000/output/profiler/rank_000/rank_000_3678065_20260911154935877_ascend_pt/logs/profiler_20260911154938_3679095_ProfilingParser.log
[2026-09-11-15:49:38.684] [INFO] [AscendProfiler_ProfilingParser:100] TorchOpParser start.
[2026-09-11-15:49:38.685] [INFO] [AscendProfiler_ProfilingParser:82] TaskQueueParser start.
[2026-09-11-15:49:38.735] [INFO] [AscendProfiler_ProfilingParser:208] CANNTimelineParser start.
[2026-09-11-15:49:39.706] [INFO] [AscendProfiler_ProfilingParser:106] TorchOpParser finish.
[2026-09-11-15:49:39.834] [INFO] [AscendProfiler_ProfilingParser:88] TaskQueueParser finish.
[2026-09-11-15:49:39.897] [INFO] [AscendProfiler_ProfilingParser:118] DbPreParser start.
[2026-09-11-15:49:39.898] [INFO] [AscendProfiler_ProfilingParser:62] TreeBuildParser start.
[2026-09-11-15:49:40.857] [INFO] [AscendProfiler_ProfilingParser:70] TreeBuildParser finish.
[2026-09-11-15:49:40.889] [INFO] [AscendProfiler_ProfilingParser:62] MemoryPrepareParser start.
[2026-09-11-15:49:41.163] [INFO] [AscendProfiler_ProfilingParser:75] MemoryPrepareParser finish.
[2026-09-11-15:49:41.213] [INFO] [AscendProfiler_ProfilingParser:129] DbPreParser finish.
[2026-09-11-15:49:47.454] [INFO] [AscendProfiler_ProfilingParser:218] CANNTimelineParser finish.
[2026-09-11-15:49:47.518] [INFO] [AscendProfiler_ProfilingParser:31] RelationParser start.
[2026-09-11-15:49:48.939] [INFO] [AscendProfiler_ProfilingParser:40] DbParser start.
[2026-09-11-15:49:48.954] [INFO] [AscendProfiler_ProfilingParser:38] RelationParser finish.
[2026-09-11-15:49:49.232] [INFO] [AscendProfiler_ProfilingParser:27] BasicDbParser start.
[2026-09-11-15:49:49.378] [INFO] [AscendProfiler_ProfilingParser:40] BasicDbParser finish.
[2026-09-11-15:49:49.378] [INFO] [AscendProfiler_ProfilingParser:31] FwkApiDbParser start.
[2026-09-11-15:49:49.379] [INFO] [AscendProfiler_ProfilingParser:36] FwkApiDbParser get fwk api data finish.
[2026-09-11-15:49:49.698] [INFO] [AscendProfiler_ProfilingParser:38] FwkApiDbParser get api data for db finish.
[2026-09-11-15:49:50.381] [INFO] [AscendProfiler_ProfilingParser:40] FwkApiDbParser save api data to db finish.
[2026-09-11-15:49:50.381] [INFO] [AscendProfiler_ProfilingParser:44] FwkApiDbParser finish.
[2026-09-11-15:49:50.388] [INFO] [AscendProfiler_ProfilingParser:82] MemoryDbParser start.
[2026-09-11-15:49:50.389] [INFO] [AscendProfiler_ProfilingParser:95] MemoryDbParser finish.
[2026-09-11-15:49:50.389] [INFO] [AscendProfiler_ProfilingParser:33] GCRecordDbParser start.
[2026-09-11-15:49:50.389] [INFO] [AscendProfiler_ProfilingParser:41] GCRecordDbParser finish.
[2026-09-11-15:49:50.389] [INFO] [AscendProfiler_ProfilingParser:36] StepInfoDbParser start.
[2026-09-11-15:49:50.741] [INFO] [AscendProfiler_ProfilingParser:43] StepInfoDbParser finish.
[2026-09-11-15:49:50.742] [INFO] [AscendProfiler_ProfilingParser:80] CommunicationDbParser start.
[2026-09-11-15:49:50.790] [INFO] [AscendProfiler_ProfilingParser:88] CommunicationDbParser finish.
[2026-09-11-15:49:50.791] [INFO] [AscendProfiler_ProfilingParser:74] TraceStepTimeDbParser start.
[2026-09-11-15:49:50.968] [INFO] [AscendProfiler_ProfilingParser:83] TraceStepTimeDbParser finish.
[2026-09-11-15:49:50.969] [INFO] [AscendProfiler_ProfilingParser:64] DbParser finish.
[2026-09-11-15:49:51.747] [INFO] [AscendProfiler_ProfilingParser:473] ============================================================
[2026-09-11-15:49:51.747] [INFO] [AscendProfiler_ProfilingParser:474] Task execution completed
[2026-09-11-15:49:51.747] [INFO] [AscendProfiler_ProfilingParser:475] ============================================================
[2026-09-11-15:49:51.747] [INFO] [AscendProfiler_ProfilingParser:478] torch_op                  | PTHREAD         | Succeed    | 1.033s | deps: None
[2026-09-11-15:49:51.747] [INFO] [AscendProfiler_ProfilingParser:478] task_queue                | PTHREAD         | Succeed    | 1.150s | deps: None
[2026-09-11-15:49:51.747] [INFO] [AscendProfiler_ProfilingParser:478] trace_prepare             | SUB_PROCESS     | Succeed    | 2.252s | deps: torch_op, task_queue
[2026-09-11-15:49:51.747] [INFO] [AscendProfiler_ProfilingParser:478] build_tree                | PTHREAD         | Succeed    | 0.966s | deps: torch_op, task_queue
[2026-09-11-15:49:51.747] [INFO] [AscendProfiler_ProfilingParser:478] export                    | SUB_PROCESS     | Succeed    | 10.234s | deps: None
[2026-09-11-15:49:51.747] [INFO] [AscendProfiler_ProfilingParser:478] timeline                  | PTHREAD|NON_BLOCKING | Succeed    | 8.720s | deps: None
[2026-09-11-15:49:51.747] [INFO] [AscendProfiler_ProfilingParser:478] relation                  | PTHREAD         | Succeed    | 1.593s | deps: task_queue, timeline
[2026-09-11-15:49:51.747] [INFO] [AscendProfiler_ProfilingParser:478] memory_prepare            | PTHREAD         | Succeed    | 0.301s | deps: build_tree, task_queue, torch_op
[2026-09-11-15:49:51.747] [INFO] [AscendProfiler_ProfilingParser:478] analyze                   | SUB_PROCESS     | Succeed    | 1.086s | deps: timeline
[2026-09-11-15:49:51.747] [INFO] [AscendProfiler_ProfilingParser:478] operator                  | SUB_PROCESS     | Succeed    | 1.092s | deps: build_tree, timeline, relation, torch_op
[2026-09-11-15:49:51.748] [INFO] [AscendProfiler_ProfilingParser:478] trace                     | SUB_PROCESS     | Succeed    | 2.738s | deps: build_tree, trace_prepare, timeline, task_queue, torch_op
[2026-09-11-15:49:51.748] [INFO] [AscendProfiler_ProfilingParser:478] kernel                    | SUB_PROCESS     | Succeed    | 0.636s | deps: build_tree, export, relation
[2026-09-11-15:49:51.748] [INFO] [AscendProfiler_ProfilingParser:478] step_time                 | SUB_PROCESS     | Succeed    | 1.909s | deps: build_tree, timeline, relation, torch_op
[2026-09-11-15:49:51.748] [INFO] [AscendProfiler_ProfilingParser:478] memory                    | SUB_PROCESS     | Succeed    | 0.171s | deps: export, memory_prepare
[2026-09-11-15:49:51.748] [INFO] [AscendProfiler_ProfilingParser:478] integrate                 | SUB_PROCESS     | Succeed    | 0.389s | deps: export
[2026-09-11-15:49:51.748] [INFO] [AscendProfiler_ProfilingParser:478] communication             | SUB_PROCESS     | Succeed    | 0.134s | deps: build_tree, analyze, relation
[2026-09-11-15:49:51.748] [INFO] [AscendProfiler_ProfilingParser:478] db_prepare                | PTHREAD         | Succeed    | 1.317s | deps: torch_op, task_queue
[2026-09-11-15:49:51.748] [INFO] [AscendProfiler_ProfilingParser:478] torch_db                  | PTHREAD         | Succeed    | 2.058s | deps: export, memory_prepare, build_tree, analyze, db_prepare
