[2026-09-11-15:43:32.305] [INFO] [AscendProfiler_ProfilingParser:97] Profiler logger initialized at: /root/minigpt-v09/runs/v09_a3_compact_736dd7b/points/batching-short-tp8-a0/attempt-000/output/profiler/rank_003/rank_003_3671042_20260911154329162_ascend_pt/logs/profiler_20260911154332_3672124_ProfilingParser.log
[2026-09-11-15:43:32.351] [INFO] [AscendProfiler_ProfilingParser:100] TorchOpParser start.
[2026-09-11-15:43:32.352] [INFO] [AscendProfiler_ProfilingParser:82] TaskQueueParser start.
[2026-09-11-15:43:32.381] [INFO] [AscendProfiler_ProfilingParser:208] CANNTimelineParser start.
[2026-09-11-15:43:33.297] [INFO] [AscendProfiler_ProfilingParser:106] TorchOpParser finish.
[2026-09-11-15:43:33.440] [INFO] [AscendProfiler_ProfilingParser:88] TaskQueueParser finish.
[2026-09-11-15:43:33.441] [INFO] [AscendProfiler_ProfilingParser:62] TreeBuildParser start.
[2026-09-11-15:43:33.441] [INFO] [AscendProfiler_ProfilingParser:118] DbPreParser start.
[2026-09-11-15:43:34.490] [INFO] [AscendProfiler_ProfilingParser:70] TreeBuildParser finish.
[2026-09-11-15:43:34.516] [INFO] [AscendProfiler_ProfilingParser:62] MemoryPrepareParser start.
[2026-09-11-15:43:34.887] [INFO] [AscendProfiler_ProfilingParser:75] MemoryPrepareParser finish.
[2026-09-11-15:43:34.944] [INFO] [AscendProfiler_ProfilingParser:129] DbPreParser finish.
[2026-09-11-15:43:41.190] [INFO] [AscendProfiler_ProfilingParser:218] CANNTimelineParser finish.
[2026-09-11-15:43:41.232] [INFO] [AscendProfiler_ProfilingParser:31] RelationParser start.
[2026-09-11-15:43:42.628] [INFO] [AscendProfiler_ProfilingParser:38] RelationParser finish.
[2026-09-11-15:43:42.718] [INFO] [AscendProfiler_ProfilingParser:40] DbParser start.
[2026-09-11-15:43:42.971] [INFO] [AscendProfiler_ProfilingParser:27] BasicDbParser start.
[2026-09-11-15:43:42.986] [INFO] [AscendProfiler_ProfilingParser:40] BasicDbParser finish.
[2026-09-11-15:43:42.987] [INFO] [AscendProfiler_ProfilingParser:31] FwkApiDbParser start.
[2026-09-11-15:43:42.987] [INFO] [AscendProfiler_ProfilingParser:36] FwkApiDbParser get fwk api data finish.
[2026-09-11-15:43:43.405] [INFO] [AscendProfiler_ProfilingParser:38] FwkApiDbParser get api data for db finish.
[2026-09-11-15:43:44.076] [INFO] [AscendProfiler_ProfilingParser:40] FwkApiDbParser save api data to db finish.
[2026-09-11-15:43:44.076] [INFO] [AscendProfiler_ProfilingParser:44] FwkApiDbParser finish.
[2026-09-11-15:43:44.079] [INFO] [AscendProfiler_ProfilingParser:82] MemoryDbParser start.
[2026-09-11-15:43:44.079] [INFO] [AscendProfiler_ProfilingParser:95] MemoryDbParser finish.
[2026-09-11-15:43:44.080] [INFO] [AscendProfiler_ProfilingParser:33] GCRecordDbParser start.
[2026-09-11-15:43:44.080] [INFO] [AscendProfiler_ProfilingParser:41] GCRecordDbParser finish.
[2026-09-11-15:43:44.080] [INFO] [AscendProfiler_ProfilingParser:36] StepInfoDbParser start.
[2026-09-11-15:43:44.460] [INFO] [AscendProfiler_ProfilingParser:43] StepInfoDbParser finish.
[2026-09-11-15:43:44.461] [INFO] [AscendProfiler_ProfilingParser:80] CommunicationDbParser start.
[2026-09-11-15:43:44.510] [INFO] [AscendProfiler_ProfilingParser:88] CommunicationDbParser finish.
[2026-09-11-15:43:44.510] [INFO] [AscendProfiler_ProfilingParser:74] TraceStepTimeDbParser start.
[2026-09-11-15:43:44.717] [INFO] [AscendProfiler_ProfilingParser:83] TraceStepTimeDbParser finish.
[2026-09-11-15:43:44.718] [INFO] [AscendProfiler_ProfilingParser:64] DbParser finish.
[2026-09-11-15:43:45.292] [INFO] [AscendProfiler_ProfilingParser:473] ============================================================
[2026-09-11-15:43:45.293] [INFO] [AscendProfiler_ProfilingParser:474] Task execution completed
[2026-09-11-15:43:45.293] [INFO] [AscendProfiler_ProfilingParser:475] ============================================================
[2026-09-11-15:43:45.293] [INFO] [AscendProfiler_ProfilingParser:478] torch_op                  | PTHREAD         | Succeed    | 0.967s | deps: None
[2026-09-11-15:43:45.293] [INFO] [AscendProfiler_ProfilingParser:478] task_queue                | PTHREAD         | Succeed    | 1.089s | deps: None
[2026-09-11-15:43:45.293] [INFO] [AscendProfiler_ProfilingParser:478] trace_prepare             | SUB_PROCESS     | Succeed    | 2.364s | deps: torch_op, task_queue
[2026-09-11-15:43:45.293] [INFO] [AscendProfiler_ProfilingParser:478] build_tree                | PTHREAD         | Succeed    | 1.055s | deps: torch_op, task_queue
[2026-09-11-15:43:45.293] [INFO] [AscendProfiler_ProfilingParser:478] export                    | SUB_PROCESS     | Succeed    | 10.240s | deps: None
[2026-09-11-15:43:45.293] [INFO] [AscendProfiler_ProfilingParser:478] timeline                  | PTHREAD|NON_BLOCKING | Succeed    | 8.810s | deps: None
[2026-09-11-15:43:45.293] [INFO] [AscendProfiler_ProfilingParser:478] relation                  | PTHREAD         | Succeed    | 1.489s | deps: task_queue, timeline
[2026-09-11-15:43:45.293] [INFO] [AscendProfiler_ProfilingParser:478] memory_prepare            | PTHREAD         | Succeed    | 0.392s | deps: build_tree, task_queue, torch_op
[2026-09-11-15:43:45.293] [INFO] [AscendProfiler_ProfilingParser:478] analyze                   | SUB_PROCESS     | Succeed    | 1.068s | deps: timeline
[2026-09-11-15:43:45.293] [INFO] [AscendProfiler_ProfilingParser:478] operator                  | SUB_PROCESS     | Succeed    | 1.187s | deps: build_tree, timeline, relation, torch_op
[2026-09-11-15:43:45.293] [INFO] [AscendProfiler_ProfilingParser:478] trace                     | SUB_PROCESS     | Succeed    | 3.329s | deps: build_tree, trace_prepare, timeline, task_queue, torch_op
[2026-09-11-15:43:45.293] [INFO] [AscendProfiler_ProfilingParser:478] kernel                    | SUB_PROCESS     | Succeed    | 0.820s | deps: build_tree, export, relation
[2026-09-11-15:43:45.293] [INFO] [AscendProfiler_ProfilingParser:478] step_time                 | SUB_PROCESS     | Succeed    | 1.807s | deps: build_tree, timeline, relation, torch_op
[2026-09-11-15:43:45.293] [INFO] [AscendProfiler_ProfilingParser:478] memory                    | SUB_PROCESS     | Succeed    | 0.297s | deps: export, memory_prepare
[2026-09-11-15:43:45.293] [INFO] [AscendProfiler_ProfilingParser:478] integrate                 | SUB_PROCESS     | Succeed    | 0.472s | deps: export
[2026-09-11-15:43:45.293] [INFO] [AscendProfiler_ProfilingParser:478] communication             | SUB_PROCESS     | Succeed    | 0.250s | deps: build_tree, analyze, relation
[2026-09-11-15:43:45.293] [INFO] [AscendProfiler_ProfilingParser:478] db_prepare                | PTHREAD         | Succeed    | 1.503s | deps: torch_op, task_queue
[2026-09-11-15:43:45.293] [INFO] [AscendProfiler_ProfilingParser:478] torch_db                  | PTHREAD         | Succeed    | 2.018s | deps: export, memory_prepare, build_tree, analyze, db_prepare
