[2026-09-11-15:19:24.243] [INFO] [AscendProfiler_ProfilingParser:97] Profiler logger initialized at: /root/minigpt-v09/runs/v09_a3_compact_4a85f42/points/batching-short-tp8-a0/attempt-000/output/profiler/rank_006/rank_006_3655055_20260911151921370_ascend_pt/logs/profiler_20260911151924_3656091_ProfilingParser.log
[2026-09-11-15:19:24.288] [INFO] [AscendProfiler_ProfilingParser:100] TorchOpParser start.
[2026-09-11-15:19:24.289] [INFO] [AscendProfiler_ProfilingParser:82] TaskQueueParser start.
[2026-09-11-15:19:24.313] [INFO] [AscendProfiler_ProfilingParser:208] CANNTimelineParser start.
[2026-09-11-15:19:25.199] [INFO] [AscendProfiler_ProfilingParser:106] TorchOpParser finish.
[2026-09-11-15:19:25.351] [INFO] [AscendProfiler_ProfilingParser:88] TaskQueueParser finish.
[2026-09-11-15:19:25.351] [INFO] [AscendProfiler_ProfilingParser:62] TreeBuildParser start.
[2026-09-11-15:19:25.463] [INFO] [AscendProfiler_ProfilingParser:118] DbPreParser start.
[2026-09-11-15:19:26.466] [INFO] [AscendProfiler_ProfilingParser:70] TreeBuildParser finish.
[2026-09-11-15:19:26.482] [INFO] [AscendProfiler_ProfilingParser:62] MemoryPrepareParser start.
[2026-09-11-15:19:27.018] [INFO] [AscendProfiler_ProfilingParser:75] MemoryPrepareParser finish.
[2026-09-11-15:19:27.171] [INFO] [AscendProfiler_ProfilingParser:129] DbPreParser finish.
[2026-09-11-15:19:33.153] [INFO] [AscendProfiler_ProfilingParser:218] CANNTimelineParser finish.
[2026-09-11-15:19:33.197] [INFO] [AscendProfiler_ProfilingParser:31] RelationParser start.
[2026-09-11-15:19:34.579] [INFO] [AscendProfiler_ProfilingParser:40] DbParser start.
[2026-09-11-15:19:34.617] [INFO] [AscendProfiler_ProfilingParser:38] RelationParser finish.
[2026-09-11-15:19:34.890] [INFO] [AscendProfiler_ProfilingParser:27] BasicDbParser start.
[2026-09-11-15:19:34.911] [INFO] [AscendProfiler_ProfilingParser:40] BasicDbParser finish.
[2026-09-11-15:19:34.911] [INFO] [AscendProfiler_ProfilingParser:31] FwkApiDbParser start.
[2026-09-11-15:19:34.912] [INFO] [AscendProfiler_ProfilingParser:36] FwkApiDbParser get fwk api data finish.
[2026-09-11-15:19:35.450] [INFO] [AscendProfiler_ProfilingParser:38] FwkApiDbParser get api data for db finish.
[2026-09-11-15:19:36.114] [INFO] [AscendProfiler_ProfilingParser:40] FwkApiDbParser save api data to db finish.
[2026-09-11-15:19:36.114] [INFO] [AscendProfiler_ProfilingParser:44] FwkApiDbParser finish.
[2026-09-11-15:19:36.117] [INFO] [AscendProfiler_ProfilingParser:82] MemoryDbParser start.
[2026-09-11-15:19:36.118] [INFO] [AscendProfiler_ProfilingParser:95] MemoryDbParser finish.
[2026-09-11-15:19:36.118] [INFO] [AscendProfiler_ProfilingParser:33] GCRecordDbParser start.
[2026-09-11-15:19:36.118] [INFO] [AscendProfiler_ProfilingParser:41] GCRecordDbParser finish.
[2026-09-11-15:19:36.119] [INFO] [AscendProfiler_ProfilingParser:36] StepInfoDbParser start.
[2026-09-11-15:19:36.510] [INFO] [AscendProfiler_ProfilingParser:43] StepInfoDbParser finish.
[2026-09-11-15:19:36.510] [INFO] [AscendProfiler_ProfilingParser:80] CommunicationDbParser start.
[2026-09-11-15:19:36.560] [INFO] [AscendProfiler_ProfilingParser:88] CommunicationDbParser finish.
[2026-09-11-15:19:36.560] [INFO] [AscendProfiler_ProfilingParser:74] TraceStepTimeDbParser start.
[2026-09-11-15:19:36.730] [INFO] [AscendProfiler_ProfilingParser:83] TraceStepTimeDbParser finish.
[2026-09-11-15:19:36.731] [INFO] [AscendProfiler_ProfilingParser:64] DbParser finish.
[2026-09-11-15:19:37.288] [INFO] [AscendProfiler_ProfilingParser:473] ============================================================
[2026-09-11-15:19:37.288] [INFO] [AscendProfiler_ProfilingParser:474] Task execution completed
[2026-09-11-15:19:37.288] [INFO] [AscendProfiler_ProfilingParser:475] ============================================================
[2026-09-11-15:19:37.288] [INFO] [AscendProfiler_ProfilingParser:478] torch_op                  | PTHREAD         | Succeed    | 0.933s | deps: None
[2026-09-11-15:19:37.288] [INFO] [AscendProfiler_ProfilingParser:478] task_queue                | PTHREAD         | Succeed    | 1.063s | deps: None
[2026-09-11-15:19:37.288] [INFO] [AscendProfiler_ProfilingParser:478] trace_prepare             | SUB_PROCESS     | Succeed    | 2.227s | deps: torch_op, task_queue
[2026-09-11-15:19:37.288] [INFO] [AscendProfiler_ProfilingParser:478] build_tree                | PTHREAD         | Succeed    | 1.126s | deps: torch_op, task_queue
[2026-09-11-15:19:37.288] [INFO] [AscendProfiler_ProfilingParser:478] export                    | SUB_PROCESS     | Succeed    | 10.192s | deps: None
[2026-09-11-15:19:37.288] [INFO] [AscendProfiler_ProfilingParser:478] timeline                  | PTHREAD|NON_BLOCKING | Succeed    | 8.841s | deps: None
[2026-09-11-15:19:37.288] [INFO] [AscendProfiler_ProfilingParser:478] relation                  | PTHREAD         | Succeed    | 1.506s | deps: task_queue, timeline
[2026-09-11-15:19:37.288] [INFO] [AscendProfiler_ProfilingParser:478] memory_prepare            | PTHREAD         | Succeed    | 0.552s | deps: build_tree, task_queue, torch_op
[2026-09-11-15:19:37.288] [INFO] [AscendProfiler_ProfilingParser:478] analyze                   | SUB_PROCESS     | Succeed    | 1.074s | deps: timeline
[2026-09-11-15:19:37.288] [INFO] [AscendProfiler_ProfilingParser:478] operator                  | SUB_PROCESS     | Succeed    | 1.122s | deps: build_tree, timeline, relation, torch_op
[2026-09-11-15:19:37.288] [INFO] [AscendProfiler_ProfilingParser:478] trace                     | SUB_PROCESS     | Succeed    | 2.788s | deps: build_tree, trace_prepare, timeline, task_queue, torch_op
[2026-09-11-15:19:37.288] [INFO] [AscendProfiler_ProfilingParser:478] kernel                    | SUB_PROCESS     | Succeed    | 0.682s | deps: build_tree, export, relation
[2026-09-11-15:19:37.288] [INFO] [AscendProfiler_ProfilingParser:478] step_time                 | SUB_PROCESS     | Succeed    | 1.569s | deps: build_tree, timeline, relation, torch_op
[2026-09-11-15:19:37.288] [INFO] [AscendProfiler_ProfilingParser:478] memory                    | SUB_PROCESS     | Succeed    | 0.230s | deps: export, memory_prepare
[2026-09-11-15:19:37.288] [INFO] [AscendProfiler_ProfilingParser:478] integrate                 | SUB_PROCESS     | Succeed    | 0.437s | deps: export
[2026-09-11-15:19:37.288] [INFO] [AscendProfiler_ProfilingParser:478] communication             | SUB_PROCESS     | Succeed    | 0.121s | deps: build_tree, analyze, relation
[2026-09-11-15:19:37.289] [INFO] [AscendProfiler_ProfilingParser:478] db_prepare                | PTHREAD         | Succeed    | 1.722s | deps: torch_op, task_queue
[2026-09-11-15:19:37.289] [INFO] [AscendProfiler_ProfilingParser:478] torch_db                  | PTHREAD         | Succeed    | 2.261s | deps: export, memory_prepare, build_tree, analyze, db_prepare
