[2026-09-11-15:43:32.177] [INFO] [AscendProfiler_ProfilingParser:97] Profiler logger initialized at: /root/minigpt-v09/runs/v09_a3_compact_736dd7b/points/batching-short-tp8-a0/attempt-000/output/profiler/rank_001/rank_001_3671040_20260911154329162_ascend_pt/logs/profiler_20260911154332_3672092_ProfilingParser.log
[2026-09-11-15:43:32.224] [INFO] [AscendProfiler_ProfilingParser:100] TorchOpParser start.
[2026-09-11-15:43:32.225] [INFO] [AscendProfiler_ProfilingParser:82] TaskQueueParser start.
[2026-09-11-15:43:32.271] [INFO] [AscendProfiler_ProfilingParser:208] CANNTimelineParser start.
[2026-09-11-15:43:33.207] [INFO] [AscendProfiler_ProfilingParser:106] TorchOpParser finish.
[2026-09-11-15:43:33.375] [INFO] [AscendProfiler_ProfilingParser:88] TaskQueueParser finish.
[2026-09-11-15:43:33.376] [INFO] [AscendProfiler_ProfilingParser:118] DbPreParser start.
[2026-09-11-15:43:33.491] [INFO] [AscendProfiler_ProfilingParser:62] TreeBuildParser start.
[2026-09-11-15:43:34.662] [INFO] [AscendProfiler_ProfilingParser:70] TreeBuildParser finish.
[2026-09-11-15:43:34.704] [INFO] [AscendProfiler_ProfilingParser:62] MemoryPrepareParser start.
[2026-09-11-15:43:35.067] [INFO] [AscendProfiler_ProfilingParser:129] DbPreParser finish.
[2026-09-11-15:43:35.127] [INFO] [AscendProfiler_ProfilingParser:75] MemoryPrepareParser finish.
[2026-09-11-15:43:40.988] [INFO] [AscendProfiler_ProfilingParser:218] CANNTimelineParser finish.
[2026-09-11-15:43:41.075] [INFO] [AscendProfiler_ProfilingParser:31] RelationParser start.
[2026-09-11-15:43:42.457] [INFO] [AscendProfiler_ProfilingParser:38] RelationParser finish.
[2026-09-11-15:43:42.547] [INFO] [AscendProfiler_ProfilingParser:40] DbParser start.
[2026-09-11-15:43:42.772] [INFO] [AscendProfiler_ProfilingParser:27] BasicDbParser start.
[2026-09-11-15:43:42.788] [INFO] [AscendProfiler_ProfilingParser:40] BasicDbParser finish.
[2026-09-11-15:43:42.789] [INFO] [AscendProfiler_ProfilingParser:31] FwkApiDbParser start.
[2026-09-11-15:43:42.789] [INFO] [AscendProfiler_ProfilingParser:36] FwkApiDbParser get fwk api data finish.
[2026-09-11-15:43:43.267] [INFO] [AscendProfiler_ProfilingParser:38] FwkApiDbParser get api data for db finish.
[2026-09-11-15:43:44.007] [INFO] [AscendProfiler_ProfilingParser:40] FwkApiDbParser save api data to db finish.
[2026-09-11-15:43:44.007] [INFO] [AscendProfiler_ProfilingParser:44] FwkApiDbParser finish.
[2026-09-11-15:43:44.009] [INFO] [AscendProfiler_ProfilingParser:82] MemoryDbParser start.
[2026-09-11-15:43:44.010] [INFO] [AscendProfiler_ProfilingParser:95] MemoryDbParser finish.
[2026-09-11-15:43:44.010] [INFO] [AscendProfiler_ProfilingParser:33] GCRecordDbParser start.
[2026-09-11-15:43:44.012] [INFO] [AscendProfiler_ProfilingParser:41] GCRecordDbParser finish.
[2026-09-11-15:43:44.012] [INFO] [AscendProfiler_ProfilingParser:36] StepInfoDbParser start.
[2026-09-11-15:43:44.379] [INFO] [AscendProfiler_ProfilingParser:43] StepInfoDbParser finish.
[2026-09-11-15:43:44.379] [INFO] [AscendProfiler_ProfilingParser:80] CommunicationDbParser start.
[2026-09-11-15:43:44.430] [INFO] [AscendProfiler_ProfilingParser:88] CommunicationDbParser finish.
[2026-09-11-15:43:44.430] [INFO] [AscendProfiler_ProfilingParser:74] TraceStepTimeDbParser start.
[2026-09-11-15:43:44.608] [INFO] [AscendProfiler_ProfilingParser:83] TraceStepTimeDbParser finish.
[2026-09-11-15:43:44.609] [INFO] [AscendProfiler_ProfilingParser:64] DbParser finish.
[2026-09-11-15:43:45.140] [INFO] [AscendProfiler_ProfilingParser:473] ============================================================
[2026-09-11-15:43:45.140] [INFO] [AscendProfiler_ProfilingParser:474] Task execution completed
[2026-09-11-15:43:45.140] [INFO] [AscendProfiler_ProfilingParser:475] ============================================================
[2026-09-11-15:43:45.140] [INFO] [AscendProfiler_ProfilingParser:478] torch_op                  | PTHREAD         | Succeed    | 1.005s | deps: None
[2026-09-11-15:43:45.141] [INFO] [AscendProfiler_ProfilingParser:478] task_queue                | PTHREAD         | Succeed    | 1.151s | deps: None
[2026-09-11-15:43:45.141] [INFO] [AscendProfiler_ProfilingParser:478] trace_prepare             | SUB_PROCESS     | Succeed    | 2.098s | deps: torch_op, task_queue
[2026-09-11-15:43:45.141] [INFO] [AscendProfiler_ProfilingParser:478] build_tree                | PTHREAD         | Succeed    | 1.188s | deps: torch_op, task_queue
[2026-09-11-15:43:45.141] [INFO] [AscendProfiler_ProfilingParser:478] export                    | SUB_PROCESS     | Succeed    | 10.192s | deps: None
[2026-09-11-15:43:45.141] [INFO] [AscendProfiler_ProfilingParser:478] timeline                  | PTHREAD|NON_BLOCKING | Succeed    | 8.719s | deps: None
[2026-09-11-15:43:45.141] [INFO] [AscendProfiler_ProfilingParser:478] relation                  | PTHREAD         | Succeed    | 1.474s | deps: task_queue, timeline
[2026-09-11-15:43:45.141] [INFO] [AscendProfiler_ProfilingParser:478] memory_prepare            | PTHREAD         | Succeed    | 0.454s | deps: build_tree, task_queue, torch_op
[2026-09-11-15:43:45.141] [INFO] [AscendProfiler_ProfilingParser:478] analyze                   | SUB_PROCESS     | Succeed    | 1.097s | deps: timeline
[2026-09-11-15:43:45.141] [INFO] [AscendProfiler_ProfilingParser:478] operator                  | SUB_PROCESS     | Succeed    | 1.200s | deps: build_tree, timeline, relation, torch_op
[2026-09-11-15:43:45.141] [INFO] [AscendProfiler_ProfilingParser:478] trace                     | SUB_PROCESS     | Succeed    | 3.278s | deps: build_tree, trace_prepare, timeline, task_queue, torch_op
[2026-09-11-15:43:45.141] [INFO] [AscendProfiler_ProfilingParser:478] kernel                    | SUB_PROCESS     | Succeed    | 0.740s | deps: build_tree, export, relation
[2026-09-11-15:43:45.141] [INFO] [AscendProfiler_ProfilingParser:478] step_time                 | SUB_PROCESS     | Succeed    | 1.685s | deps: build_tree, timeline, relation, torch_op
[2026-09-11-15:43:45.141] [INFO] [AscendProfiler_ProfilingParser:478] memory                    | SUB_PROCESS     | Succeed    | 0.270s | deps: export, memory_prepare
[2026-09-11-15:43:45.141] [INFO] [AscendProfiler_ProfilingParser:478] integrate                 | SUB_PROCESS     | Succeed    | 0.424s | deps: export
[2026-09-11-15:43:45.141] [INFO] [AscendProfiler_ProfilingParser:478] communication             | SUB_PROCESS     | Succeed    | 0.164s | deps: build_tree, analyze, relation
[2026-09-11-15:43:45.141] [INFO] [AscendProfiler_ProfilingParser:478] db_prepare                | PTHREAD         | Succeed    | 1.702s | deps: torch_op, task_queue
[2026-09-11-15:43:45.141] [INFO] [AscendProfiler_ProfilingParser:478] torch_db                  | PTHREAD         | Succeed    | 2.073s | deps: export, memory_prepare, build_tree, analyze, db_prepare
