[2026-09-11-15:46:32.384] [INFO] [AscendProfiler_ProfilingParser:97] Profiler logger initialized at: /root/minigpt-v09/runs/v09_a3_compact_736dd7b/points/batching-short-tp8-b0/attempt-000/output/profiler/rank_001/rank_001_3674550_20260911154629377_ascend_pt/logs/profiler_20260911154632_3675590_ProfilingParser.log
[2026-09-11-15:46:32.427] [INFO] [AscendProfiler_ProfilingParser:100] TorchOpParser start.
[2026-09-11-15:46:32.428] [INFO] [AscendProfiler_ProfilingParser:82] TaskQueueParser start.
[2026-09-11-15:46:32.456] [INFO] [AscendProfiler_ProfilingParser:208] CANNTimelineParser start.
[2026-09-11-15:46:33.354] [INFO] [AscendProfiler_ProfilingParser:106] TorchOpParser finish.
[2026-09-11-15:46:33.510] [INFO] [AscendProfiler_ProfilingParser:88] TaskQueueParser finish.
[2026-09-11-15:46:33.511] [INFO] [AscendProfiler_ProfilingParser:62] TreeBuildParser start.
[2026-09-11-15:46:33.512] [INFO] [AscendProfiler_ProfilingParser:118] DbPreParser start.
[2026-09-11-15:46:34.426] [INFO] [AscendProfiler_ProfilingParser:70] TreeBuildParser finish.
[2026-09-11-15:46:34.474] [INFO] [AscendProfiler_ProfilingParser:62] MemoryPrepareParser start.
[2026-09-11-15:46:34.756] [INFO] [AscendProfiler_ProfilingParser:75] MemoryPrepareParser finish.
[2026-09-11-15:46:34.850] [INFO] [AscendProfiler_ProfilingParser:129] DbPreParser finish.
[2026-09-11-15:46:41.256] [INFO] [AscendProfiler_ProfilingParser:218] CANNTimelineParser finish.
[2026-09-11-15:46:41.257] [INFO] [AscendProfiler_ProfilingParser:31] RelationParser start.
[2026-09-11-15:46:42.690] [INFO] [AscendProfiler_ProfilingParser:40] DbParser start.
[2026-09-11-15:46:42.702] [INFO] [AscendProfiler_ProfilingParser:38] RelationParser finish.
[2026-09-11-15:46:42.830] [INFO] [AscendProfiler_ProfilingParser:27] BasicDbParser start.
[2026-09-11-15:46:42.981] [INFO] [AscendProfiler_ProfilingParser:40] BasicDbParser finish.
[2026-09-11-15:46:42.982] [INFO] [AscendProfiler_ProfilingParser:31] FwkApiDbParser start.
[2026-09-11-15:46:42.983] [INFO] [AscendProfiler_ProfilingParser:36] FwkApiDbParser get fwk api data finish.
[2026-09-11-15:46:43.534] [INFO] [AscendProfiler_ProfilingParser:38] FwkApiDbParser get api data for db finish.
[2026-09-11-15:46:44.533] [INFO] [AscendProfiler_ProfilingParser:40] FwkApiDbParser save api data to db finish.
[2026-09-11-15:46:44.535] [INFO] [AscendProfiler_ProfilingParser:44] FwkApiDbParser finish.
[2026-09-11-15:46:44.539] [INFO] [AscendProfiler_ProfilingParser:82] MemoryDbParser start.
[2026-09-11-15:46:44.540] [INFO] [AscendProfiler_ProfilingParser:95] MemoryDbParser finish.
[2026-09-11-15:46:44.540] [INFO] [AscendProfiler_ProfilingParser:33] GCRecordDbParser start.
[2026-09-11-15:46:44.541] [INFO] [AscendProfiler_ProfilingParser:41] GCRecordDbParser finish.
[2026-09-11-15:46:44.541] [INFO] [AscendProfiler_ProfilingParser:36] StepInfoDbParser start.
[2026-09-11-15:46:44.913] [INFO] [AscendProfiler_ProfilingParser:43] StepInfoDbParser finish.
[2026-09-11-15:46:44.914] [INFO] [AscendProfiler_ProfilingParser:80] CommunicationDbParser start.
[2026-09-11-15:46:44.973] [INFO] [AscendProfiler_ProfilingParser:88] CommunicationDbParser finish.
[2026-09-11-15:46:44.973] [INFO] [AscendProfiler_ProfilingParser:74] TraceStepTimeDbParser start.
[2026-09-11-15:46:45.149] [INFO] [AscendProfiler_ProfilingParser:83] TraceStepTimeDbParser finish.
[2026-09-11-15:46:45.150] [INFO] [AscendProfiler_ProfilingParser:64] DbParser finish.
[2026-09-11-15:46:45.738] [INFO] [AscendProfiler_ProfilingParser:473] ============================================================
[2026-09-11-15:46:45.738] [INFO] [AscendProfiler_ProfilingParser:474] Task execution completed
[2026-09-11-15:46:45.738] [INFO] [AscendProfiler_ProfilingParser:475] ============================================================
[2026-09-11-15:46:45.738] [INFO] [AscendProfiler_ProfilingParser:478] torch_op                  | PTHREAD         | Succeed    | 0.938s | deps: None
[2026-09-11-15:46:45.738] [INFO] [AscendProfiler_ProfilingParser:478] task_queue                | PTHREAD         | Succeed    | 1.084s | deps: None
[2026-09-11-15:46:45.738] [INFO] [AscendProfiler_ProfilingParser:478] trace_prepare             | SUB_PROCESS     | Succeed    | 1.967s | deps: torch_op, task_queue
[2026-09-11-15:46:45.738] [INFO] [AscendProfiler_ProfilingParser:478] build_tree                | PTHREAD         | Succeed    | 0.942s | deps: torch_op, task_queue
[2026-09-11-15:46:45.738] [INFO] [AscendProfiler_ProfilingParser:478] export                    | SUB_PROCESS     | Succeed    | 10.231s | deps: None
[2026-09-11-15:46:45.738] [INFO] [AscendProfiler_ProfilingParser:478] timeline                  | PTHREAD|NON_BLOCKING | Succeed    | 8.801s | deps: None
[2026-09-11-15:46:45.738] [INFO] [AscendProfiler_ProfilingParser:478] relation                  | PTHREAD         | Succeed    | 1.530s | deps: task_queue, timeline
[2026-09-11-15:46:45.738] [INFO] [AscendProfiler_ProfilingParser:478] memory_prepare            | PTHREAD         | Succeed    | 0.314s | deps: build_tree, task_queue, torch_op
[2026-09-11-15:46:45.738] [INFO] [AscendProfiler_ProfilingParser:478] analyze                   | SUB_PROCESS     | Succeed    | 1.072s | deps: timeline
[2026-09-11-15:46:45.738] [INFO] [AscendProfiler_ProfilingParser:478] operator                  | SUB_PROCESS     | Succeed    | 1.089s | deps: build_tree, timeline, relation, torch_op
[2026-09-11-15:46:45.738] [INFO] [AscendProfiler_ProfilingParser:478] trace                     | SUB_PROCESS     | Succeed    | 2.646s | deps: build_tree, trace_prepare, timeline, task_queue, torch_op
[2026-09-11-15:46:45.738] [INFO] [AscendProfiler_ProfilingParser:478] kernel                    | SUB_PROCESS     | Succeed    | 0.663s | deps: build_tree, export, relation
[2026-09-11-15:46:45.739] [INFO] [AscendProfiler_ProfilingParser:478] step_time                 | SUB_PROCESS     | Succeed    | 1.608s | deps: build_tree, timeline, relation, torch_op
[2026-09-11-15:46:45.739] [INFO] [AscendProfiler_ProfilingParser:478] memory                    | SUB_PROCESS     | Succeed    | 0.097s | deps: export, memory_prepare
[2026-09-11-15:46:45.739] [INFO] [AscendProfiler_ProfilingParser:478] integrate                 | SUB_PROCESS     | Succeed    | 0.410s | deps: export
[2026-09-11-15:46:45.739] [INFO] [AscendProfiler_ProfilingParser:478] communication             | SUB_PROCESS     | Succeed    | 0.180s | deps: build_tree, analyze, relation
[2026-09-11-15:46:45.739] [INFO] [AscendProfiler_ProfilingParser:478] db_prepare                | PTHREAD         | Succeed    | 1.339s | deps: torch_op, task_queue
[2026-09-11-15:46:45.739] [INFO] [AscendProfiler_ProfilingParser:478] torch_db                  | PTHREAD         | Succeed    | 2.506s | deps: export, memory_prepare, build_tree, analyze, db_prepare
