[2026-09-11-15:32:19.541] [INFO] [AscendProfiler_ProfilingParser:97] Profiler logger initialized at: /root/minigpt-v09/runs/v09_a3_compact_736dd7b/points/tp-short-2-vs-8-a0/attempt-000/output/profiler/rank_001/rank_001_3662102_20260911153217604_ascend_pt/logs/profiler_20260911153219_3662325_ProfilingParser.log
[2026-09-11-15:32:19.580] [INFO] [AscendProfiler_ProfilingParser:100] TorchOpParser start.
[2026-09-11-15:32:19.580] [INFO] [AscendProfiler_ProfilingParser:82] TaskQueueParser start.
[2026-09-11-15:32:19.616] [INFO] [AscendProfiler_ProfilingParser:208] CANNTimelineParser start.
[2026-09-11-15:32:20.500] [INFO] [AscendProfiler_ProfilingParser:106] TorchOpParser finish.
[2026-09-11-15:32:20.642] [INFO] [AscendProfiler_ProfilingParser:88] TaskQueueParser finish.
[2026-09-11-15:32:20.643] [INFO] [AscendProfiler_ProfilingParser:118] DbPreParser start.
[2026-09-11-15:32:20.643] [INFO] [AscendProfiler_ProfilingParser:62] TreeBuildParser start.
[2026-09-11-15:32:21.546] [INFO] [AscendProfiler_ProfilingParser:70] TreeBuildParser finish.
[2026-09-11-15:32:21.578] [INFO] [AscendProfiler_ProfilingParser:62] MemoryPrepareParser start.
[2026-09-11-15:32:21.834] [INFO] [AscendProfiler_ProfilingParser:75] MemoryPrepareParser finish.
[2026-09-11-15:32:21.935] [INFO] [AscendProfiler_ProfilingParser:129] DbPreParser finish.
[2026-09-11-15:32:29.384] [INFO] [AscendProfiler_ProfilingParser:218] CANNTimelineParser finish.
[2026-09-11-15:32:29.431] [INFO] [AscendProfiler_ProfilingParser:31] RelationParser start.
[2026-09-11-15:32:31.106] [INFO] [AscendProfiler_ProfilingParser:40] DbParser start.
[2026-09-11-15:32:31.130] [INFO] [AscendProfiler_ProfilingParser:38] RelationParser finish.
[2026-09-11-15:32:31.302] [INFO] [AscendProfiler_ProfilingParser:27] BasicDbParser start.
[2026-09-11-15:32:31.315] [INFO] [AscendProfiler_ProfilingParser:40] BasicDbParser finish.
[2026-09-11-15:32:31.315] [INFO] [AscendProfiler_ProfilingParser:31] FwkApiDbParser start.
[2026-09-11-15:32:31.315] [INFO] [AscendProfiler_ProfilingParser:36] FwkApiDbParser get fwk api data finish.
[2026-09-11-15:32:31.594] [INFO] [AscendProfiler_ProfilingParser:38] FwkApiDbParser get api data for db finish.
[2026-09-11-15:32:32.133] [INFO] [AscendProfiler_ProfilingParser:40] FwkApiDbParser save api data to db finish.
[2026-09-11-15:32:32.134] [INFO] [AscendProfiler_ProfilingParser:44] FwkApiDbParser finish.
[2026-09-11-15:32:32.135] [INFO] [AscendProfiler_ProfilingParser:82] MemoryDbParser start.
[2026-09-11-15:32:32.136] [INFO] [AscendProfiler_ProfilingParser:95] MemoryDbParser finish.
[2026-09-11-15:32:32.136] [INFO] [AscendProfiler_ProfilingParser:33] GCRecordDbParser start.
[2026-09-11-15:32:32.136] [INFO] [AscendProfiler_ProfilingParser:41] GCRecordDbParser finish.
[2026-09-11-15:32:32.136] [INFO] [AscendProfiler_ProfilingParser:36] StepInfoDbParser start.
[2026-09-11-15:32:32.526] [INFO] [AscendProfiler_ProfilingParser:43] StepInfoDbParser finish.
[2026-09-11-15:32:32.526] [INFO] [AscendProfiler_ProfilingParser:80] CommunicationDbParser start.
[2026-09-11-15:32:32.556] [INFO] [AscendProfiler_ProfilingParser:88] CommunicationDbParser finish.
[2026-09-11-15:32:32.556] [INFO] [AscendProfiler_ProfilingParser:74] TraceStepTimeDbParser start.
[2026-09-11-15:32:32.775] [INFO] [AscendProfiler_ProfilingParser:83] TraceStepTimeDbParser finish.
[2026-09-11-15:32:32.776] [INFO] [AscendProfiler_ProfilingParser:64] DbParser finish.
[2026-09-11-15:32:33.319] [INFO] [AscendProfiler_ProfilingParser:473] ============================================================
[2026-09-11-15:32:33.319] [INFO] [AscendProfiler_ProfilingParser:474] Task execution completed
[2026-09-11-15:32:33.319] [INFO] [AscendProfiler_ProfilingParser:475] ============================================================
[2026-09-11-15:32:33.319] [INFO] [AscendProfiler_ProfilingParser:478] torch_op                  | PTHREAD         | Succeed    | 0.942s | deps: None
[2026-09-11-15:32:33.319] [INFO] [AscendProfiler_ProfilingParser:478] task_queue                | PTHREAD         | Succeed    | 1.062s | deps: None
[2026-09-11-15:32:33.319] [INFO] [AscendProfiler_ProfilingParser:478] trace_prepare             | SUB_PROCESS     | Succeed    | 2.082s | deps: torch_op, task_queue
[2026-09-11-15:32:33.319] [INFO] [AscendProfiler_ProfilingParser:478] build_tree                | PTHREAD         | Succeed    | 0.915s | deps: torch_op, task_queue
[2026-09-11-15:32:33.319] [INFO] [AscendProfiler_ProfilingParser:478] export                    | SUB_PROCESS     | Succeed    | 11.142s | deps: None
[2026-09-11-15:32:33.319] [INFO] [AscendProfiler_ProfilingParser:478] timeline                  | PTHREAD|NON_BLOCKING | Succeed    | 9.769s | deps: None
[2026-09-11-15:32:33.319] [INFO] [AscendProfiler_ProfilingParser:478] relation                  | PTHREAD         | Succeed    | 1.701s | deps: task_queue, timeline
[2026-09-11-15:32:33.319] [INFO] [AscendProfiler_ProfilingParser:478] memory_prepare            | PTHREAD         | Succeed    | 0.287s | deps: build_tree, task_queue, torch_op
[2026-09-11-15:32:33.319] [INFO] [AscendProfiler_ProfilingParser:478] analyze                   | SUB_PROCESS     | Succeed    | 1.077s | deps: timeline
[2026-09-11-15:32:33.319] [INFO] [AscendProfiler_ProfilingParser:478] operator                  | SUB_PROCESS     | Succeed    | 0.876s | deps: build_tree, timeline, relation, torch_op
[2026-09-11-15:32:33.319] [INFO] [AscendProfiler_ProfilingParser:478] trace                     | SUB_PROCESS     | Succeed    | 2.812s | deps: build_tree, trace_prepare, timeline, task_queue, torch_op
[2026-09-11-15:32:33.319] [INFO] [AscendProfiler_ProfilingParser:478] kernel                    | SUB_PROCESS     | Succeed    | 0.561s | deps: build_tree, export, relation
[2026-09-11-15:32:33.320] [INFO] [AscendProfiler_ProfilingParser:478] step_time                 | SUB_PROCESS     | Succeed    | 1.544s | deps: build_tree, timeline, relation, torch_op
[2026-09-11-15:32:33.320] [INFO] [AscendProfiler_ProfilingParser:478] memory                    | SUB_PROCESS     | Succeed    | 0.408s | deps: export, memory_prepare
[2026-09-11-15:32:33.320] [INFO] [AscendProfiler_ProfilingParser:478] integrate                 | SUB_PROCESS     | Succeed    | 0.656s | deps: export
[2026-09-11-15:32:33.320] [INFO] [AscendProfiler_ProfilingParser:478] communication             | SUB_PROCESS     | Succeed    | 0.127s | deps: build_tree, analyze, relation
[2026-09-11-15:32:33.320] [INFO] [AscendProfiler_ProfilingParser:478] db_prepare                | PTHREAD         | Succeed    | 1.293s | deps: torch_op, task_queue
[2026-09-11-15:32:33.320] [INFO] [AscendProfiler_ProfilingParser:478] torch_db                  | PTHREAD         | Succeed    | 1.688s | deps: export, memory_prepare, build_tree, analyze, db_prepare
