[2026-09-11-15:49:38.899] [INFO] [AscendProfiler_ProfilingParser:97] Profiler logger initialized at: /root/minigpt-v09/runs/v09_a3_compact_736dd7b/points/batching-short-tp8-b1/attempt-000/output/profiler/rank_003/rank_003_3678068_20260911154935876_ascend_pt/logs/profiler_20260911154938_3679141_ProfilingParser.log
[2026-09-11-15:49:38.941] [INFO] [AscendProfiler_ProfilingParser:100] TorchOpParser start.
[2026-09-11-15:49:38.942] [INFO] [AscendProfiler_ProfilingParser:82] TaskQueueParser start.
[2026-09-11-15:49:39.000] [INFO] [AscendProfiler_ProfilingParser:208] CANNTimelineParser start.
[2026-09-11-15:49:39.880] [INFO] [AscendProfiler_ProfilingParser:106] TorchOpParser finish.
[2026-09-11-15:49:40.072] [INFO] [AscendProfiler_ProfilingParser:88] TaskQueueParser finish.
[2026-09-11-15:49:40.073] [INFO] [AscendProfiler_ProfilingParser:118] DbPreParser start.
[2026-09-11-15:49:40.242] [INFO] [AscendProfiler_ProfilingParser:62] TreeBuildParser start.
[2026-09-11-15:49:41.180] [INFO] [AscendProfiler_ProfilingParser:70] TreeBuildParser finish.
[2026-09-11-15:49:41.206] [INFO] [AscendProfiler_ProfilingParser:62] MemoryPrepareParser start.
[2026-09-11-15:49:41.456] [INFO] [AscendProfiler_ProfilingParser:129] DbPreParser finish.
[2026-09-11-15:49:41.469] [INFO] [AscendProfiler_ProfilingParser:75] MemoryPrepareParser finish.
[2026-09-11-15:49:47.779] [INFO] [AscendProfiler_ProfilingParser:218] CANNTimelineParser finish.
[2026-09-11-15:49:47.823] [INFO] [AscendProfiler_ProfilingParser:31] RelationParser start.
[2026-09-11-15:49:49.304] [INFO] [AscendProfiler_ProfilingParser:40] DbParser start.
[2026-09-11-15:49:49.332] [INFO] [AscendProfiler_ProfilingParser:38] RelationParser finish.
[2026-09-11-15:49:49.571] [INFO] [AscendProfiler_ProfilingParser:27] BasicDbParser start.
[2026-09-11-15:49:49.594] [INFO] [AscendProfiler_ProfilingParser:40] BasicDbParser finish.
[2026-09-11-15:49:49.595] [INFO] [AscendProfiler_ProfilingParser:31] FwkApiDbParser start.
[2026-09-11-15:49:49.595] [INFO] [AscendProfiler_ProfilingParser:36] FwkApiDbParser get fwk api data finish.
[2026-09-11-15:49:49.893] [INFO] [AscendProfiler_ProfilingParser:38] FwkApiDbParser get api data for db finish.
[2026-09-11-15:49:50.513] [INFO] [AscendProfiler_ProfilingParser:40] FwkApiDbParser save api data to db finish.
[2026-09-11-15:49:50.513] [INFO] [AscendProfiler_ProfilingParser:44] FwkApiDbParser finish.
[2026-09-11-15:49:50.516] [INFO] [AscendProfiler_ProfilingParser:82] MemoryDbParser start.
[2026-09-11-15:49:50.516] [INFO] [AscendProfiler_ProfilingParser:95] MemoryDbParser finish.
[2026-09-11-15:49:50.517] [INFO] [AscendProfiler_ProfilingParser:33] GCRecordDbParser start.
[2026-09-11-15:49:50.517] [INFO] [AscendProfiler_ProfilingParser:41] GCRecordDbParser finish.
[2026-09-11-15:49:50.517] [INFO] [AscendProfiler_ProfilingParser:36] StepInfoDbParser start.
[2026-09-11-15:49:50.858] [INFO] [AscendProfiler_ProfilingParser:43] StepInfoDbParser finish.
[2026-09-11-15:49:50.858] [INFO] [AscendProfiler_ProfilingParser:80] CommunicationDbParser start.
[2026-09-11-15:49:50.907] [INFO] [AscendProfiler_ProfilingParser:88] CommunicationDbParser finish.
[2026-09-11-15:49:50.908] [INFO] [AscendProfiler_ProfilingParser:74] TraceStepTimeDbParser start.
[2026-09-11-15:49:51.120] [INFO] [AscendProfiler_ProfilingParser:83] TraceStepTimeDbParser finish.
[2026-09-11-15:49:51.121] [INFO] [AscendProfiler_ProfilingParser:64] DbParser finish.
[2026-09-11-15:49:51.663] [INFO] [AscendProfiler_ProfilingParser:473] ============================================================
[2026-09-11-15:49:51.664] [INFO] [AscendProfiler_ProfilingParser:474] Task execution completed
[2026-09-11-15:49:51.664] [INFO] [AscendProfiler_ProfilingParser:475] ============================================================
[2026-09-11-15:49:51.664] [INFO] [AscendProfiler_ProfilingParser:478] torch_op                  | PTHREAD         | Succeed    | 0.959s | deps: None
[2026-09-11-15:49:51.664] [INFO] [AscendProfiler_ProfilingParser:478] task_queue                | PTHREAD         | Succeed    | 1.131s | deps: None
[2026-09-11-15:49:51.664] [INFO] [AscendProfiler_ProfilingParser:478] trace_prepare             | SUB_PROCESS     | Succeed    | 2.181s | deps: torch_op, task_queue
[2026-09-11-15:49:51.664] [INFO] [AscendProfiler_ProfilingParser:478] build_tree                | PTHREAD         | Succeed    | 0.969s | deps: torch_op, task_queue
[2026-09-11-15:49:51.664] [INFO] [AscendProfiler_ProfilingParser:478] export                    | SUB_PROCESS     | Succeed    | 10.158s | deps: None
[2026-09-11-15:49:51.664] [INFO] [AscendProfiler_ProfilingParser:478] timeline                  | PTHREAD|NON_BLOCKING | Succeed    | 8.781s | deps: None
[2026-09-11-15:49:51.664] [INFO] [AscendProfiler_ProfilingParser:478] relation                  | PTHREAD         | Succeed    | 1.560s | deps: task_queue, timeline
[2026-09-11-15:49:51.664] [INFO] [AscendProfiler_ProfilingParser:478] memory_prepare            | PTHREAD         | Succeed    | 0.274s | deps: build_tree, task_queue, torch_op
[2026-09-11-15:49:51.664] [INFO] [AscendProfiler_ProfilingParser:478] analyze                   | SUB_PROCESS     | Succeed    | 1.072s | deps: timeline
[2026-09-11-15:49:51.664] [INFO] [AscendProfiler_ProfilingParser:478] operator                  | SUB_PROCESS     | Succeed    | 0.973s | deps: build_tree, timeline, relation, torch_op
[2026-09-11-15:49:51.664] [INFO] [AscendProfiler_ProfilingParser:478] trace                     | SUB_PROCESS     | Succeed    | 2.762s | deps: build_tree, trace_prepare, timeline, task_queue, torch_op
[2026-09-11-15:49:51.664] [INFO] [AscendProfiler_ProfilingParser:478] kernel                    | SUB_PROCESS     | Succeed    | 0.604s | deps: build_tree, export, relation
[2026-09-11-15:49:51.664] [INFO] [AscendProfiler_ProfilingParser:478] step_time                 | SUB_PROCESS     | Succeed    | 1.541s | deps: build_tree, timeline, relation, torch_op
[2026-09-11-15:49:51.664] [INFO] [AscendProfiler_ProfilingParser:478] memory                    | SUB_PROCESS     | Succeed    | 0.261s | deps: export, memory_prepare
[2026-09-11-15:49:51.664] [INFO] [AscendProfiler_ProfilingParser:478] integrate                 | SUB_PROCESS     | Succeed    | 0.536s | deps: export
[2026-09-11-15:49:51.664] [INFO] [AscendProfiler_ProfilingParser:478] communication             | SUB_PROCESS     | Succeed    | 0.143s | deps: build_tree, analyze, relation
[2026-09-11-15:49:51.664] [INFO] [AscendProfiler_ProfilingParser:478] db_prepare                | PTHREAD         | Succeed    | 1.384s | deps: torch_op, task_queue
[2026-09-11-15:49:51.664] [INFO] [AscendProfiler_ProfilingParser:478] torch_db                  | PTHREAD         | Succeed    | 1.860s | deps: export, memory_prepare, build_tree, analyze, db_prepare
