[2026-09-11-15:32:19.513] [INFO] [AscendProfiler_ProfilingParser:97] Profiler logger initialized at: /root/minigpt-v09/runs/v09_a3_compact_736dd7b/points/tp-short-2-vs-8-a0/attempt-000/output/profiler/rank_000/rank_000_3662101_20260911153217604_ascend_pt/logs/profiler_20260911153219_3662319_ProfilingParser.log
[2026-09-11-15:32:19.552] [INFO] [AscendProfiler_ProfilingParser:100] TorchOpParser start.
[2026-09-11-15:32:19.553] [INFO] [AscendProfiler_ProfilingParser:82] TaskQueueParser start.
[2026-09-11-15:32:19.587] [INFO] [AscendProfiler_ProfilingParser:208] CANNTimelineParser start.
[2026-09-11-15:32:20.464] [INFO] [AscendProfiler_ProfilingParser:106] TorchOpParser finish.
[2026-09-11-15:32:20.618] [INFO] [AscendProfiler_ProfilingParser:88] TaskQueueParser finish.
[2026-09-11-15:32:20.618] [INFO] [AscendProfiler_ProfilingParser:62] TreeBuildParser start.
[2026-09-11-15:32:20.619] [INFO] [AscendProfiler_ProfilingParser:118] DbPreParser start.
[2026-09-11-15:32:21.511] [INFO] [AscendProfiler_ProfilingParser:70] TreeBuildParser finish.
[2026-09-11-15:32:21.548] [INFO] [AscendProfiler_ProfilingParser:62] MemoryPrepareParser start.
[2026-09-11-15:32:21.839] [INFO] [AscendProfiler_ProfilingParser:75] MemoryPrepareParser finish.
[2026-09-11-15:32:21.915] [INFO] [AscendProfiler_ProfilingParser:129] DbPreParser finish.
[2026-09-11-15:32:28.239] [INFO] [AscendProfiler_ProfilingParser:218] CANNTimelineParser finish.
[2026-09-11-15:32:28.239] [INFO] [AscendProfiler_ProfilingParser:31] RelationParser start.
[2026-09-11-15:32:29.749] [INFO] [AscendProfiler_ProfilingParser:40] DbParser start.
[2026-09-11-15:32:29.785] [INFO] [AscendProfiler_ProfilingParser:38] RelationParser finish.
[2026-09-11-15:32:30.015] [INFO] [AscendProfiler_ProfilingParser:27] BasicDbParser start.
[2026-09-11-15:32:30.029] [INFO] [AscendProfiler_ProfilingParser:40] BasicDbParser finish.
[2026-09-11-15:32:30.029] [INFO] [AscendProfiler_ProfilingParser:31] FwkApiDbParser start.
[2026-09-11-15:32:30.029] [INFO] [AscendProfiler_ProfilingParser:36] FwkApiDbParser get fwk api data finish.
[2026-09-11-15:32:30.281] [INFO] [AscendProfiler_ProfilingParser:38] FwkApiDbParser get api data for db finish.
[2026-09-11-15:32:30.841] [INFO] [AscendProfiler_ProfilingParser:40] FwkApiDbParser save api data to db finish.
[2026-09-11-15:32:30.841] [INFO] [AscendProfiler_ProfilingParser:44] FwkApiDbParser finish.
[2026-09-11-15:32:30.843] [INFO] [AscendProfiler_ProfilingParser:82] MemoryDbParser start.
[2026-09-11-15:32:30.843] [INFO] [AscendProfiler_ProfilingParser:95] MemoryDbParser finish.
[2026-09-11-15:32:30.844] [INFO] [AscendProfiler_ProfilingParser:33] GCRecordDbParser start.
[2026-09-11-15:32:30.844] [INFO] [AscendProfiler_ProfilingParser:41] GCRecordDbParser finish.
[2026-09-11-15:32:30.844] [INFO] [AscendProfiler_ProfilingParser:36] StepInfoDbParser start.
[2026-09-11-15:32:31.229] [INFO] [AscendProfiler_ProfilingParser:43] StepInfoDbParser finish.
[2026-09-11-15:32:31.230] [INFO] [AscendProfiler_ProfilingParser:80] CommunicationDbParser start.
[2026-09-11-15:32:31.261] [INFO] [AscendProfiler_ProfilingParser:88] CommunicationDbParser finish.
[2026-09-11-15:32:31.261] [INFO] [AscendProfiler_ProfilingParser:74] TraceStepTimeDbParser start.
[2026-09-11-15:32:31.442] [INFO] [AscendProfiler_ProfilingParser:83] TraceStepTimeDbParser finish.
[2026-09-11-15:32:31.442] [INFO] [AscendProfiler_ProfilingParser:64] DbParser finish.
[2026-09-11-15:32:32.016] [INFO] [AscendProfiler_ProfilingParser:473] ============================================================
[2026-09-11-15:32:32.016] [INFO] [AscendProfiler_ProfilingParser:474] Task execution completed
[2026-09-11-15:32:32.016] [INFO] [AscendProfiler_ProfilingParser:475] ============================================================
[2026-09-11-15:32:32.016] [INFO] [AscendProfiler_ProfilingParser:478] torch_op                  | PTHREAD         | Succeed    | 0.917s | deps: None
[2026-09-11-15:32:32.016] [INFO] [AscendProfiler_ProfilingParser:478] task_queue                | PTHREAD         | Succeed    | 1.066s | deps: None
[2026-09-11-15:32:32.016] [INFO] [AscendProfiler_ProfilingParser:478] trace_prepare             | SUB_PROCESS     | Succeed    | 2.096s | deps: torch_op, task_queue
[2026-09-11-15:32:32.016] [INFO] [AscendProfiler_ProfilingParser:478] build_tree                | PTHREAD         | Succeed    | 0.904s | deps: torch_op, task_queue
[2026-09-11-15:32:32.016] [INFO] [AscendProfiler_ProfilingParser:478] export                    | SUB_PROCESS     | Succeed    | 10.098s | deps: None
[2026-09-11-15:32:32.016] [INFO] [AscendProfiler_ProfilingParser:478] timeline                  | PTHREAD|NON_BLOCKING | Succeed    | 8.654s | deps: None
[2026-09-11-15:32:32.016] [INFO] [AscendProfiler_ProfilingParser:478] relation                  | PTHREAD         | Succeed    | 1.626s | deps: task_queue, timeline
[2026-09-11-15:32:32.016] [INFO] [AscendProfiler_ProfilingParser:478] memory_prepare            | PTHREAD         | Succeed    | 0.317s | deps: build_tree, task_queue, torch_op
[2026-09-11-15:32:32.016] [INFO] [AscendProfiler_ProfilingParser:478] analyze                   | SUB_PROCESS     | Succeed    | 1.070s | deps: timeline
[2026-09-11-15:32:32.016] [INFO] [AscendProfiler_ProfilingParser:478] operator                  | SUB_PROCESS     | Succeed    | 0.870s | deps: build_tree, timeline, relation, torch_op
[2026-09-11-15:32:32.016] [INFO] [AscendProfiler_ProfilingParser:478] trace                     | SUB_PROCESS     | Succeed    | 2.809s | deps: build_tree, trace_prepare, timeline, task_queue, torch_op
[2026-09-11-15:32:32.016] [INFO] [AscendProfiler_ProfilingParser:478] kernel                    | SUB_PROCESS     | Succeed    | 0.547s | deps: build_tree, export, relation
[2026-09-11-15:32:32.016] [INFO] [AscendProfiler_ProfilingParser:478] step_time                 | SUB_PROCESS     | Succeed    | 1.571s | deps: build_tree, timeline, relation, torch_op
[2026-09-11-15:32:32.016] [INFO] [AscendProfiler_ProfilingParser:478] memory                    | SUB_PROCESS     | Succeed    | 0.186s | deps: export, memory_prepare
[2026-09-11-15:32:32.017] [INFO] [AscendProfiler_ProfilingParser:478] integrate                 | SUB_PROCESS     | Succeed    | 0.449s | deps: export
[2026-09-11-15:32:32.017] [INFO] [AscendProfiler_ProfilingParser:478] communication             | SUB_PROCESS     | Succeed    | 0.082s | deps: build_tree, analyze, relation
[2026-09-11-15:32:32.017] [INFO] [AscendProfiler_ProfilingParser:478] db_prepare                | PTHREAD         | Succeed    | 1.297s | deps: torch_op, task_queue
[2026-09-11-15:32:32.017] [INFO] [AscendProfiler_ProfilingParser:478] torch_db                  | PTHREAD         | Succeed    | 1.800s | deps: export, memory_prepare, build_tree, analyze, db_prepare
