[2026-09-11-15:52:38.157] [INFO] [AscendProfiler_ProfilingParser:97] Profiler logger initialized at: /root/minigpt-v09/runs/v09_a3_compact_736dd7b/points/batching-short-tp8-a1/attempt-000/output/profiler/rank_007/rank_007_3681559_20260911155235084_ascend_pt/logs/profiler_20260911155238_3682626_ProfilingParser.log
[2026-09-11-15:52:38.199] [INFO] [AscendProfiler_ProfilingParser:100] TorchOpParser start.
[2026-09-11-15:52:38.200] [INFO] [AscendProfiler_ProfilingParser:82] TaskQueueParser start.
[2026-09-11-15:52:38.244] [INFO] [AscendProfiler_ProfilingParser:208] CANNTimelineParser start.
[2026-09-11-15:52:39.251] [INFO] [AscendProfiler_ProfilingParser:106] TorchOpParser finish.
[2026-09-11-15:52:39.397] [INFO] [AscendProfiler_ProfilingParser:88] TaskQueueParser finish.
[2026-09-11-15:52:39.474] [INFO] [AscendProfiler_ProfilingParser:118] DbPreParser start.
[2026-09-11-15:52:39.475] [INFO] [AscendProfiler_ProfilingParser:62] TreeBuildParser start.
[2026-09-11-15:52:40.614] [INFO] [AscendProfiler_ProfilingParser:70] TreeBuildParser finish.
[2026-09-11-15:52:40.657] [INFO] [AscendProfiler_ProfilingParser:62] MemoryPrepareParser start.
[2026-09-11-15:52:41.050] [INFO] [AscendProfiler_ProfilingParser:75] MemoryPrepareParser finish.
[2026-09-11-15:52:41.108] [INFO] [AscendProfiler_ProfilingParser:129] DbPreParser finish.
[2026-09-11-15:52:47.055] [INFO] [AscendProfiler_ProfilingParser:218] CANNTimelineParser finish.
[2026-09-11-15:52:47.056] [INFO] [AscendProfiler_ProfilingParser:31] RelationParser start.
[2026-09-11-15:52:48.689] [INFO] [AscendProfiler_ProfilingParser:40] DbParser start.
[2026-09-11-15:52:48.690] [INFO] [AscendProfiler_ProfilingParser:38] RelationParser finish.
[2026-09-11-15:52:48.831] [INFO] [AscendProfiler_ProfilingParser:27] BasicDbParser start.
[2026-09-11-15:52:48.972] [INFO] [AscendProfiler_ProfilingParser:40] BasicDbParser finish.
[2026-09-11-15:52:48.972] [INFO] [AscendProfiler_ProfilingParser:31] FwkApiDbParser start.
[2026-09-11-15:52:48.972] [INFO] [AscendProfiler_ProfilingParser:36] FwkApiDbParser get fwk api data finish.
[2026-09-11-15:52:49.355] [INFO] [AscendProfiler_ProfilingParser:38] FwkApiDbParser get api data for db finish.
[2026-09-11-15:52:50.016] [INFO] [AscendProfiler_ProfilingParser:40] FwkApiDbParser save api data to db finish.
[2026-09-11-15:52:50.016] [INFO] [AscendProfiler_ProfilingParser:44] FwkApiDbParser finish.
[2026-09-11-15:52:50.020] [INFO] [AscendProfiler_ProfilingParser:82] MemoryDbParser start.
[2026-09-11-15:52:50.020] [INFO] [AscendProfiler_ProfilingParser:95] MemoryDbParser finish.
[2026-09-11-15:52:50.021] [INFO] [AscendProfiler_ProfilingParser:33] GCRecordDbParser start.
[2026-09-11-15:52:50.021] [INFO] [AscendProfiler_ProfilingParser:41] GCRecordDbParser finish.
[2026-09-11-15:52:50.021] [INFO] [AscendProfiler_ProfilingParser:36] StepInfoDbParser start.
[2026-09-11-15:52:50.473] [INFO] [AscendProfiler_ProfilingParser:43] StepInfoDbParser finish.
[2026-09-11-15:52:50.474] [INFO] [AscendProfiler_ProfilingParser:80] CommunicationDbParser start.
[2026-09-11-15:52:50.521] [INFO] [AscendProfiler_ProfilingParser:88] CommunicationDbParser finish.
[2026-09-11-15:52:50.521] [INFO] [AscendProfiler_ProfilingParser:74] TraceStepTimeDbParser start.
[2026-09-11-15:52:50.700] [INFO] [AscendProfiler_ProfilingParser:83] TraceStepTimeDbParser finish.
[2026-09-11-15:52:50.701] [INFO] [AscendProfiler_ProfilingParser:64] DbParser finish.
[2026-09-11-15:52:51.255] [INFO] [AscendProfiler_ProfilingParser:473] ============================================================
[2026-09-11-15:52:51.255] [INFO] [AscendProfiler_ProfilingParser:474] Task execution completed
[2026-09-11-15:52:51.255] [INFO] [AscendProfiler_ProfilingParser:475] ============================================================
[2026-09-11-15:52:51.255] [INFO] [AscendProfiler_ProfilingParser:478] torch_op                  | PTHREAD         | Succeed    | 1.063s | deps: None
[2026-09-11-15:52:51.255] [INFO] [AscendProfiler_ProfilingParser:478] task_queue                | PTHREAD         | Succeed    | 1.198s | deps: None
[2026-09-11-15:52:51.255] [INFO] [AscendProfiler_ProfilingParser:478] trace_prepare             | SUB_PROCESS     | Succeed    | 2.209s | deps: torch_op, task_queue
[2026-09-11-15:52:51.256] [INFO] [AscendProfiler_ProfilingParser:478] build_tree                | PTHREAD         | Succeed    | 1.151s | deps: torch_op, task_queue
[2026-09-11-15:52:51.256] [INFO] [AscendProfiler_ProfilingParser:478] export                    | SUB_PROCESS     | Succeed    | 10.183s | deps: None
[2026-09-11-15:52:51.256] [INFO] [AscendProfiler_ProfilingParser:478] timeline                  | PTHREAD|NON_BLOCKING | Succeed    | 8.814s | deps: None
[2026-09-11-15:52:51.256] [INFO] [AscendProfiler_ProfilingParser:478] relation                  | PTHREAD         | Succeed    | 1.636s | deps: task_queue, timeline
[2026-09-11-15:52:51.256] [INFO] [AscendProfiler_ProfilingParser:478] memory_prepare            | PTHREAD         | Succeed    | 0.451s | deps: build_tree, task_queue, torch_op
[2026-09-11-15:52:51.256] [INFO] [AscendProfiler_ProfilingParser:478] analyze                   | SUB_PROCESS     | Succeed    | 1.118s | deps: timeline
[2026-09-11-15:52:51.256] [INFO] [AscendProfiler_ProfilingParser:478] operator                  | SUB_PROCESS     | Succeed    | 1.194s | deps: build_tree, timeline, relation, torch_op
[2026-09-11-15:52:51.256] [INFO] [AscendProfiler_ProfilingParser:478] trace                     | SUB_PROCESS     | Succeed    | 2.764s | deps: build_tree, trace_prepare, timeline, task_queue, torch_op
[2026-09-11-15:52:51.256] [INFO] [AscendProfiler_ProfilingParser:478] kernel                    | SUB_PROCESS     | Succeed    | 0.673s | deps: build_tree, export, relation
[2026-09-11-15:52:51.256] [INFO] [AscendProfiler_ProfilingParser:478] step_time                 | SUB_PROCESS     | Succeed    | 1.669s | deps: build_tree, timeline, relation, torch_op
[2026-09-11-15:52:51.256] [INFO] [AscendProfiler_ProfilingParser:478] memory                    | SUB_PROCESS     | Succeed    | 0.309s | deps: export, memory_prepare
[2026-09-11-15:52:51.256] [INFO] [AscendProfiler_ProfilingParser:478] integrate                 | SUB_PROCESS     | Succeed    | 0.477s | deps: export
[2026-09-11-15:52:51.256] [INFO] [AscendProfiler_ProfilingParser:478] communication             | SUB_PROCESS     | Succeed    | 0.165s | deps: build_tree, analyze, relation
[2026-09-11-15:52:51.256] [INFO] [AscendProfiler_ProfilingParser:478] db_prepare                | PTHREAD         | Succeed    | 1.637s | deps: torch_op, task_queue
[2026-09-11-15:52:51.256] [INFO] [AscendProfiler_ProfilingParser:478] torch_db                  | PTHREAD         | Succeed    | 2.048s | deps: export, memory_prepare, build_tree, analyze, db_prepare
