[2026-09-11-15:49:39.063] [INFO] [AscendProfiler_ProfilingParser:97] Profiler logger initialized at: /root/minigpt-v09/runs/v09_a3_compact_736dd7b/points/batching-short-tp8-b1/attempt-000/output/profiler/rank_007/rank_007_3678072_20260911154935876_ascend_pt/logs/profiler_20260911154939_3679196_ProfilingParser.log
[2026-09-11-15:49:39.106] [INFO] [AscendProfiler_ProfilingParser:100] TorchOpParser start.
[2026-09-11-15:49:39.107] [INFO] [AscendProfiler_ProfilingParser:82] TaskQueueParser start.
[2026-09-11-15:49:39.189] [INFO] [AscendProfiler_ProfilingParser:208] CANNTimelineParser start.
[2026-09-11-15:49:40.141] [INFO] [AscendProfiler_ProfilingParser:106] TorchOpParser finish.
[2026-09-11-15:49:40.352] [INFO] [AscendProfiler_ProfilingParser:88] TaskQueueParser finish.
[2026-09-11-15:49:40.353] [INFO] [AscendProfiler_ProfilingParser:118] DbPreParser start.
[2026-09-11-15:49:40.353] [INFO] [AscendProfiler_ProfilingParser:62] TreeBuildParser start.
[2026-09-11-15:49:41.413] [INFO] [AscendProfiler_ProfilingParser:70] TreeBuildParser finish.
[2026-09-11-15:49:41.450] [INFO] [AscendProfiler_ProfilingParser:62] MemoryPrepareParser start.
[2026-09-11-15:49:41.763] [INFO] [AscendProfiler_ProfilingParser:75] MemoryPrepareParser finish.
[2026-09-11-15:49:41.852] [INFO] [AscendProfiler_ProfilingParser:129] DbPreParser finish.
[2026-09-11-15:49:48.039] [INFO] [AscendProfiler_ProfilingParser:218] CANNTimelineParser finish.
[2026-09-11-15:49:48.102] [INFO] [AscendProfiler_ProfilingParser:31] RelationParser start.
[2026-09-11-15:49:49.592] [INFO] [AscendProfiler_ProfilingParser:40] DbParser start.
[2026-09-11-15:49:50.123] [INFO] [AscendProfiler_ProfilingParser:27] BasicDbParser start.
[2026-09-11-15:49:50.146] [INFO] [AscendProfiler_ProfilingParser:38] RelationParser finish.
[2026-09-11-15:49:50.396] [INFO] [AscendProfiler_ProfilingParser:40] BasicDbParser finish.
[2026-09-11-15:49:50.397] [INFO] [AscendProfiler_ProfilingParser:31] FwkApiDbParser start.
[2026-09-11-15:49:50.397] [INFO] [AscendProfiler_ProfilingParser:36] FwkApiDbParser get fwk api data finish.
[2026-09-11-15:49:50.712] [INFO] [AscendProfiler_ProfilingParser:38] FwkApiDbParser get api data for db finish.
[2026-09-11-15:49:51.355] [INFO] [AscendProfiler_ProfilingParser:40] FwkApiDbParser save api data to db finish.
[2026-09-11-15:49:51.356] [INFO] [AscendProfiler_ProfilingParser:44] FwkApiDbParser finish.
[2026-09-11-15:49:51.360] [INFO] [AscendProfiler_ProfilingParser:82] MemoryDbParser start.
[2026-09-11-15:49:51.361] [INFO] [AscendProfiler_ProfilingParser:95] MemoryDbParser finish.
[2026-09-11-15:49:51.361] [INFO] [AscendProfiler_ProfilingParser:33] GCRecordDbParser start.
[2026-09-11-15:49:51.362] [INFO] [AscendProfiler_ProfilingParser:41] GCRecordDbParser finish.
[2026-09-11-15:49:51.362] [INFO] [AscendProfiler_ProfilingParser:36] StepInfoDbParser start.
[2026-09-11-15:49:51.714] [INFO] [AscendProfiler_ProfilingParser:43] StepInfoDbParser finish.
[2026-09-11-15:49:51.714] [INFO] [AscendProfiler_ProfilingParser:80] CommunicationDbParser start.
[2026-09-11-15:49:51.761] [INFO] [AscendProfiler_ProfilingParser:88] CommunicationDbParser finish.
[2026-09-11-15:49:51.762] [INFO] [AscendProfiler_ProfilingParser:74] TraceStepTimeDbParser start.
[2026-09-11-15:49:51.966] [INFO] [AscendProfiler_ProfilingParser:83] TraceStepTimeDbParser finish.
[2026-09-11-15:49:51.966] [INFO] [AscendProfiler_ProfilingParser:64] DbParser finish.
[2026-09-11-15:49:52.502] [INFO] [AscendProfiler_ProfilingParser:473] ============================================================
[2026-09-11-15:49:52.502] [INFO] [AscendProfiler_ProfilingParser:474] Task execution completed
[2026-09-11-15:49:52.502] [INFO] [AscendProfiler_ProfilingParser:475] ============================================================
[2026-09-11-15:49:52.502] [INFO] [AscendProfiler_ProfilingParser:478] torch_op                  | PTHREAD         | Succeed    | 1.057s | deps: None
[2026-09-11-15:49:52.503] [INFO] [AscendProfiler_ProfilingParser:478] task_queue                | PTHREAD         | Succeed    | 1.246s | deps: None
[2026-09-11-15:49:52.503] [INFO] [AscendProfiler_ProfilingParser:478] trace_prepare             | SUB_PROCESS     | Succeed    | 2.231s | deps: torch_op, task_queue
[2026-09-11-15:49:52.503] [INFO] [AscendProfiler_ProfilingParser:478] build_tree                | PTHREAD         | Succeed    | 1.071s | deps: torch_op, task_queue
[2026-09-11-15:49:52.503] [INFO] [AscendProfiler_ProfilingParser:478] export                    | SUB_PROCESS     | Succeed    | 10.199s | deps: None
[2026-09-11-15:49:52.503] [INFO] [AscendProfiler_ProfilingParser:478] timeline                  | PTHREAD|NON_BLOCKING | Succeed    | 8.852s | deps: None
[2026-09-11-15:49:52.503] [INFO] [AscendProfiler_ProfilingParser:478] relation                  | PTHREAD         | Succeed    | 2.045s | deps: task_queue, timeline
[2026-09-11-15:49:52.503] [INFO] [AscendProfiler_ProfilingParser:478] memory_prepare            | PTHREAD         | Succeed    | 0.355s | deps: build_tree, task_queue, torch_op
[2026-09-11-15:49:52.503] [INFO] [AscendProfiler_ProfilingParser:478] analyze                   | SUB_PROCESS     | Succeed    | 1.094s | deps: timeline
[2026-09-11-15:49:52.503] [INFO] [AscendProfiler_ProfilingParser:478] operator                  | SUB_PROCESS     | Succeed    | 1.066s | deps: build_tree, timeline, relation, torch_op
[2026-09-11-15:49:52.503] [INFO] [AscendProfiler_ProfilingParser:478] trace                     | SUB_PROCESS     | Succeed    | 3.483s | deps: build_tree, trace_prepare, timeline, task_queue, torch_op
[2026-09-11-15:49:52.503] [INFO] [AscendProfiler_ProfilingParser:478] kernel                    | SUB_PROCESS     | Succeed    | 0.683s | deps: build_tree, export, relation
[2026-09-11-15:49:52.503] [INFO] [AscendProfiler_ProfilingParser:478] step_time                 | SUB_PROCESS     | Succeed    | 1.571s | deps: build_tree, timeline, relation, torch_op
[2026-09-11-15:49:52.503] [INFO] [AscendProfiler_ProfilingParser:478] memory                    | SUB_PROCESS     | Succeed    | 0.152s | deps: export, memory_prepare
[2026-09-11-15:49:52.503] [INFO] [AscendProfiler_ProfilingParser:478] integrate                 | SUB_PROCESS     | Succeed    | 0.423s | deps: export
[2026-09-11-15:49:52.503] [INFO] [AscendProfiler_ProfilingParser:478] communication             | SUB_PROCESS     | Succeed    | 0.246s | deps: build_tree, analyze, relation
[2026-09-11-15:49:52.503] [INFO] [AscendProfiler_ProfilingParser:478] db_prepare                | PTHREAD         | Succeed    | 1.500s | deps: torch_op, task_queue
[2026-09-11-15:49:52.503] [INFO] [AscendProfiler_ProfilingParser:478] torch_db                  | PTHREAD         | Succeed    | 2.393s | deps: export, memory_prepare, build_tree, analyze, db_prepare
